Archive member included to satisfy reference by file (symbol)

/usr/lib/gcc/arm-none-eabi/10.3.1/thumb/v6-m/nofp/libgcc.a(_dvmd_tls.o)
                              CMakeFiles/PressureSensor.dir/opt/pico-sdk/src/rp2_common/pico_divider/divider.S.obj (__aeabi_idiv0)
/usr/lib/gcc/arm-none-eabi/10.3.1/../../../arm-none-eabi/lib/thumb/v6-m/nofp/libg.a(lib_a-atexit.o)
                              /usr/lib/gcc/arm-none-eabi/10.3.1/../../../arm-none-eabi/lib/thumb/v6-m/nofp/crt0.o (atexit)
/usr/lib/gcc/arm-none-eabi/10.3.1/../../../arm-none-eabi/lib/thumb/v6-m/nofp/libg.a(lib_a-calloc.o)
                              CMakeFiles/PressureSensor.dir/opt/pico-sdk/src/rp2_common/pico_malloc/pico_malloc.c.obj (calloc)
/usr/lib/gcc/arm-none-eabi/10.3.1/../../../arm-none-eabi/lib/thumb/v6-m/nofp/libg.a(lib_a-callocr.o)
                              /usr/lib/gcc/arm-none-eabi/10.3.1/../../../arm-none-eabi/lib/thumb/v6-m/nofp/libg.a(lib_a-calloc.o) (_calloc_r)
/usr/lib/gcc/arm-none-eabi/10.3.1/../../../arm-none-eabi/lib/thumb/v6-m/nofp/libg.a(lib_a-fini.o)
                              /usr/lib/gcc/arm-none-eabi/10.3.1/../../../arm-none-eabi/lib/thumb/v6-m/nofp/crt0.o (__libc_fini_array)
/usr/lib/gcc/arm-none-eabi/10.3.1/../../../arm-none-eabi/lib/thumb/v6-m/nofp/libg.a(lib_a-impure.o)
                              /usr/lib/gcc/arm-none-eabi/10.3.1/../../../arm-none-eabi/lib/thumb/v6-m/nofp/libg.a(lib_a-calloc.o) (_impure_ptr)
/usr/lib/gcc/arm-none-eabi/10.3.1/../../../arm-none-eabi/lib/thumb/v6-m/nofp/libg.a(lib_a-init.o)
                              /usr/lib/gcc/arm-none-eabi/10.3.1/../../../arm-none-eabi/lib/thumb/v6-m/nofp/crt0.o (__libc_init_array)
/usr/lib/gcc/arm-none-eabi/10.3.1/../../../arm-none-eabi/lib/thumb/v6-m/nofp/libg.a(lib_a-malloc.o)
                              CMakeFiles/PressureSensor.dir/opt/pico-sdk/src/rp2_common/pico_malloc/pico_malloc.c.obj (malloc)
/usr/lib/gcc/arm-none-eabi/10.3.1/../../../arm-none-eabi/lib/thumb/v6-m/nofp/libg.a(lib_a-mallocr.o)
                              /usr/lib/gcc/arm-none-eabi/10.3.1/../../../arm-none-eabi/lib/thumb/v6-m/nofp/libg.a(lib_a-callocr.o) (_malloc_r)
/usr/lib/gcc/arm-none-eabi/10.3.1/../../../arm-none-eabi/lib/thumb/v6-m/nofp/libg.a(lib_a-mlock.o)
                              /usr/lib/gcc/arm-none-eabi/10.3.1/../../../arm-none-eabi/lib/thumb/v6-m/nofp/libg.a(lib_a-mallocr.o) (__malloc_lock)
/usr/lib/gcc/arm-none-eabi/10.3.1/../../../arm-none-eabi/lib/thumb/v6-m/nofp/libg.a(lib_a-realloc.o)
                              CMakeFiles/PressureSensor.dir/opt/pico-sdk/src/rp2_common/pico_malloc/pico_malloc.c.obj (realloc)
/usr/lib/gcc/arm-none-eabi/10.3.1/../../../arm-none-eabi/lib/thumb/v6-m/nofp/libg.a(lib_a-reallocr.o)
                              /usr/lib/gcc/arm-none-eabi/10.3.1/../../../arm-none-eabi/lib/thumb/v6-m/nofp/libg.a(lib_a-realloc.o) (_realloc_r)
/usr/lib/gcc/arm-none-eabi/10.3.1/../../../arm-none-eabi/lib/thumb/v6-m/nofp/libg.a(lib_a-sbrkr.o)
                              /usr/lib/gcc/arm-none-eabi/10.3.1/../../../arm-none-eabi/lib/thumb/v6-m/nofp/libg.a(lib_a-mallocr.o) (_sbrk_r)
/usr/lib/gcc/arm-none-eabi/10.3.1/../../../arm-none-eabi/lib/thumb/v6-m/nofp/libg.a(lib_a-strlen-stub.o)
                              CMakeFiles/PressureSensor.dir/opt/pico-sdk/src/rp2_common/pico_stdio/stdio.c.obj (strlen)
/usr/lib/gcc/arm-none-eabi/10.3.1/../../../arm-none-eabi/lib/thumb/v6-m/nofp/libg.a(lib_a-__atexit.o)
                              /usr/lib/gcc/arm-none-eabi/10.3.1/../../../arm-none-eabi/lib/thumb/v6-m/nofp/libg.a(lib_a-atexit.o) (__register_exitproc)
/usr/lib/gcc/arm-none-eabi/10.3.1/../../../arm-none-eabi/lib/thumb/v6-m/nofp/libg.a(lib_a-freer.o)
                              /usr/lib/gcc/arm-none-eabi/10.3.1/../../../arm-none-eabi/lib/thumb/v6-m/nofp/libg.a(lib_a-malloc.o) (_free_r)
/usr/lib/gcc/arm-none-eabi/10.3.1/../../../arm-none-eabi/lib/thumb/v6-m/nofp/libg.a(lib_a-memmove.o)
                              /usr/lib/gcc/arm-none-eabi/10.3.1/../../../arm-none-eabi/lib/thumb/v6-m/nofp/libg.a(lib_a-reallocr.o) (memmove)
/usr/lib/gcc/arm-none-eabi/10.3.1/../../../arm-none-eabi/lib/thumb/v6-m/nofp/libg.a(lib_a-reent.o)
                              /usr/lib/gcc/arm-none-eabi/10.3.1/../../../arm-none-eabi/lib/thumb/v6-m/nofp/libg.a(lib_a-sbrkr.o) (errno)

Discarded input sections

 .text          0x0000000000000000        0x0 /usr/lib/gcc/arm-none-eabi/10.3.1/thumb/v6-m/nofp/crti.o
 .data          0x0000000000000000        0x0 /usr/lib/gcc/arm-none-eabi/10.3.1/thumb/v6-m/nofp/crti.o
 .bss           0x0000000000000000        0x0 /usr/lib/gcc/arm-none-eabi/10.3.1/thumb/v6-m/nofp/crti.o
 .data          0x0000000000000000        0x4 /usr/lib/gcc/arm-none-eabi/10.3.1/thumb/v6-m/nofp/crtbegin.o
 .rodata        0x0000000000000000       0x24 /usr/lib/gcc/arm-none-eabi/10.3.1/thumb/v6-m/nofp/crtbegin.o
 .fini_array    0x0000000000000000        0x4 /usr/lib/gcc/arm-none-eabi/10.3.1/thumb/v6-m/nofp/crtbegin.o
[...]
Memory Configuration

Name             Origin             Length             Attributes
FLASH            0x0000000010000000 0x0000000000200000 xr
RAM              0x0000000020000000 0x0000000000040000 xrw
SCRATCH_X        0x0000000020040000 0x0000000000001000 xrw
SCRATCH_Y        0x0000000020041000 0x0000000000001000 xrw
*default*        0x0000000000000000 0xffffffffffffffff

Linker script and memory map

LOAD /usr/lib/gcc/arm-none-eabi/10.3.1/thumb/v6-m/nofp/crti.o
LOAD /usr/lib/gcc/arm-none-eabi/10.3.1/thumb/v6-m/nofp/crtbegin.o
LOAD /usr/lib/gcc/arm-none-eabi/10.3.1/../../../arm-none-eabi/lib/thumb/v6-m/nofp/crt0.o

.flash_begin    0x0000000010000000        0x0
                0x0000000010000000                __flash_binary_start = .

.boot2          0x0000000010000000      0x100
                0x0000000010000000                __boot2_start__ = .
 *(.boot2)
 .boot2         0x0000000010000000      0x100 /tmp/cc2Vu7BR.o
                0x0000000010000100                __boot2_end__ = .
                0x0000000000000001                ASSERT (((__boot2_end__ - __boot2_start__) == 0x100), ERROR: Pico second stage bootloader must be 256 bytes in size)

.text           0x0000000010000100     0x6b60
                0x0000000010000100                __logical_binary_start = .
 *(.vectors)
 .vectors       0x0000000010000100       0xd4 CMakeFiles/PressureSensor.dir/opt/pico-sdk/src/rp2_common/pico_standard_link/crt0.S.obj
                0x0000000010000100                __vectors
                0x0000000010000100                __VECTOR_TABLE
                0x00000000100001c0                isr_invalid
                0x00000000100001c0                __default_isrs_start
                0x00000000100001c2                isr_nmi
                0x00000000100001c4                isr_hardfault
                0x00000000100001c6                isr_svcall
                0x00000000100001c8                isr_pendsv
                0x00000000100001ca                isr_systick
                0x00000000100001cc                isr_irq30
                0x00000000100001cc                __unhandled_user_irq
                0x00000000100001cc                isr_irq13
                0x00000000100001cc                isr_irq27
                0x00000000100001cc                isr_irq31
                0x00000000100001cc                isr_irq5
                0x00000000100001cc                isr_irq11
                0x00000000100001cc                isr_irq23
                0x00000000100001cc                isr_irq18
                0x00000000100001cc                isr_irq28
                0x00000000100001cc                isr_irq19
                0x00000000100001cc                isr_irq0
                0x00000000100001cc                isr_irq6
                0x00000000100001cc                isr_irq22
                0x00000000100001cc                isr_irq17
                0x00000000100001cc                isr_irq14
                0x00000000100001cc                isr_irq2
                0x00000000100001cc                isr_irq10
                0x00000000100001cc                isr_irq8
                0x00000000100001cc                isr_irq24
                0x00000000100001cc                isr_irq1
                0x00000000100001cc                isr_irq7
                0x00000000100001cc                isr_irq21
                0x00000000100001cc                isr_irq20
                0x00000000100001cc                isr_irq15
                0x00000000100001cc                isr_irq25
                0x00000000100001cc                isr_irq4
                0x00000000100001cc                isr_irq16
                0x00000000100001cc                isr_irq29
                0x00000000100001cc                isr_irq26
                0x00000000100001cc                __default_isrs_end
                0x00000000100001cc                isr_irq3
                0x00000000100001cc                isr_irq12
                0x00000000100001cc                isr_irq9
                0x00000000100001d2                unhandled_user_irq_num_in_r0
 *(.binary_info_header)
 .binary_info_header
                0x00000000100001d4       0x14 CMakeFiles/PressureSensor.dir/opt/pico-sdk/src/rp2_common/pico_standard_link/crt0.S.obj
                0x00000000100001e8                __binary_info_header_end = .
 *(.reset)
 .reset         0x00000000100001e8       0xa0 CMakeFiles/PressureSensor.dir/opt/pico-sdk/src/rp2_common/pico_standard_link/crt0.S.obj
                0x00000000100001e8                _entry_point
 .reset         0x0000000010000288       0x30 CMakeFiles/PressureSensor.dir/opt/pico-sdk/src/rp2_common/pico_standard_link/binary_info.c.obj
 *(.init)
 .init          0x00000000100002b8        0x4 /usr/lib/gcc/arm-none-eabi/10.3.1/thumb/v6-m/nofp/crti.o
                0x00000000100002b8                _init
 *(EXCLUDE_FILE(*libm.a: *libc.a:*lib_a-mem*.o *libgcc.a:) .text*)
 .text          0x00000000100002bc       0x98 /usr/lib/gcc/arm-none-eabi/10.3.1/thumb/v6-m/nofp/crtbegin.o
 .text.main     0x0000000010000354       0x40 CMakeFiles/PressureSensor.dir/src/main.cpp.obj
                0x0000000010000354                main
 .text.running_on_fpga
                0x0000000010000394       0x14 CMakeFiles/PressureSensor.dir/opt/pico-sdk/src/rp2_common/pico_platform/platform.c.obj
                0x0000000010000394                running_on_fpga
 .text.hw_claim_lock
                0x00000000100003a8       0x18 CMakeFiles/PressureSensor.dir/opt/pico-sdk/src/rp2_common/hardware_claim/claim.c.obj
                0x00000000100003a8                hw_claim_lock
 .text.hw_claim_unlock
                0x00000000100003c0       0x14 CMakeFiles/PressureSensor.dir/opt/pico-sdk/src/rp2_common/hardware_claim/claim.c.obj
                0x00000000100003c0                hw_claim_unlock
 .text.hw_claim_or_assert
                0x00000000100003d4       0x32 CMakeFiles/PressureSensor.dir/opt/pico-sdk/src/rp2_common/hardware_claim/claim.c.obj
                0x00000000100003d4                hw_claim_or_assert
 .text.hw_claim_unused_from_range
                0x0000000010000406       0x50 CMakeFiles/PressureSensor.dir/opt/pico-sdk/src/rp2_common/hardware_claim/claim.c.obj
                0x0000000010000406                hw_claim_unused_from_range
 *fill*         0x0000000010000456        0x2 
 .text.spin_locks_reset
                0x0000000010000458       0x20 CMakeFiles/PressureSensor.dir/opt/pico-sdk/src/rp2_common/hardware_sync/sync.c.obj
                0x0000000010000458                spin_locks_reset
 .text.next_striped_spin_lock_num
                0x0000000010000478       0x1c CMakeFiles/PressureSensor.dir/opt/pico-sdk/src/rp2_common/hardware_sync/sync.c.obj
                0x0000000010000478                next_striped_spin_lock_num
 .text.spin_lock_claim_unused
                0x0000000010000494       0x20 CMakeFiles/PressureSensor.dir/opt/pico-sdk/src/rp2_common/hardware_sync/sync.c.obj
                0x0000000010000494                spin_lock_claim_unused
 .text.set_raw_irq_handler_and_unlock
                0x00000000100004b4       0x28 CMakeFiles/PressureSensor.dir/opt/pico-sdk/src/rp2_common/hardware_irq/irq.c.obj
 .text.make_branch
                0x00000000100004dc       0x48 CMakeFiles/PressureSensor.dir/opt/pico-sdk/src/rp2_common/hardware_irq/irq.c.obj
 .text.insert_branch_and_link
                0x0000000010000524       0x40 CMakeFiles/PressureSensor.dir/opt/pico-sdk/src/rp2_common/hardware_irq/irq.c.obj
 .text.irq_is_enabled
                0x0000000010000564       0x18 CMakeFiles/PressureSensor.dir/opt/pico-sdk/src/rp2_common/hardware_irq/irq.c.obj
                0x0000000010000564                irq_is_enabled
 .text.irq_set_mask_enabled
                0x000000001000057c       0x20 CMakeFiles/PressureSensor.dir/opt/pico-sdk/src/rp2_common/hardware_irq/irq.c.obj
                0x000000001000057c                irq_set_mask_enabled
 .text.irq_set_enabled
                0x000000001000059c        0xe CMakeFiles/PressureSensor.dir/opt/pico-sdk/src/rp2_common/hardware_irq/irq.c.obj
                0x000000001000059c                irq_set_enabled
 *fill*         0x00000000100005aa        0x2 
 .text.irq_set_pending
                0x00000000100005ac       0x10 CMakeFiles/PressureSensor.dir/opt/pico-sdk/src/rp2_common/hardware_irq/irq.c.obj
                0x00000000100005ac                irq_set_pending
 .text.irq_get_vtable_handler
                0x00000000100005bc       0x10 CMakeFiles/PressureSensor.dir/opt/pico-sdk/src/rp2_common/hardware_irq/irq.c.obj
                0x00000000100005bc                irq_get_vtable_handler
 .text.irq_has_shared_handler
                0x00000000100005cc       0x24 CMakeFiles/PressureSensor.dir/opt/pico-sdk/src/rp2_common/hardware_irq/irq.c.obj
                0x00000000100005cc                irq_has_shared_handler
 .text.irq_set_exclusive_handler
                0x00000000100005f0       0x54 CMakeFiles/PressureSensor.dir/opt/pico-sdk/src/rp2_common/hardware_irq/irq.c.obj
                0x00000000100005f0                irq_set_exclusive_handler
 .text.irq_add_shared_handler
                0x0000000010000644      0x234 CMakeFiles/PressureSensor.dir/opt/pico-sdk/src/rp2_common/hardware_irq/irq.c.obj
                0x0000000010000644                irq_add_shared_handler
 .text.irq_remove_handler
                0x0000000010000878      0x1ac CMakeFiles/PressureSensor.dir/opt/pico-sdk/src/rp2_common/hardware_irq/irq.c.obj
                0x0000000010000878                irq_remove_handler
 .text.irq_add_tail_to_free_list
                0x0000000010000a24       0xf0 CMakeFiles/PressureSensor.dir/opt/pico-sdk/src/rp2_common/hardware_irq/irq.c.obj
                0x0000000010000a24                irq_add_tail_to_free_list
 .text.irq_init_priorities
                0x0000000010000b14       0x1c CMakeFiles/PressureSensor.dir/opt/pico-sdk/src/rp2_common/hardware_irq/irq.c.obj
                0x0000000010000b14                irq_init_priorities
 .text.user_irq_claim_unused
                0x0000000010000b30       0x28 CMakeFiles/PressureSensor.dir/opt/pico-sdk/src/rp2_common/hardware_irq/irq.c.obj
                0x0000000010000b30                user_irq_claim_unused
 .text.lock_init
                0x0000000010000b58       0x10 CMakeFiles/PressureSensor.dir/opt/pico-sdk/src/common/pico_sync/lock_core.c.obj
                0x0000000010000b58                lock_init
 .text.mutex_init
                0x0000000010000b68       0x1a CMakeFiles/PressureSensor.dir/opt/pico-sdk/src/common/pico_sync/mutex.c.obj
                0x0000000010000b68                mutex_init
 .text.recursive_mutex_init
                0x0000000010000b82       0x1e CMakeFiles/PressureSensor.dir/opt/pico-sdk/src/common/pico_sync/mutex.c.obj
                0x0000000010000b82                recursive_mutex_init
 .text.critical_section_init_with_lock_num
                0x0000000010000ba0       0x14 CMakeFiles/PressureSensor.dir/opt/pico-sdk/src/common/pico_sync/critical_section.c.obj
                0x0000000010000ba0                critical_section_init_with_lock_num
 .text.critical_section_init
                0x0000000010000bb4       0x14 CMakeFiles/PressureSensor.dir/opt/pico-sdk/src/common/pico_sync/critical_section.c.obj
                0x0000000010000bb4                critical_section_init
 .text.alarm_pool_post_alloc_init
                0x0000000010000bc8       0x40 CMakeFiles/PressureSensor.dir/opt/pico-sdk/src/common/pico_time/time.c.obj
 .text.sleep_until_callback
                0x0000000010000c08       0x30 CMakeFiles/PressureSensor.dir/opt/pico-sdk/src/common/pico_time/time.c.obj
 .text.timer_pool_entry_comparator
                0x0000000010000c38       0x7c CMakeFiles/PressureSensor.dir/opt/pico-sdk/src/common/pico_time/time.c.obj
                0x0000000010000c38                timer_pool_entry_comparator
 .text.ph_add_child_node
                0x0000000010000cb4       0xa4 CMakeFiles/PressureSensor.dir/opt/pico-sdk/src/common/pico_time/time.c.obj
 .text.ph_merge_nodes
                0x0000000010000d58       0x3e CMakeFiles/PressureSensor.dir/opt/pico-sdk/src/common/pico_time/time.c.obj
 *fill*         0x0000000010000d96        0x2 
 .text.add_alarm_under_lock
                0x0000000010000d98      0x174 CMakeFiles/PressureSensor.dir/opt/pico-sdk/src/common/pico_time/time.c.obj
 .text.alarm_pool_alarm_callback
                0x0000000010000f0c      0x33c CMakeFiles/PressureSensor.dir/opt/pico-sdk/src/common/pico_time/time.c.obj
 .text.alarm_pool_init_default
                0x0000000010001248       0x40 CMakeFiles/PressureSensor.dir/opt/pico-sdk/src/common/pico_time/time.c.obj
                0x0000000010001248                alarm_pool_init_default
 .text.alarm_pool_get_default
                0x0000000010001288       0x2c CMakeFiles/PressureSensor.dir/opt/pico-sdk/src/common/pico_time/time.c.obj
                0x0000000010001288                alarm_pool_get_default
 .text.alarm_pool_add_alarm_at
                0x00000000100012b4      0x168 CMakeFiles/PressureSensor.dir/opt/pico-sdk/src/common/pico_time/time.c.obj
                0x00000000100012b4                alarm_pool_add_alarm_at
 .text.alarm_pool_cancel_alarm
                0x000000001000141c       0xf8 CMakeFiles/PressureSensor.dir/opt/pico-sdk/src/common/pico_time/time.c.obj
                0x000000001000141c                alarm_pool_cancel_alarm
 .text.alarm_pool_core_num
                0x0000000010001514        0x4 CMakeFiles/PressureSensor.dir/opt/pico-sdk/src/common/pico_time/time.c.obj
                0x0000000010001514                alarm_pool_core_num
 .text.best_effort_wfe_or_timeout
                0x0000000010001518       0xac CMakeFiles/PressureSensor.dir/opt/pico-sdk/src/common/pico_time/time.c.obj
                0x0000000010001518                best_effort_wfe_or_timeout
 .text.hardware_alarm_irq_handler
                0x00000000100015c4       0x90 CMakeFiles/PressureSensor.dir/opt/pico-sdk/src/rp2_common/hardware_timer/timer.c.obj
 .text.hardware_alarm_claim
                0x0000000010001654       0x18 CMakeFiles/PressureSensor.dir/opt/pico-sdk/src/rp2_common/hardware_timer/timer.c.obj
                0x0000000010001654                hardware_alarm_claim
 .text.time_us_64
                0x000000001000166c       0x18 CMakeFiles/PressureSensor.dir/opt/pico-sdk/src/rp2_common/hardware_timer/timer.c.obj
                0x000000001000166c                time_us_64
 .text.hardware_alarm_set_callback
                0x0000000010001684       0x90 CMakeFiles/PressureSensor.dir/opt/pico-sdk/src/rp2_common/hardware_timer/timer.c.obj
                0x0000000010001684                hardware_alarm_set_callback
 .text.hardware_alarm_set_target
                0x0000000010001714       0xe8 CMakeFiles/PressureSensor.dir/opt/pico-sdk/src/rp2_common/hardware_timer/timer.c.obj
                0x0000000010001714                hardware_alarm_set_target
 .text.hardware_alarm_cancel
                0x00000000100017fc       0x40 CMakeFiles/PressureSensor.dir/opt/pico-sdk/src/rp2_common/hardware_timer/timer.c.obj
                0x00000000100017fc                hardware_alarm_cancel
 .text.ph_add_child_node
                0x000000001000183c       0xa4 CMakeFiles/PressureSensor.dir/opt/pico-sdk/src/common/pico_util/pheap.c.obj
 .text.ph_merge_nodes
                0x00000000100018e0       0x3e CMakeFiles/PressureSensor.dir/opt/pico-sdk/src/common/pico_util/pheap.c.obj
 *fill*         0x000000001000191e        0x2 
 .text.ph_clear
                0x0000000010001920       0x70 CMakeFiles/PressureSensor.dir/opt/pico-sdk/src/common/pico_util/pheap.c.obj
                0x0000000010001920                ph_clear
 .text.ph_post_alloc_init
                0x0000000010001990        0xe CMakeFiles/PressureSensor.dir/opt/pico-sdk/src/common/pico_util/pheap.c.obj
                0x0000000010001990                ph_post_alloc_init
 *fill*         0x000000001000199e        0x2 
 .text.ph_merge_two_pass
                0x00000000100019a0       0xa8 CMakeFiles/PressureSensor.dir/opt/pico-sdk/src/common/pico_util/pheap.c.obj
                0x00000000100019a0                ph_merge_two_pass
 .text.ph_remove_any_head
                0x0000000010001a48      0x128 CMakeFiles/PressureSensor.dir/opt/pico-sdk/src/common/pico_util/pheap.c.obj
 .text.ph_remove_head
                0x0000000010001b70       0x14 CMakeFiles/PressureSensor.dir/opt/pico-sdk/src/common/pico_util/pheap.c.obj
                0x0000000010001b70                ph_remove_head
 .text.ph_remove_and_free_node
                0x0000000010001b84       0xf8 CMakeFiles/PressureSensor.dir/opt/pico-sdk/src/common/pico_util/pheap.c.obj
                0x0000000010001b84                ph_remove_and_free_node
 .text.clock_configure
                0x0000000010001c7c      0x108 CMakeFiles/PressureSensor.dir/opt/pico-sdk/src/rp2_common/hardware_clocks/clocks.c.obj
                0x0000000010001c7c                clock_configure
 .text.clocks_init
                0x0000000010001d84      0x100 CMakeFiles/PressureSensor.dir/opt/pico-sdk/src/rp2_common/hardware_clocks/clocks.c.obj
                0x0000000010001d84                clocks_init
 .text.pll_init
                0x0000000010001e84      0x120 CMakeFiles/PressureSensor.dir/opt/pico-sdk/src/rp2_common/hardware_pll/pll.c.obj
                0x0000000010001e84                pll_init
 .text.watchdog_start_tick
                0x0000000010001fa4       0x10 CMakeFiles/PressureSensor.dir/opt/pico-sdk/src/rp2_common/hardware_watchdog/watchdog.c.obj
                0x0000000010001fa4                watchdog_start_tick
 .text.watchdog_update
                0x0000000010001fb4       0x14 CMakeFiles/PressureSensor.dir/opt/pico-sdk/src/rp2_common/hardware_watchdog/watchdog.c.obj
                0x0000000010001fb4                watchdog_update
 .text._watchdog_enable
                0x0000000010001fc8       0x78 CMakeFiles/PressureSensor.dir/opt/pico-sdk/src/rp2_common/hardware_watchdog/watchdog.c.obj
                0x0000000010001fc8                _watchdog_enable
 .text.watchdog_reboot
                0x0000000010002040       0x48 CMakeFiles/PressureSensor.dir/opt/pico-sdk/src/rp2_common/hardware_watchdog/watchdog.c.obj
                0x0000000010002040                watchdog_reboot
 .text.xosc_init
                0x0000000010002088       0x28 CMakeFiles/PressureSensor.dir/opt/pico-sdk/src/rp2_common/hardware_xosc/xosc.c.obj
                0x0000000010002088                xosc_init
 .text._exit    0x00000000100020b0        0x4 CMakeFiles/PressureSensor.dir/opt/pico-sdk/src/rp2_common/pico_runtime/runtime.c.obj
                0x00000000100020b0                _exit
 .text.exit     0x00000000100020b4        0x6 CMakeFiles/PressureSensor.dir/opt/pico-sdk/src/rp2_common/pico_runtime/runtime.c.obj
                0x00000000100020b4                exit
 *fill*         0x00000000100020ba        0x2 
 .text.__assert_func
                0x00000000100020bc       0x3c CMakeFiles/PressureSensor.dir/opt/pico-sdk/src/rp2_common/pico_runtime/runtime.c.obj
                0x00000000100020bc                __assert_func
 .text.runtime_init
                0x00000000100020f8       0xf8 CMakeFiles/PressureSensor.dir/opt/pico-sdk/src/rp2_common/pico_runtime/runtime.c.obj
                0x00000000100020f8                runtime_init
 .text.panic    0x00000000100021f0       0x30 CMakeFiles/PressureSensor.dir/opt/pico-sdk/src/rp2_common/pico_runtime/runtime.c.obj
                0x00000000100021f0                panic
 .text._out_null
                0x0000000010002220        0x2 CMakeFiles/PressureSensor.dir/opt/pico-sdk/src/rp2_common/pico_printf/printf.c.obj
 .text._out_fct
                0x0000000010002222        0xe CMakeFiles/PressureSensor.dir/opt/pico-sdk/src/rp2_common/pico_printf/printf.c.obj
 .text._atoi    0x0000000010002230       0x24 CMakeFiles/PressureSensor.dir/opt/pico-sdk/src/rp2_common/pico_printf/printf.c.obj
 .text._out_rev
                0x0000000010002254       0xae CMakeFiles/PressureSensor.dir/opt/pico-sdk/src/rp2_common/pico_printf/printf.c.obj
 .text._ntoa_format
                0x0000000010002302      0x112 CMakeFiles/PressureSensor.dir/opt/pico-sdk/src/rp2_common/pico_printf/printf.c.obj
 .text._ntoa_long
                0x0000000010002414       0xbc CMakeFiles/PressureSensor.dir/opt/pico-sdk/src/rp2_common/pico_printf/printf.c.obj
 .text._ntoa_long_long
                0x00000000100024d0       0xe2 CMakeFiles/PressureSensor.dir/opt/pico-sdk/src/rp2_common/pico_printf/printf.c.obj
 *fill*         0x00000000100025b2        0x2 
 .text._etoa    0x00000000100025b4      0x414 CMakeFiles/PressureSensor.dir/opt/pico-sdk/src/rp2_common/pico_printf/printf.c.obj
 .text._ftoa    0x00000000100029c8      0x354 CMakeFiles/PressureSensor.dir/opt/pico-sdk/src/rp2_common/pico_printf/printf.c.obj
 .text._vsnprintf
                0x0000000010002d1c      0x624 CMakeFiles/PressureSensor.dir/opt/pico-sdk/src/rp2_common/pico_printf/printf.c.obj
 .text.vfctprintf
                0x0000000010003340       0x20 CMakeFiles/PressureSensor.dir/opt/pico-sdk/src/rp2_common/pico_printf/printf.c.obj
                0x0000000010003340                vfctprintf
 .text          0x0000000010003360       0x10 CMakeFiles/PressureSensor.dir/opt/pico-sdk/src/rp2_common/pico_bit_ops/bit_ops_aeabi.S.obj
 .text.rom_func_lookup
                0x0000000010003370       0x10 CMakeFiles/PressureSensor.dir/opt/pico-sdk/src/rp2_common/pico_bootrom/bootrom.c.obj
                0x0000000010003370                rom_func_lookup
 .text.rom_data_lookup
                0x0000000010003380       0x10 CMakeFiles/PressureSensor.dir/opt/pico-sdk/src/rp2_common/pico_bootrom/bootrom.c.obj
                0x0000000010003380                rom_data_lookup
 .text.rom_funcs_lookup
                0x0000000010003390       0x36 CMakeFiles/PressureSensor.dir/opt/pico-sdk/src/rp2_common/pico_bootrom/bootrom.c.obj
                0x0000000010003390                rom_funcs_lookup
 *fill*         0x00000000100033c6        0x2 
 .text.__wrap___aeabi_idiv
                0x00000000100033c8       0x50 CMakeFiles/PressureSensor.dir/opt/pico-sdk/src/rp2_common/pico_divider/divider.S.obj
                0x00000000100033c8                __wrap___aeabi_idivmod
                0x00000000100033c8                divmod_s32s32
                0x00000000100033c8                div_s32s32
                0x00000000100033c8                __wrap___aeabi_idiv
                0x00000000100033d0                divmod_s32s32_unsafe
                0x00000000100033fc                divmod_s32s32_savestate
 .text.__wrap___aeabi_uidiv
                0x0000000010003418       0x4c CMakeFiles/PressureSensor.dir/opt/pico-sdk/src/rp2_common/pico_divider/divider.S.obj
                0x0000000010003418                __wrap___aeabi_uidiv
                0x0000000010003418                __wrap___aeabi_uidivmod
                0x0000000010003418                div_u32u32
                0x0000000010003418                divmod_u32u32
                0x0000000010003420                divmod_u32u32_unsafe
                0x0000000010003448                divmod_u32u32_savestate
 .text.__wrap___aeabi_ldiv
                0x0000000010003464      0x424 CMakeFiles/PressureSensor.dir/opt/pico-sdk/src/rp2_common/pico_divider/divider.S.obj
                0x0000000010003464                div_s64s64
                0x0000000010003464                divmod_s64s64
                0x0000000010003464                __wrap___aeabi_ldivmod
                0x0000000010003494                div_u64u64
                0x0000000010003494                divmod_u64u64
                0x0000000010003494                __wrap___aeabi_uldivmod
                0x00000000100034a4                divmod_u64u64_savestate
                0x00000000100034c4                divmod_s64s64_unsafe
                0x000000001000354c                divmod_u64u64_unsafe
 .text.__wrap___aeabi_darithmetic
                0x0000000010003888       0x80 CMakeFiles/PressureSensor.dir/opt/pico-sdk/src/rp2_common/pico_double/double_aeabi.S.obj
                0x0000000010003888                __wrap___aeabi_drsub
                0x000000001000388e                __wrap___aeabi_dsub
                0x00000000100038a0                __wrap___aeabi_dadd
                0x00000000100038b2                __wrap___aeabi_ddiv
                0x00000000100038ee                __wrap___aeabi_dmul
 .text.__wrap___aeabi_cdcmple
                0x0000000010003908       0x6c CMakeFiles/PressureSensor.dir/opt/pico-sdk/src/rp2_common/pico_double/double_aeabi.S.obj
                0x0000000010003908                __wrap___aeabi_cdrcmple
                0x0000000010003918                __wrap___aeabi_cdcmple
                0x0000000010003918                __wrap___aeabi_cdcmpeq
 .text.__wrap___aeabi_dcmplt
                0x0000000010003974        0xc CMakeFiles/PressureSensor.dir/opt/pico-sdk/src/rp2_common/pico_double/double_aeabi.S.obj
                0x0000000010003974                __wrap___aeabi_dcmplt
 .text.__wrap___aeabi_dcmple
                0x0000000010003980       0x10 CMakeFiles/PressureSensor.dir/opt/pico-sdk/src/rp2_common/pico_double/double_aeabi.S.obj
                0x0000000010003980                __wrap___aeabi_dcmple
 .text.__wrap___aeabi_dcmpge
                0x0000000010003990       0x10 CMakeFiles/PressureSensor.dir/opt/pico-sdk/src/rp2_common/pico_double/double_aeabi.S.obj
                0x0000000010003990                __wrap___aeabi_dcmpge
 .text.__wrap___aeabi_dcmpgt
                0x00000000100039a0        0xa CMakeFiles/PressureSensor.dir/opt/pico-sdk/src/rp2_common/pico_double/double_aeabi.S.obj
                0x00000000100039a0                __wrap___aeabi_dcmpgt
 .text.__wrap___aeabi_dcmpun
                0x00000000100039aa       0x1c CMakeFiles/PressureSensor.dir/opt/pico-sdk/src/rp2_common/pico_double/double_aeabi.S.obj
                0x00000000100039aa                __wrap___aeabi_dcmpun
 *fill*         0x00000000100039c6        0x2 
 .text.__wrap___aeabi_i2d
                0x00000000100039c8       0x38 CMakeFiles/PressureSensor.dir/opt/pico-sdk/src/rp2_common/pico_double/double_aeabi.S.obj
                0x00000000100039c8                __wrap___aeabi_ui2d
                0x00000000100039d0                __wrap___aeabi_i2d
 .text.__wrap___aeabi_d2iz
                0x0000000010003a00       0x48 CMakeFiles/PressureSensor.dir/opt/pico-sdk/src/rp2_common/pico_double/double_aeabi.S.obj
                0x0000000010003a00                __wrap___aeabi_d2iz
                0x0000000010003a00                double2int_z
 .text.__wrap___aeabi_d2uiz
                0x0000000010003a48       0x18 CMakeFiles/PressureSensor.dir/opt/pico-sdk/src/rp2_common/pico_double/double_aeabi.S.obj
                0x0000000010003a48                double2uint
                0x0000000010003a48                __wrap___aeabi_d2uiz
 .text.__aeabi_double_init
                0x0000000010003a60       0xc8 CMakeFiles/PressureSensor.dir/opt/pico-sdk/src/rp2_common/pico_double/double_init_rom.c.obj
                0x0000000010003a60                __aeabi_double_init
 .text.double_table_shim_on_use_helper
                0x0000000010003b28       0x34 CMakeFiles/PressureSensor.dir/opt/pico-sdk/src/rp2_common/pico_double/double_v1_rom_shim.S.obj
                0x0000000010003b28                double_table_shim_on_use_helper
 .text.__wrap___aeabi_dsub
                0x0000000010003b5c       0x10 CMakeFiles/PressureSensor.dir/opt/pico-sdk/src/rp2_common/pico_double/double_v1_rom_shim.S.obj
                0x0000000010003b5c                drsub_shim
                0x0000000010003b62                dsub_shim
 .text.dadd_shim
                0x0000000010003b6c      0x15c CMakeFiles/PressureSensor.dir/opt/pico-sdk/src/rp2_common/pico_double/double_v1_rom_shim.S.obj
                0x0000000010003b6c                dadd_shim
 .text.dmul_shim
                0x0000000010003cc8      0x15c CMakeFiles/PressureSensor.dir/opt/pico-sdk/src/rp2_common/pico_double/double_v1_rom_shim.S.obj
                0x0000000010003cc8                dmul_shim
 .text.ddiv_shim
                0x0000000010003e24      0x1b0 CMakeFiles/PressureSensor.dir/opt/pico-sdk/src/rp2_common/pico_double/double_v1_rom_shim.S.obj
                0x0000000010003e24                ddiv_shim
 .text.double2uint_shim
                0x0000000010003fd4        0xe CMakeFiles/PressureSensor.dir/opt/pico-sdk/src/rp2_common/pico_double/double_v1_rom_shim.S.obj
                0x0000000010003fd4                double2uint_shim
                0x0000000010003fd6                double2ufix_shim
 *fill*         0x0000000010003fe2        0x2 
 .text.double2uint64_shim
                0x0000000010003fe4       0x70 CMakeFiles/PressureSensor.dir/opt/pico-sdk/src/rp2_common/pico_double/double_v1_rom_shim.S.obj
                0x0000000010003fe4                double2uint64_shim
                0x0000000010003fe6                double2ufix64_shim
                0x0000000010004006                d2fix_a
 .text.dunpacks
                0x0000000010004054       0x3c CMakeFiles/PressureSensor.dir/opt/pico-sdk/src/rp2_common/pico_double/double_v1_rom_shim.S.obj
                0x0000000010004054                dunpacks
 .text.__aeabi_lmul
                0x0000000010004090       0x32 CMakeFiles/PressureSensor.dir/opt/pico-sdk/src/rp2_common/pico_int64_ops/pico_int64_ops_aeabi.S.obj
                0x0000000010004090                __wrap___aeabi_lmul
 *fill*         0x00000000100040c2        0x2 
 .text.__wrap___aeabi_f2d
                0x00000000100040c4       0x14 CMakeFiles/PressureSensor.dir/opt/pico-sdk/src/rp2_common/pico_float/float_aeabi.S.obj
                0x00000000100040c4                __wrap___aeabi_f2d
 .text.__aeabi_float_init
                0x00000000100040d8       0xfc CMakeFiles/PressureSensor.dir/opt/pico-sdk/src/rp2_common/pico_float/float_init_rom.c.obj
                0x00000000100040d8                __aeabi_float_init
 .text.float_table_shim_on_use_helper
                0x00000000100041d4       0x34 CMakeFiles/PressureSensor.dir/opt/pico-sdk/src/rp2_common/pico_float/float_v1_rom_shim.S.obj
                0x00000000100041d4                float_table_shim_on_use_helper
 .text.float2double_shim
                0x0000000010004208       0x30 CMakeFiles/PressureSensor.dir/opt/pico-sdk/src/rp2_common/pico_float/float_v1_rom_shim.S.obj
                0x0000000010004208                float2double_shim
 .text          0x0000000010004238       0x10 CMakeFiles/PressureSensor.dir/opt/pico-sdk/src/rp2_common/pico_mem_ops/mem_ops_aeabi.S.obj
                0x0000000010004238                __aeabi_mem_init
 .text.memset   0x0000000010004248        0xc CMakeFiles/PressureSensor.dir/opt/pico-sdk/src/rp2_common/pico_mem_ops/mem_ops_aeabi.S.obj
                0x0000000010004248                __wrap_memset
 .text.memcpy   0x0000000010004254        0xc CMakeFiles/PressureSensor.dir/opt/pico-sdk/src/rp2_common/pico_mem_ops/mem_ops_aeabi.S.obj
                0x0000000010004254                __wrap___aeabi_memcpy
                0x0000000010004254                __wrap_memcpy
 .text.stdio_out_chars_no_crlf
                0x0000000010004260        0xe CMakeFiles/PressureSensor.dir/opt/pico-sdk/src/rp2_common/pico_stdio/stdio.c.obj
 *fill*         0x000000001000426e        0x2 
 .text.stdio_out_chars_crlf
                0x0000000010004270       0x80 CMakeFiles/PressureSensor.dir/opt/pico-sdk/src/rp2_common/pico_stdio/stdio.c.obj
 .text.stdio_stack_buffer_flush
                0x00000000100042f0       0x44 CMakeFiles/PressureSensor.dir/opt/pico-sdk/src/rp2_common/pico_stdio/stdio.c.obj
 .text.stdio_buffered_printer
                0x0000000010004334       0x20 CMakeFiles/PressureSensor.dir/opt/pico-sdk/src/rp2_common/pico_stdio/stdio.c.obj
 .text.stdout_serialize_begin
                0x0000000010004354       0x5c CMakeFiles/PressureSensor.dir/opt/pico-sdk/src/rp2_common/pico_stdio/stdio.c.obj
                0x0000000010004354                stdout_serialize_begin
 .text.stdout_serialize_end
                0x00000000100043b0       0x10 CMakeFiles/PressureSensor.dir/opt/pico-sdk/src/rp2_common/pico_stdio/stdio.c.obj
                0x00000000100043b0                stdout_serialize_end
 .text.stdio_put_string
                0x00000000100043c0       0x98 CMakeFiles/PressureSensor.dir/opt/pico-sdk/src/rp2_common/pico_stdio/stdio.c.obj
 .text.stdio_set_driver_enabled
                0x0000000010004458       0x2c CMakeFiles/PressureSensor.dir/opt/pico-sdk/src/rp2_common/pico_stdio/stdio.c.obj
                0x0000000010004458                stdio_set_driver_enabled
 .text.stdio_flush
                0x0000000010004484       0x20 CMakeFiles/PressureSensor.dir/opt/pico-sdk/src/rp2_common/pico_stdio/stdio.c.obj
                0x0000000010004484                stdio_flush
 .text.__wrap_puts
                0x00000000100044a4       0x1e CMakeFiles/PressureSensor.dir/opt/pico-sdk/src/rp2_common/pico_stdio/stdio.c.obj
                0x00000000100044a4                __wrap_puts
 *fill*         0x00000000100044c2        0x2 
 .text.__wrap_vprintf
                0x00000000100044c4       0x40 CMakeFiles/PressureSensor.dir/opt/pico-sdk/src/rp2_common/pico_stdio/stdio.c.obj
                0x00000000100044c4                __wrap_vprintf
 .text.__wrap_printf
                0x0000000010004504       0x18 CMakeFiles/PressureSensor.dir/opt/pico-sdk/src/rp2_common/pico_stdio/stdio.c.obj
                0x0000000010004504                __wrap_printf
 .text.stdio_init_all
                0x000000001000451c        0x8 CMakeFiles/PressureSensor.dir/opt/pico-sdk/src/rp2_common/pico_stdio/stdio.c.obj
                0x000000001000451c                stdio_init_all
 .text.resetd_init
                0x0000000010004524        0x2 CMakeFiles/PressureSensor.dir/opt/pico-sdk/src/rp2_common/pico_stdio_usb/reset_interface.c.obj
 *fill*         0x0000000010004526        0x2 
 .text.resetd_reset
                0x0000000010004528        0xc CMakeFiles/PressureSensor.dir/opt/pico-sdk/src/rp2_common/pico_stdio_usb/reset_interface.c.obj
 .text.resetd_open
                0x0000000010004534       0x34 CMakeFiles/PressureSensor.dir/opt/pico-sdk/src/rp2_common/pico_stdio_usb/reset_interface.c.obj
 .text.resetd_xfer_cb
                0x0000000010004568        0x4 CMakeFiles/PressureSensor.dir/opt/pico-sdk/src/rp2_common/pico_stdio_usb/reset_interface.c.obj
 .text.reset_usb_boot
                0x000000001000456c       0x18 CMakeFiles/PressureSensor.dir/opt/pico-sdk/src/rp2_common/pico_stdio_usb/reset_interface.c.obj
 .text.resetd_control_xfer_cb
                0x0000000010004584       0x5c CMakeFiles/PressureSensor.dir/opt/pico-sdk/src/rp2_common/pico_stdio_usb/reset_interface.c.obj
 .text.usbd_app_driver_get_cb
                0x00000000100045e0        0xc CMakeFiles/PressureSensor.dir/opt/pico-sdk/src/rp2_common/pico_stdio_usb/reset_interface.c.obj
                0x00000000100045e0                usbd_app_driver_get_cb
 .text.tud_cdc_line_coding_cb
                0x00000000100045ec       0x28 CMakeFiles/PressureSensor.dir/opt/pico-sdk/src/rp2_common/pico_stdio_usb/reset_interface.c.obj
                0x00000000100045ec                tud_cdc_line_coding_cb
 .text.stdio_usb_set_chars_available_callback
                0x0000000010004614       0x14 CMakeFiles/PressureSensor.dir/opt/pico-sdk/src/rp2_common/pico_stdio_usb/stdio_usb.c.obj
                0x0000000010004614                stdio_usb_set_chars_available_callback
 .text.usb_irq  0x0000000010004628       0x10 CMakeFiles/PressureSensor.dir/opt/pico-sdk/src/rp2_common/pico_stdio_usb/stdio_usb.c.obj
 .text.timer_task
                0x0000000010004638       0x5c CMakeFiles/PressureSensor.dir/opt/pico-sdk/src/rp2_common/pico_stdio_usb/stdio_usb.c.obj
 .text.low_priority_worker_irq
                0x0000000010004694       0xdc CMakeFiles/PressureSensor.dir/opt/pico-sdk/src/rp2_common/pico_stdio_usb/stdio_usb.c.obj
 .text.tud_cdc_rx_cb
                0x0000000010004770       0x20 CMakeFiles/PressureSensor.dir/opt/pico-sdk/src/rp2_common/pico_stdio_usb/stdio_usb.c.obj
                0x0000000010004770                tud_cdc_rx_cb
 .text.stdio_usb_init
                0x0000000010004790      0x11c CMakeFiles/PressureSensor.dir/opt/pico-sdk/src/rp2_common/pico_stdio_usb/stdio_usb.c.obj
                0x0000000010004790                stdio_usb_init
 .text.stdio_usb_connected
                0x00000000100048ac        0xa CMakeFiles/PressureSensor.dir/opt/pico-sdk/src/rp2_common/pico_stdio_usb/stdio_usb.c.obj
                0x00000000100048ac                stdio_usb_connected
 *fill*         0x00000000100048b6        0x2 
 .text.stdio_usb_in_chars
                0x00000000100048b8       0xc4 CMakeFiles/PressureSensor.dir/opt/pico-sdk/src/rp2_common/pico_stdio_usb/stdio_usb.c.obj
                0x00000000100048b8                stdio_usb_in_chars
 .text.stdio_usb_out_chars
                0x000000001000497c      0x114 CMakeFiles/PressureSensor.dir/opt/pico-sdk/src/rp2_common/pico_stdio_usb/stdio_usb.c.obj
 .text.tud_descriptor_device_cb
                0x0000000010004a90        0x8 CMakeFiles/PressureSensor.dir/opt/pico-sdk/src/rp2_common/pico_stdio_usb/stdio_usb_descriptors.c.obj
                0x0000000010004a90                tud_descriptor_device_cb
 .text.tud_descriptor_configuration_cb
                0x0000000010004a98        0x8 CMakeFiles/PressureSensor.dir/opt/pico-sdk/src/rp2_common/pico_stdio_usb/stdio_usb_descriptors.c.obj
                0x0000000010004a98                tud_descriptor_configuration_cb
 .text.tud_descriptor_string_cb
                0x0000000010004aa0       0x6c CMakeFiles/PressureSensor.dir/opt/pico-sdk/src/rp2_common/pico_stdio_usb/stdio_usb_descriptors.c.obj
                0x0000000010004aa0                tud_descriptor_string_cb
 .text._retrieve_unique_id_on_boot
                0x0000000010004b0c       0x10 CMakeFiles/PressureSensor.dir/opt/pico-sdk/src/rp2_common/pico_unique_id/unique_id.c.obj
 .text.pico_get_unique_board_id_string
                0x0000000010004b1c       0x60 CMakeFiles/PressureSensor.dir/opt/pico-sdk/src/rp2_common/pico_unique_id/unique_id.c.obj
                0x0000000010004b1c                pico_get_unique_board_id_string
 .text.flash_get_unique_id
                0x0000000010004b7c       0x46 CMakeFiles/PressureSensor.dir/opt/pico-sdk/src/rp2_common/hardware_flash/flash.c.obj
                0x0000000010004b7c                flash_get_unique_id
 *fill*         0x0000000010004bc2        0x2 
 .text.hw_endpoint_get_by_addr
                0x0000000010004bc4       0x18 CMakeFiles/PressureSensor.dir/opt/pico-sdk/lib/tinyusb/src/portable/raspberrypi/rp2040/dcd_rp2040.c.obj
 .text._hw_endpoint_alloc
                0x0000000010004bdc       0x70 CMakeFiles/PressureSensor.dir/opt/pico-sdk/lib/tinyusb/src/portable/raspberrypi/rp2040/dcd_rp2040.c.obj
 .text.hw_endpoint_init
                0x0000000010004c4c       0x88 CMakeFiles/PressureSensor.dir/opt/pico-sdk/lib/tinyusb/src/portable/raspberrypi/rp2040/dcd_rp2040.c.obj
 .text.hw_endpoint_xfer
                0x0000000010004cd4       0x14 CMakeFiles/PressureSensor.dir/opt/pico-sdk/lib/tinyusb/src/portable/raspberrypi/rp2040/dcd_rp2040.c.obj
 .text.dcd_int_enable
                0x0000000010004ce8       0x2c CMakeFiles/PressureSensor.dir/opt/pico-sdk/lib/tinyusb/src/portable/raspberrypi/rp2040/dcd_rp2040.c.obj
                0x0000000010004ce8                dcd_int_enable
 .text.dcd_set_address
                0x0000000010004d14       0x2c CMakeFiles/PressureSensor.dir/opt/pico-sdk/lib/tinyusb/src/portable/raspberrypi/rp2040/dcd_rp2040.c.obj
                0x0000000010004d14                dcd_set_address
 .text.dcd_connect
                0x0000000010004d40       0x10 CMakeFiles/PressureSensor.dir/opt/pico-sdk/lib/tinyusb/src/portable/raspberrypi/rp2040/dcd_rp2040.c.obj
                0x0000000010004d40                dcd_connect
 .text.dcd_init
                0x0000000010004d50       0x80 CMakeFiles/PressureSensor.dir/opt/pico-sdk/lib/tinyusb/src/portable/raspberrypi/rp2040/dcd_rp2040.c.obj
                0x0000000010004d50                dcd_init
 .text.dcd_edpt0_status_complete
                0x0000000010004dd0       0x1c CMakeFiles/PressureSensor.dir/opt/pico-sdk/lib/tinyusb/src/portable/raspberrypi/rp2040/dcd_rp2040.c.obj
                0x0000000010004dd0                dcd_edpt0_status_complete
 .text.dcd_edpt_open
                0x0000000010004dec       0x40 CMakeFiles/PressureSensor.dir/opt/pico-sdk/lib/tinyusb/src/portable/raspberrypi/rp2040/dcd_rp2040.c.obj
                0x0000000010004dec                dcd_edpt_open
 .text.dcd_edpt_close_all
                0x0000000010004e2c        0x8 CMakeFiles/PressureSensor.dir/opt/pico-sdk/lib/tinyusb/src/portable/raspberrypi/rp2040/dcd_rp2040.c.obj
                0x0000000010004e2c                dcd_edpt_close_all
 .text.dcd_edpt_xfer
                0x0000000010004e34       0x34 CMakeFiles/PressureSensor.dir/opt/pico-sdk/lib/tinyusb/src/portable/raspberrypi/rp2040/dcd_rp2040.c.obj
                0x0000000010004e34                dcd_edpt_xfer
 .text.dcd_edpt_stall
                0x0000000010004e68       0x2c CMakeFiles/PressureSensor.dir/opt/pico-sdk/lib/tinyusb/src/portable/raspberrypi/rp2040/dcd_rp2040.c.obj
                0x0000000010004e68                dcd_edpt_stall
 .text.dcd_edpt_clear_stall
                0x0000000010004e94       0x20 CMakeFiles/PressureSensor.dir/opt/pico-sdk/lib/tinyusb/src/portable/raspberrypi/rp2040/dcd_rp2040.c.obj
                0x0000000010004e94                dcd_edpt_clear_stall
 .text.rp2040_usb_init
                0x0000000010004eb4       0x4c CMakeFiles/PressureSensor.dir/opt/pico-sdk/lib/tinyusb/src/portable/raspberrypi/rp2040/rp2040_usb.c.obj
                0x0000000010004eb4                rp2040_usb_init
 .text.hw_endpoint_xfer_start
                0x0000000010004f00       0x50 CMakeFiles/PressureSensor.dir/opt/pico-sdk/lib/tinyusb/src/portable/raspberrypi/rp2040/rp2040_usb.c.obj
                0x0000000010004f00                hw_endpoint_xfer_start
 .text.configuration_reset
                0x0000000010004f50       0x84 CMakeFiles/PressureSensor.dir/opt/pico-sdk/lib/tinyusb/src/device/usbd.c.obj
 .text.usbd_reset
                0x0000000010004fd4        0xc CMakeFiles/PressureSensor.dir/opt/pico-sdk/lib/tinyusb/src/device/usbd.c.obj
 .text.invoke_class_control
                0x0000000010004fe0       0x1a CMakeFiles/PressureSensor.dir/opt/pico-sdk/lib/tinyusb/src/device/usbd.c.obj
 *fill*         0x0000000010004ffa        0x2 
 .text.process_set_config
                0x0000000010004ffc      0x178 CMakeFiles/PressureSensor.dir/opt/pico-sdk/lib/tinyusb/src/device/usbd.c.obj
 .text.process_get_descriptor
                0x0000000010005174       0xdc CMakeFiles/PressureSensor.dir/opt/pico-sdk/lib/tinyusb/src/device/usbd.c.obj
 .text.tud_mounted
                0x0000000010005250       0x10 CMakeFiles/PressureSensor.dir/opt/pico-sdk/lib/tinyusb/src/device/usbd.c.obj
                0x0000000010005250                tud_mounted
 .text.tud_suspended
                0x0000000010005260       0x10 CMakeFiles/PressureSensor.dir/opt/pico-sdk/lib/tinyusb/src/device/usbd.c.obj
                0x0000000010005260                tud_suspended
 .text.tud_inited
                0x0000000010005270       0x14 CMakeFiles/PressureSensor.dir/opt/pico-sdk/lib/tinyusb/src/device/usbd.c.obj
                0x0000000010005270                tud_inited
 .text.tud_init
                0x0000000010005284       0xcc CMakeFiles/PressureSensor.dir/opt/pico-sdk/lib/tinyusb/src/device/usbd.c.obj
                0x0000000010005284                tud_init
 .text.usbd_defer_func
                0x0000000010005350       0x2a CMakeFiles/PressureSensor.dir/opt/pico-sdk/lib/tinyusb/src/device/usbd.c.obj
                0x0000000010005350                usbd_defer_func
 *fill*         0x000000001000537a        0x2 
 .text.usbd_edpt_open
                0x000000001000537c       0x34 CMakeFiles/PressureSensor.dir/opt/pico-sdk/lib/tinyusb/src/device/usbd.c.obj
                0x000000001000537c                usbd_edpt_open
 .text.usbd_open_edpt_pair
                0x00000000100053b0       0x62 CMakeFiles/PressureSensor.dir/opt/pico-sdk/lib/tinyusb/src/device/usbd.c.obj
                0x00000000100053b0                usbd_open_edpt_pair
 *fill*         0x0000000010005412        0x2 
 .text.usbd_edpt_claim
                0x0000000010005414       0x28 CMakeFiles/PressureSensor.dir/opt/pico-sdk/lib/tinyusb/src/device/usbd.c.obj
                0x0000000010005414                usbd_edpt_claim
 .text.usbd_edpt_release
                0x000000001000543c       0x28 CMakeFiles/PressureSensor.dir/opt/pico-sdk/lib/tinyusb/src/device/usbd.c.obj
                0x000000001000543c                usbd_edpt_release
 .text.usbd_edpt_xfer
                0x0000000010005464       0x78 CMakeFiles/PressureSensor.dir/opt/pico-sdk/lib/tinyusb/src/device/usbd.c.obj
                0x0000000010005464                usbd_edpt_xfer
 .text.usbd_edpt_stall
                0x00000000100054dc       0x48 CMakeFiles/PressureSensor.dir/opt/pico-sdk/lib/tinyusb/src/device/usbd.c.obj
                0x00000000100054dc                usbd_edpt_stall
 .text.usbd_edpt_clear_stall
                0x0000000010005524       0x48 CMakeFiles/PressureSensor.dir/opt/pico-sdk/lib/tinyusb/src/device/usbd.c.obj
                0x0000000010005524                usbd_edpt_clear_stall
 .text.usbd_edpt_stalled
                0x000000001000556c       0x1c CMakeFiles/PressureSensor.dir/opt/pico-sdk/lib/tinyusb/src/device/usbd.c.obj
                0x000000001000556c                usbd_edpt_stalled
 .text.process_control_request
                0x0000000010005588      0x37c CMakeFiles/PressureSensor.dir/opt/pico-sdk/lib/tinyusb/src/device/usbd.c.obj
 .text.tud_task_ext
                0x0000000010005904      0x1b8 CMakeFiles/PressureSensor.dir/opt/pico-sdk/lib/tinyusb/src/device/usbd.c.obj
                0x0000000010005904                tud_task_ext
 .text._data_stage_xact
                0x0000000010005abc       0x58 CMakeFiles/PressureSensor.dir/opt/pico-sdk/lib/tinyusb/src/device/usbd_control.c.obj
 .text.tud_control_status
                0x0000000010005b14       0x38 CMakeFiles/PressureSensor.dir/opt/pico-sdk/lib/tinyusb/src/device/usbd_control.c.obj
                0x0000000010005b14                tud_control_status
 .text.tud_control_xfer
                0x0000000010005b4c       0x74 CMakeFiles/PressureSensor.dir/opt/pico-sdk/lib/tinyusb/src/device/usbd_control.c.obj
                0x0000000010005b4c                tud_control_xfer
 .text.usbd_control_reset
                0x0000000010005bc0       0x14 CMakeFiles/PressureSensor.dir/opt/pico-sdk/lib/tinyusb/src/device/usbd_control.c.obj
                0x0000000010005bc0                usbd_control_reset
 .text.usbd_control_set_complete_callback
                0x0000000010005bd4        0xc CMakeFiles/PressureSensor.dir/opt/pico-sdk/lib/tinyusb/src/device/usbd_control.c.obj
                0x0000000010005bd4                usbd_control_set_complete_callback
 .text.usbd_control_set_request
                0x0000000010005be0       0x1c CMakeFiles/PressureSensor.dir/opt/pico-sdk/lib/tinyusb/src/device/usbd_control.c.obj
                0x0000000010005be0                usbd_control_set_request
 .text.usbd_control_xfer_cb
                0x0000000010005bfc       0xcc CMakeFiles/PressureSensor.dir/opt/pico-sdk/lib/tinyusb/src/device/usbd_control.c.obj
                0x0000000010005bfc                usbd_control_xfer_cb
 .text._prep_out_transaction
                0x0000000010005cc8       0x4a CMakeFiles/PressureSensor.dir/opt/pico-sdk/lib/tinyusb/src/class/cdc/cdc_device.c.obj
 *fill*         0x0000000010005d12        0x2 
 .text.tud_cdc_n_connected
                0x0000000010005d14       0x44 CMakeFiles/PressureSensor.dir/opt/pico-sdk/lib/tinyusb/src/class/cdc/cdc_device.c.obj
                0x0000000010005d14                tud_cdc_n_connected
 .text.tud_cdc_n_available
                0x0000000010005d58       0x18 CMakeFiles/PressureSensor.dir/opt/pico-sdk/lib/tinyusb/src/class/cdc/cdc_device.c.obj
                0x0000000010005d58                tud_cdc_n_available
 .text.tud_cdc_n_read
                0x0000000010005d70       0x28 CMakeFiles/PressureSensor.dir/opt/pico-sdk/lib/tinyusb/src/class/cdc/cdc_device.c.obj
                0x0000000010005d70                tud_cdc_n_read
 .text.tud_cdc_n_write_flush
                0x0000000010005d98       0xb8 CMakeFiles/PressureSensor.dir/opt/pico-sdk/lib/tinyusb/src/class/cdc/cdc_device.c.obj
                0x0000000010005d98                tud_cdc_n_write_flush
 .text.tud_cdc_n_write
                0x0000000010005e50       0x38 CMakeFiles/PressureSensor.dir/opt/pico-sdk/lib/tinyusb/src/class/cdc/cdc_device.c.obj
                0x0000000010005e50                tud_cdc_n_write
 .text.tud_cdc_n_write_available
                0x0000000010005e88       0x1c CMakeFiles/PressureSensor.dir/opt/pico-sdk/lib/tinyusb/src/class/cdc/cdc_device.c.obj
                0x0000000010005e88                tud_cdc_n_write_available
 .text.cdcd_init
                0x0000000010005ea4       0xbc CMakeFiles/PressureSensor.dir/opt/pico-sdk/lib/tinyusb/src/class/cdc/cdc_device.c.obj
                0x0000000010005ea4                cdcd_init
 .text.cdcd_reset
                0x0000000010005f60       0x44 CMakeFiles/PressureSensor.dir/opt/pico-sdk/lib/tinyusb/src/class/cdc/cdc_device.c.obj
                0x0000000010005f60                cdcd_reset
 .text.cdcd_open
                0x0000000010005fa4       0xcc CMakeFiles/PressureSensor.dir/opt/pico-sdk/lib/tinyusb/src/class/cdc/cdc_device.c.obj
                0x0000000010005fa4                cdcd_open
 .text.cdcd_control_xfer_cb
                0x0000000010006070      0x134 CMakeFiles/PressureSensor.dir/opt/pico-sdk/lib/tinyusb/src/class/cdc/cdc_device.c.obj
                0x0000000010006070                cdcd_control_xfer_cb
 .text.cdcd_xfer_cb
                0x00000000100061a4      0x130 CMakeFiles/PressureSensor.dir/opt/pico-sdk/lib/tinyusb/src/class/cdc/cdc_device.c.obj
                0x00000000100061a4                cdcd_xfer_cb
 .text.tusb_init
                0x00000000100062d4        0xa CMakeFiles/PressureSensor.dir/opt/pico-sdk/lib/tinyusb/src/tusb.c.obj
                0x00000000100062d4                tusb_init
 .text.tusb_inited
                0x00000000100062de        0xe CMakeFiles/PressureSensor.dir/opt/pico-sdk/lib/tinyusb/src/tusb.c.obj
                0x00000000100062de                tusb_inited
 .text.tu_edpt_claim
                0x00000000100062ec       0x50 CMakeFiles/PressureSensor.dir/opt/pico-sdk/lib/tinyusb/src/tusb.c.obj
                0x00000000100062ec                tu_edpt_claim
 .text.tu_edpt_release
                0x000000001000633c       0x3c CMakeFiles/PressureSensor.dir/opt/pico-sdk/lib/tinyusb/src/tusb.c.obj
                0x000000001000633c                tu_edpt_release
 .text.tu_edpt_validate
                0x0000000010006378       0x78 CMakeFiles/PressureSensor.dir/opt/pico-sdk/lib/tinyusb/src/tusb.c.obj
                0x0000000010006378                tu_edpt_validate
 .text.tu_edpt_bind_driver
                0x00000000100063f0       0x26 CMakeFiles/PressureSensor.dir/opt/pico-sdk/lib/tinyusb/src/tusb.c.obj
                0x00000000100063f0                tu_edpt_bind_driver
 .text.advance_index
                0x0000000010006416       0x1a CMakeFiles/PressureSensor.dir/opt/pico-sdk/lib/tinyusb/src/common/tusb_fifo.c.obj
 .text._tu_fifo_peek
                0x0000000010006430       0x56 CMakeFiles/PressureSensor.dir/opt/pico-sdk/lib/tinyusb/src/common/tusb_fifo.c.obj
 .text._ff_pull_const_addr
                0x0000000010006486       0x4c CMakeFiles/PressureSensor.dir/opt/pico-sdk/lib/tinyusb/src/common/tusb_fifo.c.obj
 .text._ff_pull_n
                0x00000000100064d2      0x110 CMakeFiles/PressureSensor.dir/opt/pico-sdk/lib/tinyusb/src/common/tusb_fifo.c.obj
 .text._tu_fifo_peek_n
                0x00000000100065e2       0x6a CMakeFiles/PressureSensor.dir/opt/pico-sdk/lib/tinyusb/src/common/tusb_fifo.c.obj
 .text._tu_fifo_read_n
                0x000000001000664c       0x4e CMakeFiles/PressureSensor.dir/opt/pico-sdk/lib/tinyusb/src/common/tusb_fifo.c.obj
 .text._ff_push_const_addr
                0x000000001000669a       0x40 CMakeFiles/PressureSensor.dir/opt/pico-sdk/lib/tinyusb/src/common/tusb_fifo.c.obj
 .text._ff_push_n
                0x00000000100066da      0x10c CMakeFiles/PressureSensor.dir/opt/pico-sdk/lib/tinyusb/src/common/tusb_fifo.c.obj
 .text._tu_fifo_write_n
                0x00000000100067e6       0xf0 CMakeFiles/PressureSensor.dir/opt/pico-sdk/lib/tinyusb/src/common/tusb_fifo.c.obj
 .text.tu_fifo_config
                0x00000000100068d6       0x7c CMakeFiles/PressureSensor.dir/opt/pico-sdk/lib/tinyusb/src/common/tusb_fifo.c.obj
                0x00000000100068d6                tu_fifo_config
 .text.tu_fifo_count
                0x0000000010006952       0x2a CMakeFiles/PressureSensor.dir/opt/pico-sdk/lib/tinyusb/src/common/tusb_fifo.c.obj
                0x0000000010006952                tu_fifo_count
 .text.tu_fifo_empty
                0x000000001000697c       0x10 CMakeFiles/PressureSensor.dir/opt/pico-sdk/lib/tinyusb/src/common/tusb_fifo.c.obj
                0x000000001000697c                tu_fifo_empty
 .text.tu_fifo_full
                0x000000001000698c       0x28 CMakeFiles/PressureSensor.dir/opt/pico-sdk/lib/tinyusb/src/common/tusb_fifo.c.obj
                0x000000001000698c                tu_fifo_full
 .text.tu_fifo_remaining
                0x00000000100069b4       0x2c CMakeFiles/PressureSensor.dir/opt/pico-sdk/lib/tinyusb/src/common/tusb_fifo.c.obj
                0x00000000100069b4                tu_fifo_remaining
 .text.tu_fifo_read
                0x00000000100069e0       0x42 CMakeFiles/PressureSensor.dir/opt/pico-sdk/lib/tinyusb/src/common/tusb_fifo.c.obj
                0x00000000100069e0                tu_fifo_read
 .text.tu_fifo_read_n
                0x0000000010006a22        0xa CMakeFiles/PressureSensor.dir/opt/pico-sdk/lib/tinyusb/src/common/tusb_fifo.c.obj
                0x0000000010006a22                tu_fifo_read_n
 .text.tu_fifo_write
                0x0000000010006a2c       0x64 CMakeFiles/PressureSensor.dir/opt/pico-sdk/lib/tinyusb/src/common/tusb_fifo.c.obj
                0x0000000010006a2c                tu_fifo_write
 .text.tu_fifo_write_n
                0x0000000010006a90        0xa CMakeFiles/PressureSensor.dir/opt/pico-sdk/lib/tinyusb/src/common/tusb_fifo.c.obj
                0x0000000010006a90                tu_fifo_write_n
 .text.tu_fifo_clear
                0x0000000010006a9a       0x3e CMakeFiles/PressureSensor.dir/opt/pico-sdk/lib/tinyusb/src/common/tusb_fifo.c.obj
                0x0000000010006a9a                tu_fifo_clear
 .text.tu_fifo_set_overwritable
                0x0000000010006ad8       0x46 CMakeFiles/PressureSensor.dir/opt/pico-sdk/lib/tinyusb/src/common/tusb_fifo.c.obj
                0x0000000010006ad8                tu_fifo_set_overwritable
 *fill*         0x0000000010006b1e        0x2 
 .text          0x0000000010006b20       0x5c /usr/lib/gcc/arm-none-eabi/10.3.1/../../../arm-none-eabi/lib/thumb/v6-m/nofp/libg.a(lib_a-strlen-stub.o)
                0x0000000010006b20                strlen
 *(.fini)
 .fini          0x0000000010006b7c        0x4 /usr/lib/gcc/arm-none-eabi/10.3.1/thumb/v6-m/nofp/crti.o
                0x0000000010006b7c                _fini
 .fini.__stub   0x0000000010006b80       0xe0 linker stubs
 *crtbegin.o(.ctors)
 *crtbegin?.o(.ctors)
 *(EXCLUDE_FILE(*crtend.o *crtend?.o) .ctors)
 *(SORT_BY_NAME(.ctors.*))
 *(.ctors)
 *crtbegin.o(.dtors)
 *crtbegin?.o(.dtors)
 *(EXCLUDE_FILE(*crtend.o *crtend?.o) .dtors)
 *(SORT_BY_NAME(.dtors.*))
 *(.dtors)
 *(.eh_frame*)
 .eh_frame      0x0000000010006c60        0x0 /usr/lib/gcc/arm-none-eabi/10.3.1/thumb/v6-m/nofp/crtbegin.o
                0x0000000010006c60                . = ALIGN (0x4)

.glue_7         0x0000000010006c60        0x0
 .glue_7        0x0000000010006c60        0x0 linker stubs

.glue_7t        0x0000000010006c60        0x0
 .glue_7t       0x0000000010006c60        0x0 linker stubs

.vfp11_veneer   0x0000000010006c60        0x0
 .vfp11_veneer  0x0000000010006c60        0x0 linker stubs

.v4_bx          0x0000000010006c60        0x0
 .v4_bx         0x0000000010006c60        0x0 linker stubs

.iplt           0x0000000010006c60        0x0
 .iplt          0x0000000010006c60        0x0 /usr/lib/gcc/arm-none-eabi/10.3.1/thumb/v6-m/nofp/crtbegin.o

.rodata         0x0000000010006c60     0x1448
 *(EXCLUDE_FILE(*libm.a: *libc.a:*lib_a-mem*.o *libgcc.a:) .rodata*)
 .rodata.main.str1.4
                0x0000000010006c60       0x29 CMakeFiles/PressureSensor.dir/src/main.cpp.obj
 *fill*         0x0000000010006c89        0x3 
 .rodata.spin_lock_claim_unused.str1.4
                0x0000000010006c8c       0x1b CMakeFiles/PressureSensor.dir/opt/pico-sdk/src/rp2_common/hardware_sync/sync.c.obj
 *fill*         0x0000000010006ca7        0x1 
 .rodata.make_branch.str1.4
                0x0000000010006ca8       0x60 CMakeFiles/PressureSensor.dir/opt/pico-sdk/src/rp2_common/hardware_irq/irq.c.obj
 .rodata.insert_branch_and_link.str1.4
                0x0000000010006d08       0x10 CMakeFiles/PressureSensor.dir/opt/pico-sdk/src/rp2_common/hardware_irq/irq.c.obj
 .rodata.irq_set_exclusive_handler.str1.4
                0x0000000010006d18       0x36 CMakeFiles/PressureSensor.dir/opt/pico-sdk/src/rp2_common/hardware_irq/irq.c.obj
 *fill*         0x0000000010006d4e        0x2 
 .rodata.irq_add_shared_handler.str1.4
                0x0000000010006d50       0xd9 CMakeFiles/PressureSensor.dir/opt/pico-sdk/src/rp2_common/hardware_irq/irq.c.obj
 *fill*         0x0000000010006e29        0x3 
 .rodata.irq_remove_handler.str1.4
                0x0000000010006e2c       0x3a CMakeFiles/PressureSensor.dir/opt/pico-sdk/src/rp2_common/hardware_irq/irq.c.obj
 *fill*         0x0000000010006e66        0x2 
 .rodata.irq_add_tail_to_free_list.str1.4
                0x0000000010006e68       0x3a CMakeFiles/PressureSensor.dir/opt/pico-sdk/src/rp2_common/hardware_irq/irq.c.obj
 *fill*         0x0000000010006ea2        0x2 
 .rodata.user_irq_claim_unused.str1.4
                0x0000000010006ea4       0x1b CMakeFiles/PressureSensor.dir/opt/pico-sdk/src/rp2_common/hardware_irq/irq.c.obj
 *fill*         0x0000000010006ebf        0x1 
 .rodata.__func__.0
                0x0000000010006ec0       0x1a CMakeFiles/PressureSensor.dir/opt/pico-sdk/src/rp2_common/hardware_irq/irq.c.obj
 *fill*         0x0000000010006eda        0x2 
 .rodata.__func__.1
                0x0000000010006edc       0x17 CMakeFiles/PressureSensor.dir/opt/pico-sdk/src/rp2_common/hardware_irq/irq.c.obj
 *fill*         0x0000000010006ef3        0x1 
 .rodata.__func__.2
                0x0000000010006ef4       0x13 CMakeFiles/PressureSensor.dir/opt/pico-sdk/src/rp2_common/hardware_irq/irq.c.obj
 *fill*         0x0000000010006f07        0x1 
 .rodata.__func__.3
                0x0000000010006f08        0xc CMakeFiles/PressureSensor.dir/opt/pico-sdk/src/rp2_common/hardware_irq/irq.c.obj
 .rodata.__func__.4
                0x0000000010006f14        0xf CMakeFiles/PressureSensor.dir/opt/pico-sdk/src/rp2_common/hardware_irq/irq.c.obj
 *fill*         0x0000000010006f23        0x1 
 .rodata.__func__.5
                0x0000000010006f24       0x17 CMakeFiles/PressureSensor.dir/opt/pico-sdk/src/rp2_common/hardware_irq/irq.c.obj
 *fill*         0x0000000010006f3b        0x1 
 .rodata.__func__.6
                0x0000000010006f3c       0x1a CMakeFiles/PressureSensor.dir/opt/pico-sdk/src/rp2_common/hardware_irq/irq.c.obj
 *fill*         0x0000000010006f56        0x2 
 .rodata.str1.4
                0x0000000010006f58       0xd1 CMakeFiles/PressureSensor.dir/opt/pico-sdk/src/common/pico_sync/mutex.c.obj
 *fill*         0x0000000010007029        0x3 
 .rodata.__func__.1
                0x000000001000702c        0xb CMakeFiles/PressureSensor.dir/opt/pico-sdk/src/common/pico_sync/mutex.c.obj
 *fill*         0x0000000010007037        0x1 
 .rodata.__func__.3
                0x0000000010007038       0x18 CMakeFiles/PressureSensor.dir/opt/pico-sdk/src/common/pico_sync/mutex.c.obj
 .rodata.__func__.4
                0x0000000010007050       0x15 CMakeFiles/PressureSensor.dir/opt/pico-sdk/src/common/pico_sync/mutex.c.obj
 *fill*         0x0000000010007065        0x3 
 .rodata.repeating_timer_callback.str1.4
                0x0000000010007068       0x3e CMakeFiles/PressureSensor.dir/opt/pico-sdk/src/common/pico_time/time.c.obj
 *fill*         0x00000000100070a6        0x2 
 .rodata.timer_pool_entry_comparator.str1.4
                0x00000000100070a8       0x22 CMakeFiles/PressureSensor.dir/opt/pico-sdk/src/common/pico_time/time.c.obj
 *fill*         0x00000000100070ca        0x2 
 .rodata.ph_add_child_node.str1.4
                0x00000000100070cc       0x8a CMakeFiles/PressureSensor.dir/opt/pico-sdk/src/common/pico_time/time.c.obj
 *fill*         0x0000000010007156        0x2 
 .rodata.add_alarm_under_lock.str1.4
                0x0000000010007158       0x28 CMakeFiles/PressureSensor.dir/opt/pico-sdk/src/common/pico_time/time.c.obj
                                         0x2b (size before relaxing)
 .rodata.alarm_pool_alarm_callback.str1.4
                0x0000000010007180       0x98 CMakeFiles/PressureSensor.dir/opt/pico-sdk/src/common/pico_time/time.c.obj
                                         0xec (size before relaxing)
 .rodata.alarm_pool_get_default.str1.4
                0x0000000010007218       0x21 CMakeFiles/PressureSensor.dir/opt/pico-sdk/src/common/pico_time/time.c.obj
 *fill*         0x0000000010007239        0x3 
 .rodata.alarm_pool_cancel_alarm.str1.4
                0x000000001000723c       0x27 CMakeFiles/PressureSensor.dir/opt/pico-sdk/src/common/pico_time/time.c.obj
 *fill*         0x0000000010007263        0x1 
 .rodata.__func__.1
                0x0000000010007264       0x18 CMakeFiles/PressureSensor.dir/opt/pico-sdk/src/common/pico_time/time.c.obj
 .rodata.__func__.10
                0x000000001000727c       0x15 CMakeFiles/PressureSensor.dir/opt/pico-sdk/src/common/pico_time/time.c.obj
 *fill*         0x0000000010007291        0x3 
 .rodata.__func__.11
                0x0000000010007294       0x1a CMakeFiles/PressureSensor.dir/opt/pico-sdk/src/common/pico_time/time.c.obj
 *fill*         0x00000000100072ae        0x2 
 .rodata.__func__.12
                0x00000000100072b0        0xa CMakeFiles/PressureSensor.dir/opt/pico-sdk/src/common/pico_time/time.c.obj
 *fill*         0x00000000100072ba        0x2 
 .rodata.__func__.3
                0x00000000100072bc       0x17 CMakeFiles/PressureSensor.dir/opt/pico-sdk/src/common/pico_time/time.c.obj
 *fill*         0x00000000100072d3        0x1 
 .rodata.__func__.4
                0x00000000100072d4       0x12 CMakeFiles/PressureSensor.dir/opt/pico-sdk/src/common/pico_time/time.c.obj
 *fill*         0x00000000100072e6        0x2 
 .rodata.__func__.5
                0x00000000100072e8        0xd CMakeFiles/PressureSensor.dir/opt/pico-sdk/src/common/pico_time/time.c.obj
 *fill*         0x00000000100072f5        0x3 
 .rodata.__func__.6
                0x00000000100072f8       0x12 CMakeFiles/PressureSensor.dir/opt/pico-sdk/src/common/pico_time/time.c.obj
 *fill*         0x000000001000730a        0x2 
 .rodata.__func__.7
                0x000000001000730c        0xf CMakeFiles/PressureSensor.dir/opt/pico-sdk/src/common/pico_time/time.c.obj
 *fill*         0x000000001000731b        0x1 
 .rodata.__func__.8
                0x000000001000731c        0xc CMakeFiles/PressureSensor.dir/opt/pico-sdk/src/common/pico_time/time.c.obj
 .rodata.__func__.9
                0x0000000010007328       0x15 CMakeFiles/PressureSensor.dir/opt/pico-sdk/src/common/pico_time/time.c.obj
 *fill*         0x000000001000733d        0x3 
 .rodata.hardware_alarm_claim.str1.4
                0x0000000010007340       0x22 CMakeFiles/PressureSensor.dir/opt/pico-sdk/src/rp2_common/hardware_timer/timer.c.obj
 *fill*         0x0000000010007362        0x2 
 .rodata.hardware_alarm_set_target.str1.4
                0x0000000010007364       0x58 CMakeFiles/PressureSensor.dir/opt/pico-sdk/src/rp2_common/hardware_timer/timer.c.obj
 .rodata.__func__.0
                0x00000000100073bc       0x1a CMakeFiles/PressureSensor.dir/opt/pico-sdk/src/rp2_common/hardware_timer/timer.c.obj
 .rodata.ph_add_child_node.str1.4
                0x00000000100073d6       0x8a CMakeFiles/PressureSensor.dir/opt/pico-sdk/src/common/pico_util/pheap.c.obj
 *fill*         0x00000000100073d6        0x2 
 .rodata.ph_remove_any_head.str1.4
                0x00000000100073d8       0x80 CMakeFiles/PressureSensor.dir/opt/pico-sdk/src/common/pico_util/pheap.c.obj
                                         0x94 (size before relaxing)
 .rodata.ph_remove_and_free_node.str1.4
                0x0000000010007458       0x1e CMakeFiles/PressureSensor.dir/opt/pico-sdk/src/common/pico_util/pheap.c.obj
                                         0x26 (size before relaxing)
 *fill*         0x0000000010007476        0x2 
 .rodata.__func__.0
                0x0000000010007478       0x18 CMakeFiles/PressureSensor.dir/opt/pico-sdk/src/common/pico_util/pheap.c.obj
 .rodata.__func__.1
                0x0000000010007490       0x13 CMakeFiles/PressureSensor.dir/opt/pico-sdk/src/common/pico_util/pheap.c.obj
 *fill*         0x00000000100074a3        0x1 
 .rodata.__func__.2
                0x00000000100074a4       0x12 CMakeFiles/PressureSensor.dir/opt/pico-sdk/src/common/pico_util/pheap.c.obj
 *fill*         0x00000000100074b6        0x2 
 .rodata.__func__.3
                0x00000000100074b8        0xc CMakeFiles/PressureSensor.dir/opt/pico-sdk/src/common/pico_util/pheap.c.obj
 .rodata.clock_configure.str1.4
                0x00000000100074c4       0x4a CMakeFiles/PressureSensor.dir/opt/pico-sdk/src/rp2_common/hardware_clocks/clocks.c.obj
 *fill*         0x000000001000750e        0x2 
 .rodata.__func__.1
                0x0000000010007510       0x10 CMakeFiles/PressureSensor.dir/opt/pico-sdk/src/rp2_common/hardware_clocks/clocks.c.obj
 .rodata.pll_init.str1.4
                0x0000000010007520      0x114 CMakeFiles/PressureSensor.dir/opt/pico-sdk/src/rp2_common/hardware_pll/pll.c.obj
 .rodata.__func__.0
                0x0000000010007634        0x9 CMakeFiles/PressureSensor.dir/opt/pico-sdk/src/rp2_common/hardware_pll/pll.c.obj
 *fill*         0x000000001000763d        0x3 
 .rodata.__assert_func.str1.4
                0x0000000010007640       0x3f CMakeFiles/PressureSensor.dir/opt/pico-sdk/src/rp2_common/pico_runtime/runtime.c.obj
                                         0x43 (size before relaxing)
 *fill*         0x000000001000767f        0x1 
 .rodata.runtime_init.str1.4
                0x0000000010007680       0x54 CMakeFiles/PressureSensor.dir/opt/pico-sdk/src/rp2_common/pico_runtime/runtime.c.obj
 .rodata.panic.str1.4
                0x00000000100076d4       0x12 CMakeFiles/PressureSensor.dir/opt/pico-sdk/src/rp2_common/pico_runtime/runtime.c.obj
 *fill*         0x00000000100076e6        0x2 
 .rodata.__func__.2
                0x00000000100076e8        0xd CMakeFiles/PressureSensor.dir/opt/pico-sdk/src/rp2_common/pico_runtime/runtime.c.obj
 *fill*         0x00000000100076f5        0x3 
 .rodata._ftoa.str1.4
                0x00000000100076f8       0x15 CMakeFiles/PressureSensor.dir/opt/pico-sdk/src/rp2_common/pico_printf/printf.c.obj
 *fill*         0x000000001000770d        0x3 
 .rodata._vsnprintf
                0x0000000010007710      0x1e0 CMakeFiles/PressureSensor.dir/opt/pico-sdk/src/rp2_common/pico_printf/printf.c.obj
 .rodata.pow10.0
                0x00000000100078f0       0x50 CMakeFiles/PressureSensor.dir/opt/pico-sdk/src/rp2_common/pico_printf/printf.c.obj
 .rodata.__aeabi_double_init.str1.4
                0x0000000010007940       0x8f CMakeFiles/PressureSensor.dir/opt/pico-sdk/src/rp2_common/pico_double/double_init_rom.c.obj
 *fill*         0x00000000100079cf        0x1 
 .rodata.__func__.0
                0x00000000100079d0       0x14 CMakeFiles/PressureSensor.dir/opt/pico-sdk/src/rp2_common/pico_double/double_init_rom.c.obj
 .rodata.__aeabi_float_init.str1.4
                0x00000000100079e4       0x6d CMakeFiles/PressureSensor.dir/opt/pico-sdk/src/rp2_common/pico_float/float_init_rom.c.obj
                                         0x71 (size before relaxing)
 *fill*         0x0000000010007a51        0x3 
 .rodata.__func__.0
                0x0000000010007a54       0x13 CMakeFiles/PressureSensor.dir/opt/pico-sdk/src/rp2_common/pico_float/float_init_rom.c.obj
 *fill*         0x0000000010007a67        0x1 
 .rodata.str1.4
                0x0000000010007a68       0x44 CMakeFiles/PressureSensor.dir/opt/pico-sdk/src/rp2_common/pico_standard_link/binary_info.c.obj
 .rodata.__bi_44
                0x0000000010007aac        0xc CMakeFiles/PressureSensor.dir/opt/pico-sdk/src/rp2_common/pico_standard_link/binary_info.c.obj
 .rodata.__bi_75
                0x0000000010007ab8        0xc CMakeFiles/PressureSensor.dir/opt/pico-sdk/src/rp2_common/pico_standard_link/binary_info.c.obj
 .rodata.__bi_81
                0x0000000010007ac4        0xc CMakeFiles/PressureSensor.dir/opt/pico-sdk/src/rp2_common/pico_standard_link/binary_info.c.obj
 .rodata.stdout_serialize_begin.str1.4
                0x0000000010007ad0       0x54 CMakeFiles/PressureSensor.dir/opt/pico-sdk/src/rp2_common/pico_stdio/stdio.c.obj
 .rodata.__func__.3
                0x0000000010007ad0       0x15 CMakeFiles/PressureSensor.dir/opt/pico-sdk/src/rp2_common/pico_stdio/stdio.c.obj
 *fill*         0x0000000010007ae5        0x3 
 .rodata.crlf_str.2
                0x0000000010007ae8        0x2 CMakeFiles/PressureSensor.dir/opt/pico-sdk/src/rp2_common/pico_stdio/stdio.c.obj
 *fill*         0x0000000010007aea        0x2 
 .rodata._resetd_driver
                0x0000000010007aec       0x18 CMakeFiles/PressureSensor.dir/opt/pico-sdk/src/rp2_common/pico_stdio_usb/reset_interface.c.obj
 .rodata.low_priority_worker_irq.str1.4
                0x0000000010007b04       0x54 CMakeFiles/PressureSensor.dir/opt/pico-sdk/src/rp2_common/pico_stdio_usb/stdio_usb.c.obj
 .rodata.stdio_usb_init.str1.4
                0x0000000010007b04       0x38 CMakeFiles/PressureSensor.dir/opt/pico-sdk/src/rp2_common/pico_stdio_usb/stdio_usb.c.obj
                                         0x40 (size before relaxing)
 .rodata.str1.4
                0x0000000010007b3c       0x13 CMakeFiles/PressureSensor.dir/opt/pico-sdk/src/rp2_common/pico_stdio_usb/stdio_usb.c.obj
 *fill*         0x0000000010007b4f        0x1 
 .rodata.__bi_182.0
                0x0000000010007b50        0xc CMakeFiles/PressureSensor.dir/opt/pico-sdk/src/rp2_common/pico_stdio_usb/stdio_usb.c.obj
 .rodata.__func__.1
                0x0000000010007b5c        0xf CMakeFiles/PressureSensor.dir/opt/pico-sdk/src/rp2_common/pico_stdio_usb/stdio_usb.c.obj
 *fill*         0x0000000010007b6b        0x1 
 .rodata.__func__.3
                0x0000000010007b6c       0x15 CMakeFiles/PressureSensor.dir/opt/pico-sdk/src/rp2_common/pico_stdio_usb/stdio_usb.c.obj
 *fill*         0x0000000010007b81        0x3 
 .rodata.str1.4
                0x0000000010007b84       0x2a CMakeFiles/PressureSensor.dir/opt/pico-sdk/src/rp2_common/pico_stdio_usb/stdio_usb_descriptors.c.obj
 *fill*         0x0000000010007bae        0x2 
 .rodata.usbd_desc_cfg
                0x0000000010007bb0       0x54 CMakeFiles/PressureSensor.dir/opt/pico-sdk/src/rp2_common/pico_stdio_usb/stdio_usb_descriptors.c.obj
 .rodata.usbd_desc_device
                0x0000000010007c04       0x12 CMakeFiles/PressureSensor.dir/opt/pico-sdk/src/rp2_common/pico_stdio_usb/stdio_usb_descriptors.c.obj
 *fill*         0x0000000010007c16        0x2 
 .rodata.usbd_desc_str
                0x0000000010007c18       0x18 CMakeFiles/PressureSensor.dir/opt/pico-sdk/src/rp2_common/pico_stdio_usb/stdio_usb_descriptors.c.obj
 .rodata.pico_get_unique_board_id_string.str1.4
                0x0000000010007c30       0x40 CMakeFiles/PressureSensor.dir/opt/pico-sdk/src/rp2_common/pico_unique_id/unique_id.c.obj
 .rodata.__func__.0
                0x0000000010007c70       0x20 CMakeFiles/PressureSensor.dir/opt/pico-sdk/src/rp2_common/pico_unique_id/unique_id.c.obj
 .rodata.str1.4
                0x0000000010007c90      0x14a CMakeFiles/PressureSensor.dir/opt/pico-sdk/src/rp2_common/hardware_flash/flash.c.obj
 *fill*         0x0000000010007dda        0x2 
 .rodata.__func__.0
                0x0000000010007ddc        0xd CMakeFiles/PressureSensor.dir/opt/pico-sdk/src/rp2_common/hardware_flash/flash.c.obj
 *fill*         0x0000000010007de9        0x3 
 .rodata._hw_endpoint_alloc.str1.4
                0x0000000010007dec       0xa9 CMakeFiles/PressureSensor.dir/opt/pico-sdk/lib/tinyusb/src/portable/raspberrypi/rp2040/dcd_rp2040.c.obj
 *fill*         0x0000000010007e95        0x3 
 .rodata.str1.4
                0x0000000010007e98       0x14 CMakeFiles/PressureSensor.dir/opt/pico-sdk/lib/tinyusb/src/portable/raspberrypi/rp2040/dcd_rp2040.c.obj
 .rodata.dcd_int_enable.str1.4
                0x0000000010007eac        0xc CMakeFiles/PressureSensor.dir/opt/pico-sdk/lib/tinyusb/src/portable/raspberrypi/rp2040/dcd_rp2040.c.obj
 .rodata.__func__.0
                0x0000000010007eb8        0xe CMakeFiles/PressureSensor.dir/opt/pico-sdk/lib/tinyusb/src/portable/raspberrypi/rp2040/dcd_rp2040.c.obj
 *fill*         0x0000000010007ec6        0x2 
 .rodata.__func__.1
                0x0000000010007ec8        0xe CMakeFiles/PressureSensor.dir/opt/pico-sdk/lib/tinyusb/src/portable/raspberrypi/rp2040/dcd_rp2040.c.obj
 *fill*         0x0000000010007ed6        0x2 
 .rodata.__func__.3
                0x0000000010007ed8       0x10 CMakeFiles/PressureSensor.dir/opt/pico-sdk/lib/tinyusb/src/portable/raspberrypi/rp2040/dcd_rp2040.c.obj
 .rodata.__func__.5
                0x0000000010007ee8        0xf CMakeFiles/PressureSensor.dir/opt/pico-sdk/lib/tinyusb/src/portable/raspberrypi/rp2040/dcd_rp2040.c.obj
 *fill*         0x0000000010007ef7        0x1 
 .rodata.__func__.6
                0x0000000010007ef8       0x13 CMakeFiles/PressureSensor.dir/opt/pico-sdk/lib/tinyusb/src/portable/raspberrypi/rp2040/dcd_rp2040.c.obj
 *fill*         0x0000000010007f0b        0x1 
 .rodata.__func__.7
                0x0000000010007f0c        0x9 CMakeFiles/PressureSensor.dir/opt/pico-sdk/lib/tinyusb/src/portable/raspberrypi/rp2040/dcd_rp2040.c.obj
 *fill*         0x0000000010007f15        0x3 
 .rodata.str1.4
                0x0000000010007f18       0xdb CMakeFiles/PressureSensor.dir/opt/pico-sdk/lib/tinyusb/src/portable/raspberrypi/rp2040/rp2040_usb.c.obj
 *fill*         0x0000000010007ff3        0x1 
 .rodata.__func__.0
                0x0000000010007ff4        0xf CMakeFiles/PressureSensor.dir/opt/pico-sdk/lib/tinyusb/src/portable/raspberrypi/rp2040/rp2040_usb.c.obj
 *fill*         0x0000000010008003        0x1 
 .rodata.process_get_descriptor
                0x0000000010008004       0x40 CMakeFiles/PressureSensor.dir/opt/pico-sdk/lib/tinyusb/src/device/usbd.c.obj
 .rodata.process_control_request
                0x0000000010008044       0x28 CMakeFiles/PressureSensor.dir/opt/pico-sdk/lib/tinyusb/src/device/usbd.c.obj
 .rodata.tud_task_ext
                0x000000001000806c       0x24 CMakeFiles/PressureSensor.dir/opt/pico-sdk/lib/tinyusb/src/device/usbd.c.obj
 .rodata._usbd_driver
                0x0000000010008090       0x18 CMakeFiles/PressureSensor.dir/opt/pico-sdk/lib/tinyusb/src/device/usbd.c.obj
                0x00000000100080a8                . = ALIGN (0x4)
 *(SORT_BY_ALIGNMENT(SORT_BY_NAME(.flashdata*)))
                0x00000000100080a8                . = ALIGN (0x4)

.ARM.extab
 *(.ARM.extab* .gnu.linkonce.armextab.*)
                0x00000000100080a8                __exidx_start = .

.ARM.exidx
 *(.ARM.exidx* .gnu.linkonce.armexidx.*)
                0x00000000100080a8                __exidx_end = .
                0x00000000100080a8                . = ALIGN (0x4)
                0x00000000100080a8                __binary_info_start = .

.binary_info    0x00000000100080a8       0x20
 *(.binary_info.keep.*)
 .binary_info.keep.__bi_ptr22
                0x00000000100080a8        0x4 CMakeFiles/PressureSensor.dir/opt/pico-sdk/src/rp2_common/pico_standard_link/binary_info.c.obj
 .binary_info.keep.__bi_ptr30
                0x00000000100080ac        0x4 CMakeFiles/PressureSensor.dir/opt/pico-sdk/src/rp2_common/pico_standard_link/binary_info.c.obj
 .binary_info.keep.__bi_ptr38
                0x00000000100080b0        0x4 CMakeFiles/PressureSensor.dir/opt/pico-sdk/src/rp2_common/pico_standard_link/binary_info.c.obj
 .binary_info.keep.__bi_ptr44
                0x00000000100080b4        0x4 CMakeFiles/PressureSensor.dir/opt/pico-sdk/src/rp2_common/pico_standard_link/binary_info.c.obj
 .binary_info.keep.__bi_ptr50
                0x00000000100080b8        0x4 CMakeFiles/PressureSensor.dir/opt/pico-sdk/src/rp2_common/pico_standard_link/binary_info.c.obj
 .binary_info.keep.__bi_ptr75
                0x00000000100080bc        0x4 CMakeFiles/PressureSensor.dir/opt/pico-sdk/src/rp2_common/pico_standard_link/binary_info.c.obj
 .binary_info.keep.__bi_ptr81
                0x00000000100080c0        0x4 CMakeFiles/PressureSensor.dir/opt/pico-sdk/src/rp2_common/pico_standard_link/binary_info.c.obj
 *(.binary_info.*)
 .binary_info.__bi_ptr182
                0x00000000100080c4        0x4 CMakeFiles/PressureSensor.dir/opt/pico-sdk/src/rp2_common/pico_stdio_usb/stdio_usb.c.obj
                0x00000000100080c8                __binary_info_end = .

.rel.dyn        0x00000000100080c8        0x0
 .rel.iplt      0x00000000100080c8        0x0 /usr/lib/gcc/arm-none-eabi/10.3.1/thumb/v6-m/nofp/crtbegin.o
                0x00000000100080c8                . = ALIGN (0x4)

.ram_vector_table
                0x0000000020000000       0xc0
 *(.ram_vector_table)
 .ram_vector_table
                0x0000000020000000       0xc0 CMakeFiles/PressureSensor.dir/opt/pico-sdk/src/rp2_common/pico_runtime/runtime.c.obj
                0x0000000020000000                ram_vector_table

.data           0x00000000200000c0      0xbf0 load address 0x00000000100080c8
                0x00000000200000c0                __data_start__ = .
 *(vtable)
 *(.time_critical*)
 .time_critical.mutex_try_enter
                0x00000000200000c0       0x46 CMakeFiles/PressureSensor.dir/opt/pico-sdk/src/common/pico_sync/mutex.c.obj
                0x00000000200000c0                mutex_try_enter
 *fill*         0x0000000020000106        0x2 
 .time_critical.mutex_enter_block_until
                0x0000000020000108       0x8c CMakeFiles/PressureSensor.dir/opt/pico-sdk/src/common/pico_sync/mutex.c.obj
                0x0000000020000108                mutex_enter_block_until
 .time_critical.mutex_try_enter_block_until
                0x0000000020000194       0x34 CMakeFiles/PressureSensor.dir/opt/pico-sdk/src/common/pico_sync/mutex.c.obj
                0x0000000020000194                mutex_try_enter_block_until
 .time_critical.mutex_enter_timeout_ms
                0x00000000200001c8       0x68 CMakeFiles/PressureSensor.dir/opt/pico-sdk/src/common/pico_sync/mutex.c.obj
                0x00000000200001c8                mutex_enter_timeout_ms
 .time_critical.mutex_exit
                0x0000000020000230       0x4c CMakeFiles/PressureSensor.dir/opt/pico-sdk/src/common/pico_sync/mutex.c.obj
                0x0000000020000230                mutex_exit
 .time_critical.flash_init_boot2_copyout
                0x000000002000027c       0x30 CMakeFiles/PressureSensor.dir/opt/pico-sdk/src/rp2_common/hardware_flash/flash.c.obj
 .time_critical.flash_enable_xip_via_boot2
                0x00000000200002ac       0x10 CMakeFiles/PressureSensor.dir/opt/pico-sdk/src/rp2_common/hardware_flash/flash.c.obj
 .time_critical.flash_cs_force
                0x00000000200002bc       0x28 CMakeFiles/PressureSensor.dir/opt/pico-sdk/src/rp2_common/hardware_flash/flash.c.obj
 .time_critical.flash_do_cmd
                0x00000000200002e4       0xd8 CMakeFiles/PressureSensor.dir/opt/pico-sdk/src/rp2_common/hardware_flash/flash.c.obj
                0x00000000200002e4                flash_do_cmd
 .time_critical.reset_non_control_endpoints
                0x00000000200003bc       0x40 CMakeFiles/PressureSensor.dir/opt/pico-sdk/lib/tinyusb/src/portable/raspberrypi/rp2040/dcd_rp2040.c.obj
 .time_critical.hw_handle_buff_status
                0x00000000200003fc       0xa4 CMakeFiles/PressureSensor.dir/opt/pico-sdk/lib/tinyusb/src/portable/raspberrypi/rp2040/dcd_rp2040.c.obj
 .time_critical.dcd_rp2040_irq
                0x00000000200004a0      0x1cc CMakeFiles/PressureSensor.dir/opt/pico-sdk/lib/tinyusb/src/portable/raspberrypi/rp2040/dcd_rp2040.c.obj
 .time_critical.e15_is_bulkin_ep
                0x000000002000066c       0x2c CMakeFiles/PressureSensor.dir/opt/pico-sdk/lib/tinyusb/src/portable/raspberrypi/rp2040/rp2040_usb.c.obj
 .time_critical.e15_is_critical_frame_period
                0x0000000020000698       0x30 CMakeFiles/PressureSensor.dir/opt/pico-sdk/lib/tinyusb/src/portable/raspberrypi/rp2040/rp2040_usb.c.obj
 .time_critical.prepare_ep_buffer
                0x00000000200006c8       0x70 CMakeFiles/PressureSensor.dir/opt/pico-sdk/lib/tinyusb/src/portable/raspberrypi/rp2040/rp2040_usb.c.obj
 .time_critical.sync_ep_buffer
                0x0000000020000738       0x80 CMakeFiles/PressureSensor.dir/opt/pico-sdk/lib/tinyusb/src/portable/raspberrypi/rp2040/rp2040_usb.c.obj
 .time_critical._hw_endpoint_xfer_sync
                0x00000000200007b8       0x28 CMakeFiles/PressureSensor.dir/opt/pico-sdk/lib/tinyusb/src/portable/raspberrypi/rp2040/rp2040_usb.c.obj
 .time_critical.hw_endpoint_reset_transfer
                0x00000000200007e0        0xc CMakeFiles/PressureSensor.dir/opt/pico-sdk/lib/tinyusb/src/portable/raspberrypi/rp2040/rp2040_usb.c.obj
                0x00000000200007e0                hw_endpoint_reset_transfer
 .time_critical._hw_endpoint_buffer_control_update32
                0x00000000200007ec       0x58 CMakeFiles/PressureSensor.dir/opt/pico-sdk/lib/tinyusb/src/portable/raspberrypi/rp2040/rp2040_usb.c.obj
                0x00000000200007ec                _hw_endpoint_buffer_control_update32
 .time_critical.hw_endpoint_start_next_buffer
                0x0000000020000844       0x88 CMakeFiles/PressureSensor.dir/opt/pico-sdk/lib/tinyusb/src/portable/raspberrypi/rp2040/rp2040_usb.c.obj
                0x0000000020000844                hw_endpoint_start_next_buffer
 .time_critical.hw_endpoint_xfer_continue
                0x00000000200008cc       0x50 CMakeFiles/PressureSensor.dir/opt/pico-sdk/lib/tinyusb/src/portable/raspberrypi/rp2040/rp2040_usb.c.obj
                0x00000000200008cc                hw_endpoint_xfer_continue
 .time_critical.tinyusb
                0x000000002000091c      0x200 CMakeFiles/PressureSensor.dir/opt/pico-sdk/lib/tinyusb/src/device/usbd.c.obj
                0x000000002000091c                dcd_event_handler
 *(.text*)
 .text          0x0000000020000b1c        0x4 /usr/lib/gcc/arm-none-eabi/10.3.1/thumb/v6-m/nofp/libgcc.a(_dvmd_tls.o)
                0x0000000020000b1c                __aeabi_ldiv0
                0x0000000020000b1c                __aeabi_idiv0
 .text.__stub   0x0000000020000b20       0x90 linker stubs
                0x0000000020000bb0                . = ALIGN (0x4)
 *(.rodata*)
                0x0000000020000bb0                . = ALIGN (0x4)
 *(.data*)
 .data.striped_spin_lock_num
                0x0000000020000bb0        0x1 CMakeFiles/PressureSensor.dir/opt/pico-sdk/src/rp2_common/hardware_sync/sync.c.obj
 *fill*         0x0000000020000bb1        0x3 
 .data          0x0000000020000bb4       0x48 CMakeFiles/PressureSensor.dir/opt/pico-sdk/src/rp2_common/hardware_irq/irq_handler_chain.S.obj
                0x0000000020000bb4                irq_handler_chain_slots
                0x0000000020000be4                irq_handler_chain_first_slot
                0x0000000020000bee                irq_handler_chain_remove_tail
 .data.default_alarm_pool
                0x0000000020000bfc       0x18 CMakeFiles/PressureSensor.dir/opt/pico-sdk/src/common/pico_time/time.c.obj
 .data.default_alarm_pool_heap
                0x0000000020000c14       0x10 CMakeFiles/PressureSensor.dir/opt/pico-sdk/src/common/pico_time/time.c.obj
 *fill*         0x0000000020000c24        0xc 
 .data.aeabi_bits_funcs
                0x0000000020000c30       0x10 CMakeFiles/PressureSensor.dir/opt/pico-sdk/src/rp2_common/pico_bit_ops/bit_ops_aeabi.S.obj
                0x0000000020000c30                aeabi_bits_funcs
                0x0000000020000c40                aeabi_bits_funcs_end
 .data.aeabi_mem_funcs
                0x0000000020000c40       0x10 CMakeFiles/PressureSensor.dir/opt/pico-sdk/src/rp2_common/pico_mem_ops/mem_ops_aeabi.S.obj
                0x0000000020000c40                aeabi_mem_funcs
                0x0000000020000c50                aeabi_mem_funcs_end
 .data.stdio_usb
                0x0000000020000c50       0x18 CMakeFiles/PressureSensor.dir/opt/pico-sdk/src/rp2_common/pico_stdio_usb/stdio_usb.c.obj
                0x0000000020000c50                stdio_usb
 .data.ep_dir_string
                0x0000000020000c68        0x8 CMakeFiles/PressureSensor.dir/opt/pico-sdk/lib/tinyusb/src/portable/raspberrypi/rp2040/rp2040_usb.c.obj
                0x0000000020000c68                ep_dir_string
 .data._usbd_qdef
                0x0000000020000c70       0x1c CMakeFiles/PressureSensor.dir/opt/pico-sdk/lib/tinyusb/src/device/usbd.c.obj
                0x0000000020000c70                _usbd_qdef
 .data._usbd_rhport
                0x0000000020000c8c        0x1 CMakeFiles/PressureSensor.dir/opt/pico-sdk/lib/tinyusb/src/device/usbd.c.obj
                0x0000000020000c90                . = ALIGN (0x4)
 *fill*         0x0000000020000c8d        0x3 
 *(.after_data.*)
                0x0000000020000c90                . = ALIGN (0x4)
                0x0000000020000c90                PROVIDE (__mutex_array_start = .)
 *(SORT_BY_NAME(.mutex_array.*))
 *(.mutex_array)
 .mutex_array   0x0000000020000c90        0x8 CMakeFiles/PressureSensor.dir/opt/pico-sdk/src/rp2_common/pico_stdio/stdio.c.obj
                0x0000000020000c98                PROVIDE (__mutex_array_end = .)
                0x0000000020000c98                . = ALIGN (0x4)
                0x0000000020000c98                PROVIDE (__preinit_array_start = .)
 *(SORT_BY_NAME(.preinit_array.*))
 .preinit_array.00001
                0x0000000020000c98        0x4 CMakeFiles/PressureSensor.dir/opt/pico-sdk/src/rp2_common/pico_mem_ops/mem_ops_aeabi.S.obj
 .preinit_array.00010
                0x0000000020000c9c        0x4 CMakeFiles/PressureSensor.dir/opt/pico-sdk/src/rp2_common/pico_bit_ops/bit_ops_aeabi.S.obj
 .preinit_array.00020
                0x0000000020000ca0        0x4 CMakeFiles/PressureSensor.dir/opt/pico-sdk/src/rp2_common/pico_double/double_aeabi.S.obj
 .preinit_array.00020
                0x0000000020000ca4        0x4 CMakeFiles/PressureSensor.dir/opt/pico-sdk/src/rp2_common/pico_float/float_aeabi.S.obj
 *(.preinit_array)
                0x0000000020000ca8                PROVIDE (__preinit_array_end = .)
                0x0000000020000ca8                . = ALIGN (0x4)
                0x0000000020000ca8                PROVIDE (__init_array_start = .)
 *(SORT_BY_NAME(.init_array.*))
 *(.init_array)
 .init_array    0x0000000020000ca8        0x4 /usr/lib/gcc/arm-none-eabi/10.3.1/thumb/v6-m/nofp/crtbegin.o
 .init_array    0x0000000020000cac        0x4 CMakeFiles/PressureSensor.dir/opt/pico-sdk/src/rp2_common/pico_unique_id/unique_id.c.obj
                0x0000000020000cb0                PROVIDE (__init_array_end = .)
                0x0000000020000cb0                . = ALIGN (0x4)
                0x0000000020000cb0                PROVIDE (__fini_array_start = .)
 *(SORT_BY_NAME(.fini_array.*))
 *(.fini_array)
                0x0000000020000cb0                PROVIDE (__fini_array_end = .)
 *(.jcr)
                0x0000000020000cb0                . = ALIGN (0x4)
                0x0000000020000cb0                __data_end__ = .
                0x00000000100080c8                __etext = LOADADDR (.data)

.tm_clone_table
                0x0000000020000cb0        0x0 load address 0x0000000010008cb8
 .tm_clone_table
                0x0000000020000cb0        0x0 /usr/lib/gcc/arm-none-eabi/10.3.1/thumb/v6-m/nofp/crtbegin.o
 .tm_clone_table
                0x0000000020000cb0        0x0 /usr/lib/gcc/arm-none-eabi/10.3.1/thumb/v6-m/nofp/crtend.o

.igot.plt       0x0000000020000cb0        0x0 load address 0x0000000010008cb8
 .igot.plt      0x0000000020000cb0        0x0 /usr/lib/gcc/arm-none-eabi/10.3.1/thumb/v6-m/nofp/crtbegin.o

.uninitialized_data
                0x0000000020000cb0        0x0 load address 0x0000000010008cb8
                0x0000000020000cb0                . = ALIGN (0x4)
 *(.uninitialized_data*)

.scratch_x      0x0000000020040000        0x0 load address 0x0000000010008cb8
                0x0000000020040000                __scratch_x_start__ = .
 *(.scratch_x.*)
                0x0000000020040000                . = ALIGN (0x4)
                0x0000000020040000                __scratch_x_end__ = .
                0x0000000010008cb8                __scratch_x_source__ = LOADADDR (.scratch_x)

.scratch_y      0x0000000020041000        0x0 load address 0x0000000010008cb8
                0x0000000020041000                __scratch_y_start__ = .
 *(.scratch_y.*)
                0x0000000020041000                . = ALIGN (0x4)
                0x0000000020041000                __scratch_y_end__ = .
                0x0000000010008cb8                __scratch_y_source__ = LOADADDR (.scratch_y)

.bss            0x0000000020000cb0      0xd88
                0x0000000020000cb0                . = ALIGN (0x4)
                0x0000000020000cb0                __bss_start__ = .
 *(SORT_BY_ALIGNMENT(SORT_BY_NAME(.bss*)))
 .bss.default_alarm_pool_entries
                0x0000000020000cb0      0x100 CMakeFiles/PressureSensor.dir/opt/pico-sdk/src/common/pico_time/time.c.obj
 .bss.last_avail_time.2
                0x0000000020000db0        0x8 CMakeFiles/PressureSensor.dir/opt/pico-sdk/src/rp2_common/pico_stdio_usb/stdio_usb.c.obj
 .bss           0x0000000020000db8       0x1c /usr/lib/gcc/arm-none-eabi/10.3.1/thumb/v6-m/nofp/crtbegin.o
 .bss._app_driver
                0x0000000020000dd4        0x4 CMakeFiles/PressureSensor.dir/opt/pico-sdk/lib/tinyusb/src/device/usbd.c.obj
 .bss._cdcd_itf
                0x0000000020000dd8      0x2c8 CMakeFiles/PressureSensor.dir/opt/pico-sdk/lib/tinyusb/src/class/cdc/cdc_device.c.obj
 .bss._ctrl_xfer
                0x00000000200010a0       0x14 CMakeFiles/PressureSensor.dir/opt/pico-sdk/lib/tinyusb/src/device/usbd_control.c.obj
 .bss._ubsd_mutexdef
                0x00000000200010b4        0x8 CMakeFiles/PressureSensor.dir/opt/pico-sdk/lib/tinyusb/src/device/usbd.c.obj
 .bss._usbd_ctrl_buf
                0x00000000200010bc       0x40 CMakeFiles/PressureSensor.dir/opt/pico-sdk/lib/tinyusb/src/device/usbd_control.c.obj
 .bss._usbd_dev
                0x00000000200010fc       0x53 CMakeFiles/PressureSensor.dir/opt/pico-sdk/lib/tinyusb/src/device/usbd.c.obj
 *fill*         0x000000002000114f        0x1 
 .bss._usbd_mutex
                0x0000000020001150        0x4 CMakeFiles/PressureSensor.dir/opt/pico-sdk/lib/tinyusb/src/device/usbd.c.obj
 .bss._usbd_q   0x0000000020001154        0x4 CMakeFiles/PressureSensor.dir/opt/pico-sdk/lib/tinyusb/src/device/usbd.c.obj
 .bss._usbd_qdef_buf
                0x0000000020001158       0xc0 CMakeFiles/PressureSensor.dir/opt/pico-sdk/lib/tinyusb/src/device/usbd.c.obj
                0x0000000020001158                _usbd_qdef_buf
 .bss.alarm_callbacks
                0x0000000020001218       0x10 CMakeFiles/PressureSensor.dir/opt/pico-sdk/src/rp2_common/hardware_timer/timer.c.obj
 .bss.boot2_copyout
                0x0000000020001228      0x100 CMakeFiles/PressureSensor.dir/opt/pico-sdk/src/rp2_common/hardware_flash/flash.c.obj
 .bss.chars_available_callback
                0x0000000020001328        0x4 CMakeFiles/PressureSensor.dir/opt/pico-sdk/src/rp2_common/pico_stdio_usb/stdio_usb.c.obj
 .bss.chars_available_param
                0x000000002000132c        0x4 CMakeFiles/PressureSensor.dir/opt/pico-sdk/src/rp2_common/pico_stdio_usb/stdio_usb.c.obj
 .bss.claimed   0x0000000020001330        0x4 CMakeFiles/PressureSensor.dir/opt/pico-sdk/src/rp2_common/hardware_sync/sync.c.obj
 .bss.configured_freq
                0x0000000020001334       0x28 CMakeFiles/PressureSensor.dir/opt/pico-sdk/src/rp2_common/hardware_clocks/clocks.c.obj
 .bss.default_alarm_pool_entry_ids_high
                0x000000002000135c       0x10 CMakeFiles/PressureSensor.dir/opt/pico-sdk/src/common/pico_time/time.c.obj
 .bss.default_alarm_pool_heap_nodes
                0x000000002000136c       0x30 CMakeFiles/PressureSensor.dir/opt/pico-sdk/src/common/pico_time/time.c.obj
 .bss.desc_str.0
                0x000000002000139c       0x28 CMakeFiles/PressureSensor.dir/opt/pico-sdk/src/rp2_common/pico_stdio_usb/stdio_usb_descriptors.c.obj
 .bss.drivers   0x00000000200013c4        0x4 CMakeFiles/PressureSensor.dir/opt/pico-sdk/src/rp2_common/pico_stdio/stdio.c.obj
 .bss.e15_last_sof
                0x00000000200013c8        0x4 CMakeFiles/PressureSensor.dir/opt/pico-sdk/lib/tinyusb/src/portable/raspberrypi/rp2040/rp2040_usb.c.obj
                0x00000000200013c8                e15_last_sof
 .bss.filter    0x00000000200013cc        0x4 CMakeFiles/PressureSensor.dir/opt/pico-sdk/src/rp2_common/pico_stdio/stdio.c.obj
 .bss.hw_endpoints
                0x00000000200013d0      0x400 CMakeFiles/PressureSensor.dir/opt/pico-sdk/lib/tinyusb/src/portable/raspberrypi/rp2040/dcd_rp2040.c.obj
 .bss.load_value
                0x00000000200017d0        0x4 CMakeFiles/PressureSensor.dir/opt/pico-sdk/src/rp2_common/hardware_watchdog/watchdog.c.obj
 .bss.next_buffer_ptr
                0x00000000200017d4        0x4 CMakeFiles/PressureSensor.dir/opt/pico-sdk/lib/tinyusb/src/portable/raspberrypi/rp2040/dcd_rp2040.c.obj
 .bss.one_shot_timer_crit_sec