Archive member included to satisfy reference by file (symbol)

ads1256_library/libads1256.a(ADS1256.cpp.obj)
                              CMakeFiles/PressureSensor.dir/src/main.cpp.obj (ADS1256::ADS1256(spi_inst*, float, float, bool, unsigned int, unsigned int, unsigned int, unsigned int, unsigned int, unsigned int))
/usr/lib/gcc/arm-none-eabi/10.3.1/thumb/v6-m/nofp/libgcc.a(_dvmd_tls.o)
                              CMakeFiles/PressureSensor.dir/opt/pico-sdk/src/rp2_common/pico_divider/divider.S.obj (__aeabi_idiv0)
/usr/lib/gcc/arm-none-eabi/10.3.1/../../../arm-none-eabi/lib/thumb/v6-m/nofp/libg.a(lib_a-atexit.o)
                              /usr/lib/gcc/arm-none-eabi/10.3.1/../../../arm-none-eabi/lib/thumb/v6-m/nofp/crt0.o (atexit)
/usr/lib/gcc/arm-none-eabi/10.3.1/../../../arm-none-eabi/lib/thumb/v6-m/nofp/libg.a(lib_a-calloc.o)
                              CMakeFiles/PressureSensor.dir/opt/pico-sdk/src/rp2_common/pico_malloc/pico_malloc.c.obj (calloc)
/usr/lib/gcc/arm-none-eabi/10.3.1/../../../arm-none-eabi/lib/thumb/v6-m/nofp/libg.a(lib_a-callocr.o)
                              /usr/lib/gcc/arm-none-eabi/10.3.1/../../../arm-none-eabi/lib/thumb/v6-m/nofp/libg.a(lib_a-calloc.o) (_calloc_r)
/usr/lib/gcc/arm-none-eabi/10.3.1/../../../arm-none-eabi/lib/thumb/v6-m/nofp/libg.a(lib_a-fini.o)
                              /usr/lib/gcc/arm-none-eabi/10.3.1/../../../arm-none-eabi/lib/thumb/v6-m/nofp/crt0.o (__libc_fini_array)
/usr/lib/gcc/arm-none-eabi/10.3.1/../../../arm-none-eabi/lib/thumb/v6-m/nofp/libg.a(lib_a-impure.o)
                              /usr/lib/gcc/arm-none-eabi/10.3.1/../../../arm-none-eabi/lib/thumb/v6-m/nofp/libg.a(lib_a-calloc.o) (_impure_ptr)
/usr/lib/gcc/arm-none-eabi/10.3.1/../../../arm-none-eabi/lib/thumb/v6-m/nofp/libg.a(lib_a-init.o)
                              /usr/lib/gcc/arm-none-eabi/10.3.1/../../../arm-none-eabi/lib/thumb/v6-m/nofp/crt0.o (__libc_init_array)
/usr/lib/gcc/arm-none-eabi/10.3.1/../../../arm-none-eabi/lib/thumb/v6-m/nofp/libg.a(lib_a-malloc.o)
                              CMakeFiles/PressureSensor.dir/opt/pico-sdk/src/rp2_common/pico_malloc/pico_malloc.c.obj (malloc)
/usr/lib/gcc/arm-none-eabi/10.3.1/../../../arm-none-eabi/lib/thumb/v6-m/nofp/libg.a(lib_a-mallocr.o)
                              /usr/lib/gcc/arm-none-eabi/10.3.1/../../../arm-none-eabi/lib/thumb/v6-m/nofp/libg.a(lib_a-callocr.o) (_malloc_r)
/usr/lib/gcc/arm-none-eabi/10.3.1/../../../arm-none-eabi/lib/thumb/v6-m/nofp/libg.a(lib_a-mlock.o)
                              /usr/lib/gcc/arm-none-eabi/10.3.1/../../../arm-none-eabi/lib/thumb/v6-m/nofp/libg.a(lib_a-mallocr.o) (__malloc_lock)
/usr/lib/gcc/arm-none-eabi/10.3.1/../../../arm-none-eabi/lib/thumb/v6-m/nofp/libg.a(lib_a-realloc.o)
                              CMakeFiles/PressureSensor.dir/opt/pico-sdk/src/rp2_common/pico_malloc/pico_malloc.c.obj (realloc)
/usr/lib/gcc/arm-none-eabi/10.3.1/../../../arm-none-eabi/lib/thumb/v6-m/nofp/libg.a(lib_a-reallocr.o)
                              /usr/lib/gcc/arm-none-eabi/10.3.1/../../../arm-none-eabi/lib/thumb/v6-m/nofp/libg.a(lib_a-realloc.o) (_realloc_r)
/usr/lib/gcc/arm-none-eabi/10.3.1/../../../arm-none-eabi/lib/thumb/v6-m/nofp/libg.a(lib_a-sbrkr.o)
                              /usr/lib/gcc/arm-none-eabi/10.3.1/../../../arm-none-eabi/lib/thumb/v6-m/nofp/libg.a(lib_a-mallocr.o) (_sbrk_r)
/usr/lib/gcc/arm-none-eabi/10.3.1/../../../arm-none-eabi/lib/thumb/v6-m/nofp/libg.a(lib_a-strlen-stub.o)
                              CMakeFiles/PressureSensor.dir/opt/pico-sdk/src/rp2_common/pico_stdio/stdio.c.obj (strlen)
/usr/lib/gcc/arm-none-eabi/10.3.1/../../../arm-none-eabi/lib/thumb/v6-m/nofp/libg.a(lib_a-__atexit.o)
                              /usr/lib/gcc/arm-none-eabi/10.3.1/../../../arm-none-eabi/lib/thumb/v6-m/nofp/libg.a(lib_a-atexit.o) (__register_exitproc)
/usr/lib/gcc/arm-none-eabi/10.3.1/../../../arm-none-eabi/lib/thumb/v6-m/nofp/libg.a(lib_a-freer.o)
                              /usr/lib/gcc/arm-none-eabi/10.3.1/../../../arm-none-eabi/lib/thumb/v6-m/nofp/libg.a(lib_a-malloc.o) (_free_r)
/usr/lib/gcc/arm-none-eabi/10.3.1/../../../arm-none-eabi/lib/thumb/v6-m/nofp/libg.a(lib_a-memmove.o)
                              /usr/lib/gcc/arm-none-eabi/10.3.1/../../../arm-none-eabi/lib/thumb/v6-m/nofp/libg.a(lib_a-reallocr.o) (memmove)
/usr/lib/gcc/arm-none-eabi/10.3.1/../../../arm-none-eabi/lib/thumb/v6-m/nofp/libg.a(lib_a-reent.o)
                              /usr/lib/gcc/arm-none-eabi/10.3.1/../../../arm-none-eabi/lib/thumb/v6-m/nofp/libg.a(lib_a-sbrkr.o) (errno)

Discarded input sections

 .text          0x0000000000000000        0x0 /usr/lib/gcc/arm-none-eabi/10.3.1/thumb/v6-m/nofp/crti.o
 .data          0x0000000000000000        0x0 /usr/lib/gcc/arm-none-eabi/10.3.1/thumb/v6-m/nofp/crti.o
 .bss           0x0000000000000000        0x0 /usr/lib/gcc/arm-none-eabi/10.3.1/thumb/v6-m/nofp/crti.o
 .data          0x0000000000000000        0x4 /usr/lib/gcc/arm-none-eabi/10.3.1/thumb/v6-m/nofp/crtbegin.o
[...]
Memory Configuration

Name             Origin             Length             Attributes
FLASH            0x0000000010000000 0x0000000000200000 xr
RAM              0x0000000020000000 0x0000000000040000 xrw
SCRATCH_X        0x0000000020040000 0x0000000000001000 xrw
SCRATCH_Y        0x0000000020041000 0x0000000000001000 xrw
*default*        0x0000000000000000 0xffffffffffffffff

Linker script and memory map

LOAD /usr/lib/gcc/arm-none-eabi/10.3.1/thumb/v6-m/nofp/crti.o
LOAD /usr/lib/gcc/arm-none-eabi/10.3.1/thumb/v6-m/nofp/crtbegin.o
LOAD /usr/lib/gcc/arm-none-eabi/10.3.1/../../../arm-none-eabi/lib/thumb/v6-m/nofp/crt0.o

.flash_begin    0x0000000010000000        0x0
                0x0000000010000000                __flash_binary_start = .

.boot2          0x0000000010000000      0x100
                0x0000000010000000                __boot2_start__ = .
 *(.boot2)
 .boot2         0x0000000010000000      0x100 /tmp/ccYFe01c.o
                0x0000000010000100                __boot2_end__ = .
                0x0000000000000001                ASSERT (((__boot2_end__ - __boot2_start__) == 0x100), ERROR: Pico second stage bootloader must be 256 bytes in size)

.text           0x0000000010000100     0x7350
                0x0000000010000100                __logical_binary_start = .
 *(.vectors)
 .vectors       0x0000000010000100       0xd4 CMakeFiles/PressureSensor.dir/opt/pico-sdk/src/rp2_common/pico_standard_link/crt0.S.obj
                0x0000000010000100                __vectors
                0x0000000010000100                __VECTOR_TABLE
                0x00000000100001c0                isr_invalid
                0x00000000100001c0                __default_isrs_start
                0x00000000100001c2                isr_nmi
                0x00000000100001c4                isr_hardfault
                0x00000000100001c6                isr_svcall
                0x00000000100001c8                isr_pendsv
                0x00000000100001ca                isr_systick
                0x00000000100001cc                isr_irq30
                0x00000000100001cc                __unhandled_user_irq
                0x00000000100001cc                isr_irq13
                0x00000000100001cc                isr_irq27
                0x00000000100001cc                isr_irq31
                0x00000000100001cc                isr_irq5
                0x00000000100001cc                isr_irq11
                0x00000000100001cc                isr_irq23
                0x00000000100001cc                isr_irq18
                0x00000000100001cc                isr_irq28
                0x00000000100001cc                isr_irq19
                0x00000000100001cc                isr_irq0
                0x00000000100001cc                isr_irq6
                0x00000000100001cc                isr_irq22
                0x00000000100001cc                isr_irq17
                0x00000000100001cc                isr_irq14
                0x00000000100001cc                isr_irq2
                0x00000000100001cc                isr_irq10
                0x00000000100001cc                isr_irq8
                0x00000000100001cc                isr_irq24
                0x00000000100001cc                isr_irq1
                0x00000000100001cc                isr_irq7
                0x00000000100001cc                isr_irq21
                0x00000000100001cc                isr_irq20
                0x00000000100001cc                isr_irq15
                0x00000000100001cc                isr_irq25
                0x00000000100001cc                isr_irq4
                0x00000000100001cc                isr_irq16
                0x00000000100001cc                isr_irq29
                0x00000000100001cc                isr_irq26
                0x00000000100001cc                __default_isrs_end
                0x00000000100001cc                isr_irq3
                0x00000000100001cc                isr_irq12
                0x00000000100001cc                isr_irq9
                0x00000000100001d2                unhandled_user_irq_num_in_r0
 *(.binary_info_header)
 .binary_info_header
                0x00000000100001d4       0x14 CMakeFiles/PressureSensor.dir/opt/pico-sdk/src/rp2_common/pico_standard_link/crt0.S.obj
                0x00000000100001e8                __binary_info_header_end = .
 *(.reset)
 .reset         0x00000000100001e8       0xa0 CMakeFiles/PressureSensor.dir/opt/pico-sdk/src/rp2_common/pico_standard_link/crt0.S.obj
                0x00000000100001e8                _entry_point
 .reset         0x0000000010000288       0x30 CMakeFiles/PressureSensor.dir/opt/pico-sdk/src/rp2_common/pico_standard_link/binary_info.c.obj
 *(.init)
 .init          0x00000000100002b8        0x4 /usr/lib/gcc/arm-none-eabi/10.3.1/thumb/v6-m/nofp/crti.o
                0x00000000100002b8                _init
 *(EXCLUDE_FILE(*libm.a: *libc.a:*lib_a-mem*.o *libgcc.a:) .text*)
 .text          0x00000000100002bc       0x98 /usr/lib/gcc/arm-none-eabi/10.3.1/thumb/v6-m/nofp/crtbegin.o
 .text.main     0x0000000010000354       0x94 CMakeFiles/PressureSensor.dir/src/main.cpp.obj
                0x0000000010000354                main
 .text.gpio_set_function
                0x00000000100003e8       0x30 CMakeFiles/PressureSensor.dir/opt/pico-sdk/src/rp2_common/hardware_gpio/gpio.c.obj
                0x00000000100003e8                gpio_set_function
 .text.gpio_init
                0x0000000010000418       0x16 CMakeFiles/PressureSensor.dir/opt/pico-sdk/src/rp2_common/hardware_gpio/gpio.c.obj
                0x0000000010000418                gpio_init
 *fill*         0x000000001000042e        0x2 
 .text.running_on_fpga
                0x0000000010000430       0x14 CMakeFiles/PressureSensor.dir/opt/pico-sdk/src/rp2_common/pico_platform/platform.c.obj
                0x0000000010000430                running_on_fpga
 .text.hw_claim_lock
                0x0000000010000444       0x18 CMakeFiles/PressureSensor.dir/opt/pico-sdk/src/rp2_common/hardware_claim/claim.c.obj
                0x0000000010000444                hw_claim_lock
 .text.hw_claim_unlock
                0x000000001000045c       0x14 CMakeFiles/PressureSensor.dir/opt/pico-sdk/src/rp2_common/hardware_claim/claim.c.obj
                0x000000001000045c                hw_claim_unlock
 .text.hw_claim_or_assert
                0x0000000010000470       0x32 CMakeFiles/PressureSensor.dir/opt/pico-sdk/src/rp2_common/hardware_claim/claim.c.obj
                0x0000000010000470                hw_claim_or_assert
 .text.hw_claim_unused_from_range
                0x00000000100004a2       0x50 CMakeFiles/PressureSensor.dir/opt/pico-sdk/src/rp2_common/hardware_claim/claim.c.obj
                0x00000000100004a2                hw_claim_unused_from_range
 *fill*         0x00000000100004f2        0x2 
 .text.spin_locks_reset
                0x00000000100004f4       0x20 CMakeFiles/PressureSensor.dir/opt/pico-sdk/src/rp2_common/hardware_sync/sync.c.obj
                0x00000000100004f4                spin_locks_reset
 .text.next_striped_spin_lock_num
                0x0000000010000514       0x1c CMakeFiles/PressureSensor.dir/opt/pico-sdk/src/rp2_common/hardware_sync/sync.c.obj
                0x0000000010000514                next_striped_spin_lock_num
 .text.spin_lock_claim_unused
                0x0000000010000530       0x20 CMakeFiles/PressureSensor.dir/opt/pico-sdk/src/rp2_common/hardware_sync/sync.c.obj
                0x0000000010000530                spin_lock_claim_unused
 .text.set_raw_irq_handler_and_unlock
                0x0000000010000550       0x28 CMakeFiles/PressureSensor.dir/opt/pico-sdk/src/rp2_common/hardware_irq/irq.c.obj
 .text.make_branch
                0x0000000010000578       0x48 CMakeFiles/PressureSensor.dir/opt/pico-sdk/src/rp2_common/hardware_irq/irq.c.obj
 .text.insert_branch_and_link
                0x00000000100005c0       0x40 CMakeFiles/PressureSensor.dir/opt/pico-sdk/src/rp2_common/hardware_irq/irq.c.obj
 .text.irq_is_enabled
                0x0000000010000600       0x18 CMakeFiles/PressureSensor.dir/opt/pico-sdk/src/rp2_common/hardware_irq/irq.c.obj
                0x0000000010000600                irq_is_enabled
 .text.irq_set_mask_enabled
                0x0000000010000618       0x20 CMakeFiles/PressureSensor.dir/opt/pico-sdk/src/rp2_common/hardware_irq/irq.c.obj
                0x0000000010000618                irq_set_mask_enabled
 .text.irq_set_enabled
                0x0000000010000638        0xe CMakeFiles/PressureSensor.dir/opt/pico-sdk/src/rp2_common/hardware_irq/irq.c.obj
                0x0000000010000638                irq_set_enabled
 *fill*         0x0000000010000646        0x2 
 .text.irq_set_pending
                0x0000000010000648       0x10 CMakeFiles/PressureSensor.dir/opt/pico-sdk/src/rp2_common/hardware_irq/irq.c.obj
                0x0000000010000648                irq_set_pending
 .text.irq_get_vtable_handler
                0x0000000010000658       0x10 CMakeFiles/PressureSensor.dir/opt/pico-sdk/src/rp2_common/hardware_irq/irq.c.obj
                0x0000000010000658                irq_get_vtable_handler
 .text.irq_has_shared_handler
                0x0000000010000668       0x24 CMakeFiles/PressureSensor.dir/opt/pico-sdk/src/rp2_common/hardware_irq/irq.c.obj
                0x0000000010000668                irq_has_shared_handler
 .text.irq_set_exclusive_handler
                0x000000001000068c       0x54 CMakeFiles/PressureSensor.dir/opt/pico-sdk/src/rp2_common/hardware_irq/irq.c.obj
                0x000000001000068c                irq_set_exclusive_handler
 .text.irq_add_shared_handler
                0x00000000100006e0      0x234 CMakeFiles/PressureSensor.dir/opt/pico-sdk/src/rp2_common/hardware_irq/irq.c.obj
                0x00000000100006e0                irq_add_shared_handler
 .text.irq_remove_handler
                0x0000000010000914      0x1ac CMakeFiles/PressureSensor.dir/opt/pico-sdk/src/rp2_common/hardware_irq/irq.c.obj
                0x0000000010000914                irq_remove_handler
 .text.irq_add_tail_to_free_list
                0x0000000010000ac0       0xf0 CMakeFiles/PressureSensor.dir/opt/pico-sdk/src/rp2_common/hardware_irq/irq.c.obj
                0x0000000010000ac0                irq_add_tail_to_free_list
 .text.irq_init_priorities
                0x0000000010000bb0       0x1c CMakeFiles/PressureSensor.dir/opt/pico-sdk/src/rp2_common/hardware_irq/irq.c.obj
                0x0000000010000bb0                irq_init_priorities
 .text.user_irq_claim_unused
                0x0000000010000bcc       0x28 CMakeFiles/PressureSensor.dir/opt/pico-sdk/src/rp2_common/hardware_irq/irq.c.obj
                0x0000000010000bcc                user_irq_claim_unused
 .text.lock_init
                0x0000000010000bf4       0x10 CMakeFiles/PressureSensor.dir/opt/pico-sdk/src/common/pico_sync/lock_core.c.obj
                0x0000000010000bf4                lock_init
 .text.mutex_init
                0x0000000010000c04       0x1a CMakeFiles/PressureSensor.dir/opt/pico-sdk/src/common/pico_sync/mutex.c.obj
                0x0000000010000c04                mutex_init
 .text.recursive_mutex_init
                0x0000000010000c1e       0x1e CMakeFiles/PressureSensor.dir/opt/pico-sdk/src/common/pico_sync/mutex.c.obj
                0x0000000010000c1e                recursive_mutex_init
 .text.critical_section_init_with_lock_num
                0x0000000010000c3c       0x14 CMakeFiles/PressureSensor.dir/opt/pico-sdk/src/common/pico_sync/critical_section.c.obj
                0x0000000010000c3c                critical_section_init_with_lock_num
 .text.critical_section_init
                0x0000000010000c50       0x14 CMakeFiles/PressureSensor.dir/opt/pico-sdk/src/common/pico_sync/critical_section.c.obj
                0x0000000010000c50                critical_section_init
 .text.alarm_pool_post_alloc_init
                0x0000000010000c64       0x40 CMakeFiles/PressureSensor.dir/opt/pico-sdk/src/common/pico_time/time.c.obj
 .text.sleep_until_callback
                0x0000000010000ca4       0x30 CMakeFiles/PressureSensor.dir/opt/pico-sdk/src/common/pico_time/time.c.obj
 .text.timer_pool_entry_comparator
                0x0000000010000cd4       0x7c CMakeFiles/PressureSensor.dir/opt/pico-sdk/src/common/pico_time/time.c.obj
                0x0000000010000cd4                timer_pool_entry_comparator
 .text.ph_add_child_node
                0x0000000010000d50       0xa4 CMakeFiles/PressureSensor.dir/opt/pico-sdk/src/common/pico_time/time.c.obj
 .text.ph_merge_nodes
                0x0000000010000df4       0x3e CMakeFiles/PressureSensor.dir/opt/pico-sdk/src/common/pico_time/time.c.obj
 *fill*         0x0000000010000e32        0x2 
 .text.add_alarm_under_lock
                0x0000000010000e34      0x174 CMakeFiles/PressureSensor.dir/opt/pico-sdk/src/common/pico_time/time.c.obj
 .text.alarm_pool_alarm_callback
                0x0000000010000fa8      0x33c CMakeFiles/PressureSensor.dir/opt/pico-sdk/src/common/pico_time/time.c.obj
 .text.alarm_pool_init_default
                0x00000000100012e4       0x40 CMakeFiles/PressureSensor.dir/opt/pico-sdk/src/common/pico_time/time.c.obj
                0x00000000100012e4                alarm_pool_init_default
 .text.alarm_pool_get_default
                0x0000000010001324       0x2c CMakeFiles/PressureSensor.dir/opt/pico-sdk/src/common/pico_time/time.c.obj
                0x0000000010001324                alarm_pool_get_default
 .text.alarm_pool_add_alarm_at
                0x0000000010001350      0x168 CMakeFiles/PressureSensor.dir/opt/pico-sdk/src/common/pico_time/time.c.obj
                0x0000000010001350                alarm_pool_add_alarm_at
 .text.alarm_pool_cancel_alarm
                0x00000000100014b8       0xf8 CMakeFiles/PressureSensor.dir/opt/pico-sdk/src/common/pico_time/time.c.obj
                0x00000000100014b8                alarm_pool_cancel_alarm
 .text.alarm_pool_core_num
                0x00000000100015b0        0x4 CMakeFiles/PressureSensor.dir/opt/pico-sdk/src/common/pico_time/time.c.obj
                0x00000000100015b0                alarm_pool_core_num
 .text.sleep_until
                0x00000000100015b4       0xfc CMakeFiles/PressureSensor.dir/opt/pico-sdk/src/common/pico_time/time.c.obj
                0x00000000100015b4                sleep_until
 .text.sleep_us
                0x00000000100016b0       0x58 CMakeFiles/PressureSensor.dir/opt/pico-sdk/src/common/pico_time/time.c.obj
                0x00000000100016b0                sleep_us
 .text.best_effort_wfe_or_timeout
                0x0000000010001708       0xac CMakeFiles/PressureSensor.dir/opt/pico-sdk/src/common/pico_time/time.c.obj
                0x0000000010001708                best_effort_wfe_or_timeout
 .text.hardware_alarm_irq_handler
                0x00000000100017b4       0x90 CMakeFiles/PressureSensor.dir/opt/pico-sdk/src/rp2_common/hardware_timer/timer.c.obj
 .text.hardware_alarm_claim
                0x0000000010001844       0x18 CMakeFiles/PressureSensor.dir/opt/pico-sdk/src/rp2_common/hardware_timer/timer.c.obj
                0x0000000010001844                hardware_alarm_claim
 .text.time_us_64
                0x000000001000185c       0x18 CMakeFiles/PressureSensor.dir/opt/pico-sdk/src/rp2_common/hardware_timer/timer.c.obj
                0x000000001000185c                time_us_64
 .text.busy_wait_until
                0x0000000010001874       0x28 CMakeFiles/PressureSensor.dir/opt/pico-sdk/src/rp2_common/hardware_timer/timer.c.obj
                0x0000000010001874                busy_wait_until
 .text.hardware_alarm_set_callback
                0x000000001000189c       0x90 CMakeFiles/PressureSensor.dir/opt/pico-sdk/src/rp2_common/hardware_timer/timer.c.obj
                0x000000001000189c                hardware_alarm_set_callback
 .text.hardware_alarm_set_target
                0x000000001000192c       0xe8 CMakeFiles/PressureSensor.dir/opt/pico-sdk/src/rp2_common/hardware_timer/timer.c.obj
                0x000000001000192c                hardware_alarm_set_target
 .text.hardware_alarm_cancel
                0x0000000010001a14       0x40 CMakeFiles/PressureSensor.dir/opt/pico-sdk/src/rp2_common/hardware_timer/timer.c.obj
                0x0000000010001a14                hardware_alarm_cancel
 .text.ph_add_child_node
                0x0000000010001a54       0xa4 CMakeFiles/PressureSensor.dir/opt/pico-sdk/src/common/pico_util/pheap.c.obj
 .text.ph_merge_nodes
                0x0000000010001af8       0x3e CMakeFiles/PressureSensor.dir/opt/pico-sdk/src/common/pico_util/pheap.c.obj
 *fill*         0x0000000010001b36        0x2 
 .text.ph_clear
                0x0000000010001b38       0x70 CMakeFiles/PressureSensor.dir/opt/pico-sdk/src/common/pico_util/pheap.c.obj
                0x0000000010001b38                ph_clear
 .text.ph_post_alloc_init
                0x0000000010001ba8        0xe CMakeFiles/PressureSensor.dir/opt/pico-sdk/src/common/pico_util/pheap.c.obj
                0x0000000010001ba8                ph_post_alloc_init
 *fill*         0x0000000010001bb6        0x2 
 .text.ph_merge_two_pass
                0x0000000010001bb8       0xa8 CMakeFiles/PressureSensor.dir/opt/pico-sdk/src/common/pico_util/pheap.c.obj
                0x0000000010001bb8                ph_merge_two_pass
 .text.ph_remove_any_head
                0x0000000010001c60      0x128 CMakeFiles/PressureSensor.dir/opt/pico-sdk/src/common/pico_util/pheap.c.obj
 .text.ph_remove_head
                0x0000000010001d88       0x14 CMakeFiles/PressureSensor.dir/opt/pico-sdk/src/common/pico_util/pheap.c.obj
                0x0000000010001d88                ph_remove_head
 .text.ph_remove_and_free_node
                0x0000000010001d9c       0xf8 CMakeFiles/PressureSensor.dir/opt/pico-sdk/src/common/pico_util/pheap.c.obj
                0x0000000010001d9c                ph_remove_and_free_node
 .text.clock_configure
                0x0000000010001e94      0x108 CMakeFiles/PressureSensor.dir/opt/pico-sdk/src/rp2_common/hardware_clocks/clocks.c.obj
                0x0000000010001e94                clock_configure
 .text.clocks_init
                0x0000000010001f9c      0x100 CMakeFiles/PressureSensor.dir/opt/pico-sdk/src/rp2_common/hardware_clocks/clocks.c.obj
                0x0000000010001f9c                clocks_init
 .text.clock_get_hz
                0x000000001000209c        0xc CMakeFiles/PressureSensor.dir/opt/pico-sdk/src/rp2_common/hardware_clocks/clocks.c.obj
                0x000000001000209c                clock_get_hz
 .text.pll_init
                0x00000000100020a8      0x120 CMakeFiles/PressureSensor.dir/opt/pico-sdk/src/rp2_common/hardware_pll/pll.c.obj
                0x00000000100020a8                pll_init
 .text.watchdog_start_tick
                0x00000000100021c8       0x10 CMakeFiles/PressureSensor.dir/opt/pico-sdk/src/rp2_common/hardware_watchdog/watchdog.c.obj
                0x00000000100021c8                watchdog_start_tick
 .text.watchdog_update
                0x00000000100021d8       0x14 CMakeFiles/PressureSensor.dir/opt/pico-sdk/src/rp2_common/hardware_watchdog/watchdog.c.obj
                0x00000000100021d8                watchdog_update
 .text._watchdog_enable
                0x00000000100021ec       0x78 CMakeFiles/PressureSensor.dir/opt/pico-sdk/src/rp2_common/hardware_watchdog/watchdog.c.obj
                0x00000000100021ec                _watchdog_enable
 .text.watchdog_reboot
                0x0000000010002264       0x48 CMakeFiles/PressureSensor.dir/opt/pico-sdk/src/rp2_common/hardware_watchdog/watchdog.c.obj
                0x0000000010002264                watchdog_reboot
 .text.xosc_init
                0x00000000100022ac       0x28 CMakeFiles/PressureSensor.dir/opt/pico-sdk/src/rp2_common/hardware_xosc/xosc.c.obj
                0x00000000100022ac                xosc_init
 .text._exit    0x00000000100022d4        0x4 CMakeFiles/PressureSensor.dir/opt/pico-sdk/src/rp2_common/pico_runtime/runtime.c.obj
                0x00000000100022d4                _exit
 .text.exit     0x00000000100022d8        0x6 CMakeFiles/PressureSensor.dir/opt/pico-sdk/src/rp2_common/pico_runtime/runtime.c.obj
                0x00000000100022d8                exit
 *fill*         0x00000000100022de        0x2 
 .text.__assert_func
                0x00000000100022e0       0x3c CMakeFiles/PressureSensor.dir/opt/pico-sdk/src/rp2_common/pico_runtime/runtime.c.obj
                0x00000000100022e0                __assert_func
 .text.runtime_init
                0x000000001000231c       0xf8 CMakeFiles/PressureSensor.dir/opt/pico-sdk/src/rp2_common/pico_runtime/runtime.c.obj
                0x000000001000231c                runtime_init
 .text.panic    0x0000000010002414       0x30 CMakeFiles/PressureSensor.dir/opt/pico-sdk/src/rp2_common/pico_runtime/runtime.c.obj
                0x0000000010002414                panic
 .text._out_null
                0x0000000010002444        0x2 CMakeFiles/PressureSensor.dir/opt/pico-sdk/src/rp2_common/pico_printf/printf.c.obj
 .text._out_fct
                0x0000000010002446        0xe CMakeFiles/PressureSensor.dir/opt/pico-sdk/src/rp2_common/pico_printf/printf.c.obj
 .text._atoi    0x0000000010002454       0x24 CMakeFiles/PressureSensor.dir/opt/pico-sdk/src/rp2_common/pico_printf/printf.c.obj
 .text._out_rev
                0x0000000010002478       0xae CMakeFiles/PressureSensor.dir/opt/pico-sdk/src/rp2_common/pico_printf/printf.c.obj
 .text._ntoa_format
                0x0000000010002526      0x112 CMakeFiles/PressureSensor.dir/opt/pico-sdk/src/rp2_common/pico_printf/printf.c.obj
 .text._ntoa_long
                0x0000000010002638       0xbc CMakeFiles/PressureSensor.dir/opt/pico-sdk/src/rp2_common/pico_printf/printf.c.obj
 .text._ntoa_long_long
                0x00000000100026f4       0xe2 CMakeFiles/PressureSensor.dir/opt/pico-sdk/src/rp2_common/pico_printf/printf.c.obj
 *fill*         0x00000000100027d6        0x2 
 .text._etoa    0x00000000100027d8      0x414 CMakeFiles/PressureSensor.dir/opt/pico-sdk/src/rp2_common/pico_printf/printf.c.obj
 .text._ftoa    0x0000000010002bec      0x354 CMakeFiles/PressureSensor.dir/opt/pico-sdk/src/rp2_common/pico_printf/printf.c.obj
 .text._vsnprintf
                0x0000000010002f40      0x624 CMakeFiles/PressureSensor.dir/opt/pico-sdk/src/rp2_common/pico_printf/printf.c.obj
 .text.vfctprintf
                0x0000000010003564       0x20 CMakeFiles/PressureSensor.dir/opt/pico-sdk/src/rp2_common/pico_printf/printf.c.obj
                0x0000000010003564                vfctprintf
 .text          0x0000000010003584       0x10 CMakeFiles/PressureSensor.dir/opt/pico-sdk/src/rp2_common/pico_bit_ops/bit_ops_aeabi.S.obj
 .text.rom_func_lookup
                0x0000000010003594       0x10 CMakeFiles/PressureSensor.dir/opt/pico-sdk/src/rp2_common/pico_bootrom/bootrom.c.obj
                0x0000000010003594                rom_func_lookup
 .text.rom_data_lookup
                0x00000000100035a4       0x10 CMakeFiles/PressureSensor.dir/opt/pico-sdk/src/rp2_common/pico_bootrom/bootrom.c.obj
                0x00000000100035a4                rom_data_lookup
 .text.rom_funcs_lookup
                0x00000000100035b4       0x36 CMakeFiles/PressureSensor.dir/opt/pico-sdk/src/rp2_common/pico_bootrom/bootrom.c.obj
                0x00000000100035b4                rom_funcs_lookup
 *fill*         0x00000000100035ea        0x2 
 .text.__wrap___aeabi_idiv
                0x00000000100035ec       0x50 CMakeFiles/PressureSensor.dir/opt/pico-sdk/src/rp2_common/pico_divider/divider.S.obj
                0x00000000100035ec                __wrap___aeabi_idivmod
                0x00000000100035ec                divmod_s32s32
                0x00000000100035ec                div_s32s32
                0x00000000100035ec                __wrap___aeabi_idiv
                0x00000000100035f4                divmod_s32s32_unsafe
                0x0000000010003620                divmod_s32s32_savestate
 .text.__wrap___aeabi_uidiv
                0x000000001000363c       0x4c CMakeFiles/PressureSensor.dir/opt/pico-sdk/src/rp2_common/pico_divider/divider.S.obj
                0x000000001000363c                __wrap___aeabi_uidiv
                0x000000001000363c                __wrap___aeabi_uidivmod
                0x000000001000363c                div_u32u32
                0x000000001000363c                divmod_u32u32
                0x0000000010003644                divmod_u32u32_unsafe
                0x000000001000366c                divmod_u32u32_savestate
 .text.__wrap___aeabi_ldiv
                0x0000000010003688      0x424 CMakeFiles/PressureSensor.dir/opt/pico-sdk/src/rp2_common/pico_divider/divider.S.obj
                0x0000000010003688                div_s64s64
                0x0000000010003688                divmod_s64s64
                0x0000000010003688                __wrap___aeabi_ldivmod
                0x00000000100036b8                div_u64u64
                0x00000000100036b8                divmod_u64u64
                0x00000000100036b8                __wrap___aeabi_uldivmod
                0x00000000100036c8                divmod_u64u64_savestate
                0x00000000100036e8                divmod_s64s64_unsafe
                0x0000000010003770                divmod_u64u64_unsafe
 .text.__wrap___aeabi_darithmetic
                0x0000000010003aac       0x80 CMakeFiles/PressureSensor.dir/opt/pico-sdk/src/rp2_common/pico_double/double_aeabi.S.obj
                0x0000000010003aac                __wrap___aeabi_drsub
                0x0000000010003ab2                __wrap___aeabi_dsub
                0x0000000010003ac4                __wrap___aeabi_dadd
                0x0000000010003ad6                __wrap___aeabi_ddiv
                0x0000000010003b12                __wrap___aeabi_dmul
 .text.__wrap___aeabi_cdcmple
                0x0000000010003b2c       0x6c CMakeFiles/PressureSensor.dir/opt/pico-sdk/src/rp2_common/pico_double/double_aeabi.S.obj
                0x0000000010003b2c                __wrap___aeabi_cdrcmple
                0x0000000010003b3c                __wrap___aeabi_cdcmple
                0x0000000010003b3c                __wrap___aeabi_cdcmpeq
 .text.__wrap___aeabi_dcmplt
                0x0000000010003b98        0xc CMakeFiles/PressureSensor.dir/opt/pico-sdk/src/rp2_common/pico_double/double_aeabi.S.obj
                0x0000000010003b98                __wrap___aeabi_dcmplt
 .text.__wrap___aeabi_dcmple
                0x0000000010003ba4       0x10 CMakeFiles/PressureSensor.dir/opt/pico-sdk/src/rp2_common/pico_double/double_aeabi.S.obj
                0x0000000010003ba4                __wrap___aeabi_dcmple
 .text.__wrap___aeabi_dcmpge
                0x0000000010003bb4       0x10 CMakeFiles/PressureSensor.dir/opt/pico-sdk/src/rp2_common/pico_double/double_aeabi.S.obj
                0x0000000010003bb4                __wrap___aeabi_dcmpge
 .text.__wrap___aeabi_dcmpgt
                0x0000000010003bc4        0xa CMakeFiles/PressureSensor.dir/opt/pico-sdk/src/rp2_common/pico_double/double_aeabi.S.obj
                0x0000000010003bc4                __wrap___aeabi_dcmpgt
 .text.__wrap___aeabi_dcmpun
                0x0000000010003bce       0x1c CMakeFiles/PressureSensor.dir/opt/pico-sdk/src/rp2_common/pico_double/double_aeabi.S.obj
                0x0000000010003bce                __wrap___aeabi_dcmpun
 *fill*         0x0000000010003bea        0x2 
 .text.__wrap___aeabi_i2d
                0x0000000010003bec       0x38 CMakeFiles/PressureSensor.dir/opt/pico-sdk/src/rp2_common/pico_double/double_aeabi.S.obj
                0x0000000010003bec                __wrap___aeabi_ui2d
                0x0000000010003bf4                __wrap___aeabi_i2d
 .text.__wrap___aeabi_d2iz
                0x0000000010003c24       0x48 CMakeFiles/PressureSensor.dir/opt/pico-sdk/src/rp2_common/pico_double/double_aeabi.S.obj
                0x0000000010003c24                __wrap___aeabi_d2iz
                0x0000000010003c24                double2int_z
 .text.__wrap___aeabi_d2uiz
                0x0000000010003c6c       0x18 CMakeFiles/PressureSensor.dir/opt/pico-sdk/src/rp2_common/pico_double/double_aeabi.S.obj
                0x0000000010003c6c                double2uint
                0x0000000010003c6c                __wrap___aeabi_d2uiz
 .text.__aeabi_double_init
                0x0000000010003c84       0xc8 CMakeFiles/PressureSensor.dir/opt/pico-sdk/src/rp2_common/pico_double/double_init_rom.c.obj
                0x0000000010003c84                __aeabi_double_init
 .text.double_table_shim_on_use_helper
                0x0000000010003d4c       0x34 CMakeFiles/PressureSensor.dir/opt/pico-sdk/src/rp2_common/pico_double/double_v1_rom_shim.S.obj
                0x0000000010003d4c                double_table_shim_on_use_helper
 .text.__wrap___aeabi_dsub
                0x0000000010003d80       0x10 CMakeFiles/PressureSensor.dir/opt/pico-sdk/src/rp2_common/pico_double/double_v1_rom_shim.S.obj
                0x0000000010003d80                drsub_shim
                0x0000000010003d86                dsub_shim
 .text.dadd_shim
                0x0000000010003d90      0x15c CMakeFiles/PressureSensor.dir/opt/pico-sdk/src/rp2_common/pico_double/double_v1_rom_shim.S.obj
                0x0000000010003d90                dadd_shim
 .text.dmul_shim
                0x0000000010003eec      0x15c CMakeFiles/PressureSensor.dir/opt/pico-sdk/src/rp2_common/pico_double/double_v1_rom_shim.S.obj
                0x0000000010003eec                dmul_shim
 .text.ddiv_shim
                0x0000000010004048      0x1b0 CMakeFiles/PressureSensor.dir/opt/pico-sdk/src/rp2_common/pico_double/double_v1_rom_shim.S.obj
                0x0000000010004048                ddiv_shim
 .text.double2uint_shim
                0x00000000100041f8        0xe CMakeFiles/PressureSensor.dir/opt/pico-sdk/src/rp2_common/pico_double/double_v1_rom_shim.S.obj
                0x00000000100041f8                double2uint_shim
                0x00000000100041fa                double2ufix_shim
 *fill*         0x0000000010004206        0x2 
 .text.double2uint64_shim
                0x0000000010004208       0x70 CMakeFiles/PressureSensor.dir/opt/pico-sdk/src/rp2_common/pico_double/double_v1_rom_shim.S.obj
                0x0000000010004208                double2uint64_shim
                0x000000001000420a                double2ufix64_shim
                0x000000001000422a                d2fix_a
 .text.dunpacks
                0x0000000010004278       0x3c CMakeFiles/PressureSensor.dir/opt/pico-sdk/src/rp2_common/pico_double/double_v1_rom_shim.S.obj
                0x0000000010004278                dunpacks
 .text.__aeabi_lmul
                0x00000000100042b4       0x32 CMakeFiles/PressureSensor.dir/opt/pico-sdk/src/rp2_common/pico_int64_ops/pico_int64_ops_aeabi.S.obj
                0x00000000100042b4                __wrap___aeabi_lmul
 *fill*         0x00000000100042e6        0x2 
 .text.__wrap___aeabi_farithmetic
                0x00000000100042e8       0x58 CMakeFiles/PressureSensor.dir/opt/pico-sdk/src/rp2_common/pico_float/float_aeabi.S.obj
                0x00000000100042e8                __wrap___aeabi_frsub
                0x00000000100042ee                __wrap___aeabi_fsub
                0x00000000100042f8                __wrap___aeabi_fadd
                0x0000000010004302                __wrap___aeabi_fdiv
                0x000000001000432e                __wrap___aeabi_fmul
 .text.__wrap___aeabi_ui2f
                0x0000000010004340        0xa CMakeFiles/PressureSensor.dir/opt/pico-sdk/src/rp2_common/pico_float/float_aeabi.S.obj
                0x0000000010004340                __wrap___aeabi_ui2f
 *fill*         0x000000001000434a        0x2 
 .text.__wrap___aeabi_i2f
                0x000000001000434c       0x44 CMakeFiles/PressureSensor.dir/opt/pico-sdk/src/rp2_common/pico_float/float_aeabi.S.obj
                0x000000001000434c                __wrap___aeabi_i2f
 .text.__wrap___aeabi_f2iz
                0x0000000010004390       0x4e CMakeFiles/PressureSensor.dir/opt/pico-sdk/src/rp2_common/pico_float/float_aeabi.S.obj
                0x0000000010004390                __wrap___aeabi_f2iz
                0x0000000010004390                float2int_z
 *fill*         0x00000000100043de        0x2 
 .text.float2int
                0x00000000100043e0       0x14 CMakeFiles/PressureSensor.dir/opt/pico-sdk/src/rp2_common/pico_float/float_aeabi.S.obj
                0x00000000100043e0                float2int
 .text.__wrap___aeabi_f2uiz
                0x00000000100043f4       0x10 CMakeFiles/PressureSensor.dir/opt/pico-sdk/src/rp2_common/pico_float/float_aeabi.S.obj
                0x00000000100043f4                __wrap___aeabi_f2uiz
 .text.__wrap___aeabi_f2d
                0x0000000010004404       0x14 CMakeFiles/PressureSensor.dir/opt/pico-sdk/src/rp2_common/pico_float/float_aeabi.S.obj
                0x0000000010004404                __wrap___aeabi_f2d
 .text.__aeabi_float_init
                0x0000000010004418       0xfc CMakeFiles/PressureSensor.dir/opt/pico-sdk/src/rp2_common/pico_float/float_init_rom.c.obj
                0x0000000010004418                __aeabi_float_init
 .text.float_table_shim_on_use_helper
                0x0000000010004514       0x34 CMakeFiles/PressureSensor.dir/opt/pico-sdk/src/rp2_common/pico_float/float_v1_rom_shim.S.obj
                0x0000000010004514                float_table_shim_on_use_helper
 .text.float232_shims
                0x0000000010004548       0x18 CMakeFiles/PressureSensor.dir/opt/pico-sdk/src/rp2_common/pico_float/float_v1_rom_shim.S.obj
                0x0000000010004548                float2int_shim
                0x000000001000454a                float2fix_shim
 .text.float2double_shim
                0x0000000010004560       0x30 CMakeFiles/PressureSensor.dir/opt/pico-sdk/src/rp2_common/pico_float/float_v1_rom_shim.S.obj
                0x0000000010004560                float2double_shim
 .text          0x0000000010004590       0x10 CMakeFiles/PressureSensor.dir/opt/pico-sdk/src/rp2_common/pico_mem_ops/mem_ops_aeabi.S.obj
                0x0000000010004590                __aeabi_mem_init
 .text.memset   0x00000000100045a0        0xc CMakeFiles/PressureSensor.dir/opt/pico-sdk/src/rp2_common/pico_mem_ops/mem_ops_aeabi.S.obj
                0x00000000100045a0                __wrap_memset
 .text.memcpy   0x00000000100045ac        0xc CMakeFiles/PressureSensor.dir/opt/pico-sdk/src/rp2_common/pico_mem_ops/mem_ops_aeabi.S.obj
                0x00000000100045ac                __wrap___aeabi_memcpy
                0x00000000100045ac                __wrap_memcpy
 .text.stdio_out_chars_no_crlf
                0x00000000100045b8        0xe CMakeFiles/PressureSensor.dir/opt/pico-sdk/src/rp2_common/pico_stdio/stdio.c.obj
 *fill*         0x00000000100045c6        0x2 
 .text.stdio_out_chars_crlf
                0x00000000100045c8       0x80 CMakeFiles/PressureSensor.dir/opt/pico-sdk/src/rp2_common/pico_stdio/stdio.c.obj
 .text.stdio_stack_buffer_flush
                0x0000000010004648       0x44 CMakeFiles/PressureSensor.dir/opt/pico-sdk/src/rp2_common/pico_stdio/stdio.c.obj
 .text.stdio_buffered_printer
                0x000000001000468c       0x20 CMakeFiles/PressureSensor.dir/opt/pico-sdk/src/rp2_common/pico_stdio/stdio.c.obj
 .text.stdout_serialize_begin
                0x00000000100046ac       0x5c CMakeFiles/PressureSensor.dir/opt/pico-sdk/src/rp2_common/pico_stdio/stdio.c.obj
                0x00000000100046ac                stdout_serialize_begin
 .text.stdout_serialize_end
                0x0000000010004708       0x10 CMakeFiles/PressureSensor.dir/opt/pico-sdk/src/rp2_common/pico_stdio/stdio.c.obj
                0x0000000010004708                stdout_serialize_end
 .text.stdio_put_string
                0x0000000010004718       0x98 CMakeFiles/PressureSensor.dir/opt/pico-sdk/src/rp2_common/pico_stdio/stdio.c.obj
 .text.stdio_set_driver_enabled
                0x00000000100047b0       0x2c CMakeFiles/PressureSensor.dir/opt/pico-sdk/src/rp2_common/pico_stdio/stdio.c.obj
                0x00000000100047b0                stdio_set_driver_enabled
 .text.stdio_flush
                0x00000000100047dc       0x20 CMakeFiles/PressureSensor.dir/opt/pico-sdk/src/rp2_common/pico_stdio/stdio.c.obj
                0x00000000100047dc                stdio_flush
 .text.__wrap_puts
                0x00000000100047fc       0x1e CMakeFiles/PressureSensor.dir/opt/pico-sdk/src/rp2_common/pico_stdio/stdio.c.obj
                0x00000000100047fc                __wrap_puts
 *fill*         0x000000001000481a        0x2 
 .text.__wrap_vprintf
                0x000000001000481c       0x40 CMakeFiles/PressureSensor.dir/opt/pico-sdk/src/rp2_common/pico_stdio/stdio.c.obj
                0x000000001000481c                __wrap_vprintf
 .text.__wrap_printf
                0x000000001000485c       0x18 CMakeFiles/PressureSensor.dir/opt/pico-sdk/src/rp2_common/pico_stdio/stdio.c.obj
                0x000000001000485c                __wrap_printf
 .text.stdio_init_all
                0x0000000010004874        0x8 CMakeFiles/PressureSensor.dir/opt/pico-sdk/src/rp2_common/pico_stdio/stdio.c.obj
                0x0000000010004874                stdio_init_all
 .text.resetd_init
                0x000000001000487c        0x2 CMakeFiles/PressureSensor.dir/opt/pico-sdk/src/rp2_common/pico_stdio_usb/reset_interface.c.obj
 *fill*         0x000000001000487e        0x2 
 .text.resetd_reset
                0x0000000010004880        0xc CMakeFiles/PressureSensor.dir/opt/pico-sdk/src/rp2_common/pico_stdio_usb/reset_interface.c.obj
 .text.resetd_open
                0x000000001000488c       0x34 CMakeFiles/PressureSensor.dir/opt/pico-sdk/src/rp2_common/pico_stdio_usb/reset_interface.c.obj
 .text.resetd_xfer_cb
                0x00000000100048c0        0x4 CMakeFiles/PressureSensor.dir/opt/pico-sdk/src/rp2_common/pico_stdio_usb/reset_interface.c.obj
 .text.reset_usb_boot
                0x00000000100048c4       0x18 CMakeFiles/PressureSensor.dir/opt/pico-sdk/src/rp2_common/pico_stdio_usb/reset_interface.c.obj
 .text.resetd_control_xfer_cb
                0x00000000100048dc       0x5c CMakeFiles/PressureSensor.dir/opt/pico-sdk/src/rp2_common/pico_stdio_usb/reset_interface.c.obj
 .text.usbd_app_driver_get_cb
                0x0000000010004938        0xc CMakeFiles/PressureSensor.dir/opt/pico-sdk/src/rp2_common/pico_stdio_usb/reset_interface.c.obj
                0x0000000010004938                usbd_app_driver_get_cb
 .text.tud_cdc_line_coding_cb
                0x0000000010004944       0x28 CMakeFiles/PressureSensor.dir/opt/pico-sdk/src/rp2_common/pico_stdio_usb/reset_interface.c.obj
                0x0000000010004944                tud_cdc_line_coding_cb
 .text.stdio_usb_set_chars_available_callback
                0x000000001000496c       0x14 CMakeFiles/PressureSensor.dir/opt/pico-sdk/src/rp2_common/pico_stdio_usb/stdio_usb.c.obj
                0x000000001000496c                stdio_usb_set_chars_available_callback
 .text.usb_irq  0x0000000010004980       0x10 CMakeFiles/PressureSensor.dir/opt/pico-sdk/src/rp2_common/pico_stdio_usb/stdio_usb.c.obj
 .text.timer_task
                0x0000000010004990       0x5c CMakeFiles/PressureSensor.dir/opt/pico-sdk/src/rp2_common/pico_stdio_usb/stdio_usb.c.obj
 .text.low_priority_worker_irq
                0x00000000100049ec       0xdc CMakeFiles/PressureSensor.dir/opt/pico-sdk/src/rp2_common/pico_stdio_usb/stdio_usb.c.obj
 .text.tud_cdc_rx_cb
                0x0000000010004ac8       0x20 CMakeFiles/PressureSensor.dir/opt/pico-sdk/src/rp2_common/pico_stdio_usb/stdio_usb.c.obj
                0x0000000010004ac8                tud_cdc_rx_cb
 .text.stdio_usb_init
                0x0000000010004ae8      0x11c CMakeFiles/PressureSensor.dir/opt/pico-sdk/src/rp2_common/pico_stdio_usb/stdio_usb.c.obj
                0x0000000010004ae8                stdio_usb_init
 .text.stdio_usb_connected
                0x0000000010004c04        0xa CMakeFiles/PressureSensor.dir/opt/pico-sdk/src/rp2_common/pico_stdio_usb/stdio_usb.c.obj
                0x0000000010004c04                stdio_usb_connected
 *fill*         0x0000000010004c0e        0x2 
 .text.stdio_usb_in_chars
                0x0000000010004c10       0xc4 CMakeFiles/PressureSensor.dir/opt/pico-sdk/src/rp2_common/pico_stdio_usb/stdio_usb.c.obj
                0x0000000010004c10                stdio_usb_in_chars
 .text.stdio_usb_out_chars
                0x0000000010004cd4      0x114 CMakeFiles/PressureSensor.dir/opt/pico-sdk/src/rp2_common/pico_stdio_usb/stdio_usb.c.obj
 .text.tud_descriptor_device_cb
                0x0000000010004de8        0x8 CMakeFiles/PressureSensor.dir/opt/pico-sdk/src/rp2_common/pico_stdio_usb/stdio_usb_descriptors.c.obj
                0x0000000010004de8                tud_descriptor_device_cb
 .text.tud_descriptor_configuration_cb
                0x0000000010004df0        0x8 CMakeFiles/PressureSensor.dir/opt/pico-sdk/src/rp2_common/pico_stdio_usb/stdio_usb_descriptors.c.obj
                0x0000000010004df0                tud_descriptor_configuration_cb
 .text.tud_descriptor_string_cb
                0x0000000010004df8       0x6c CMakeFiles/PressureSensor.dir/opt/pico-sdk/src/rp2_common/pico_stdio_usb/stdio_usb_descriptors.c.obj
                0x0000000010004df8                tud_descriptor_string_cb
 .text._retrieve_unique_id_on_boot
                0x0000000010004e64       0x10 CMakeFiles/PressureSensor.dir/opt/pico-sdk/src/rp2_common/pico_unique_id/unique_id.c.obj
 .text.pico_get_unique_board_id_string
                0x0000000010004e74       0x60 CMakeFiles/PressureSensor.dir/opt/pico-sdk/src/rp2_common/pico_unique_id/unique_id.c.obj
                0x0000000010004e74                pico_get_unique_board_id_string
 .text.flash_get_unique_id
                0x0000000010004ed4       0x46 CMakeFiles/PressureSensor.dir/opt/pico-sdk/src/rp2_common/hardware_flash/flash.c.obj
                0x0000000010004ed4                flash_get_unique_id
 *fill*         0x0000000010004f1a        0x2 
 .text.hw_endpoint_get_by_addr
                0x0000000010004f1c       0x18 CMakeFiles/PressureSensor.dir/opt/pico-sdk/lib/tinyusb/src/portable/raspberrypi/rp2040/dcd_rp2040.c.obj
 .text._hw_endpoint_alloc
                0x0000000010004f34       0x70 CMakeFiles/PressureSensor.dir/opt/pico-sdk/lib/tinyusb/src/portable/raspberrypi/rp2040/dcd_rp2040.c.obj
 .text.hw_endpoint_init
                0x0000000010004fa4       0x88 CMakeFiles/PressureSensor.dir/opt/pico-sdk/lib/tinyusb/src/portable/raspberrypi/rp2040/dcd_rp2040.c.obj
 .text.hw_endpoint_xfer
                0x000000001000502c       0x14 CMakeFiles/PressureSensor.dir/opt/pico-sdk/lib/tinyusb/src/portable/raspberrypi/rp2040/dcd_rp2040.c.obj
 .text.dcd_int_enable
                0x0000000010005040       0x2c CMakeFiles/PressureSensor.dir/opt/pico-sdk/lib/tinyusb/src/portable/raspberrypi/rp2040/dcd_rp2040.c.obj
                0x0000000010005040                dcd_int_enable
 .text.dcd_set_address
                0x000000001000506c       0x2c CMakeFiles/PressureSensor.dir/opt/pico-sdk/lib/tinyusb/src/portable/raspberrypi/rp2040/dcd_rp2040.c.obj
                0x000000001000506c                dcd_set_address
 .text.dcd_connect
                0x0000000010005098       0x10 CMakeFiles/PressureSensor.dir/opt/pico-sdk/lib/tinyusb/src/portable/raspberrypi/rp2040/dcd_rp2040.c.obj
                0x0000000010005098                dcd_connect
 .text.dcd_init
                0x00000000100050a8       0x80 CMakeFiles/PressureSensor.dir/opt/pico-sdk/lib/tinyusb/src/portable/raspberrypi/rp2040/dcd_rp2040.c.obj
                0x00000000100050a8                dcd_init
 .text.dcd_edpt0_status_complete
                0x0000000010005128       0x1c CMakeFiles/PressureSensor.dir/opt/pico-sdk/lib/tinyusb/src/portable/raspberrypi/rp2040/dcd_rp2040.c.obj
                0x0000000010005128                dcd_edpt0_status_complete
 .text.dcd_edpt_open
                0x0000000010005144       0x40 CMakeFiles/PressureSensor.dir/opt/pico-sdk/lib/tinyusb/src/portable/raspberrypi/rp2040/dcd_rp2040.c.obj
                0x0000000010005144                dcd_edpt_open
 .text.dcd_edpt_close_all
                0x0000000010005184        0x8 CMakeFiles/PressureSensor.dir/opt/pico-sdk/lib/tinyusb/src/portable/raspberrypi/rp2040/dcd_rp2040.c.obj
                0x0000000010005184                dcd_edpt_close_all
 .text.dcd_edpt_xfer
                0x000000001000518c       0x34 CMakeFiles/PressureSensor.dir/opt/pico-sdk/lib/tinyusb/src/portable/raspberrypi/rp2040/dcd_rp2040.c.obj
                0x000000001000518c                dcd_edpt_xfer
 .text.dcd_edpt_stall
                0x00000000100051c0       0x2c CMakeFiles/PressureSensor.dir/opt/pico-sdk/lib/tinyusb/src/portable/raspberrypi/rp2040/dcd_rp2040.c.obj
                0x00000000100051c0                dcd_edpt_stall
 .text.dcd_edpt_clear_stall
                0x00000000100051ec       0x20 CMakeFiles/PressureSensor.dir/opt/pico-sdk/lib/tinyusb/src/portable/raspberrypi/rp2040/dcd_rp2040.c.obj
                0x00000000100051ec                dcd_edpt_clear_stall
 .text.rp2040_usb_init
                0x000000001000520c       0x4c CMakeFiles/PressureSensor.dir/opt/pico-sdk/lib/tinyusb/src/portable/raspberrypi/rp2040/rp2040_usb.c.obj
                0x000000001000520c                rp2040_usb_init
 .text.hw_endpoint_xfer_start
                0x0000000010005258       0x50 CMakeFiles/PressureSensor.dir/opt/pico-sdk/lib/tinyusb/src/portable/raspberrypi/rp2040/rp2040_usb.c.obj
                0x0000000010005258                hw_endpoint_xfer_start
 .text.configuration_reset
                0x00000000100052a8       0x84 CMakeFiles/PressureSensor.dir/opt/pico-sdk/lib/tinyusb/src/device/usbd.c.obj
 .text.usbd_reset
                0x000000001000532c        0xc CMakeFiles/PressureSensor.dir/opt/pico-sdk/lib/tinyusb/src/device/usbd.c.obj
 .text.invoke_class_control
                0x0000000010005338       0x1a CMakeFiles/PressureSensor.dir/opt/pico-sdk/lib/tinyusb/src/device/usbd.c.obj
 *fill*         0x0000000010005352        0x2 
 .text.process_set_config
                0x0000000010005354      0x178 CMakeFiles/PressureSensor.dir/opt/pico-sdk/lib/tinyusb/src/device/usbd.c.obj
 .text.process_get_descriptor
                0x00000000100054cc       0xdc CMakeFiles/PressureSensor.dir/opt/pico-sdk/lib/tinyusb/src/device/usbd.c.obj
 .text.tud_mounted
                0x00000000100055a8       0x10 CMakeFiles/PressureSensor.dir/opt/pico-sdk/lib/tinyusb/src/device/usbd.c.obj
                0x00000000100055a8                tud_mounted
 .text.tud_suspended
                0x00000000100055b8       0x10 CMakeFiles/PressureSensor.dir/opt/pico-sdk/lib/tinyusb/src/device/usbd.c.obj
                0x00000000100055b8                tud_suspended
 .text.tud_inited
                0x00000000100055c8       0x14 CMakeFiles/PressureSensor.dir/opt/pico-sdk/lib/tinyusb/src/device/usbd.c.obj
                0x00000000100055c8                tud_inited
 .text.tud_init
                0x00000000100055dc       0xcc CMakeFiles/PressureSensor.dir/opt/pico-sdk/lib/tinyusb/src/device/usbd.c.obj
                0x00000000100055dc                tud_init
 .text.usbd_defer_func
                0x00000000100056a8       0x2a CMakeFiles/PressureSensor.dir/opt/pico-sdk/lib/tinyusb/src/device/usbd.c.obj
                0x00000000100056a8                usbd_defer_func
 *fill*         0x00000000100056d2        0x2 
 .text.usbd_edpt_open
                0x00000000100056d4       0x34 CMakeFiles/PressureSensor.dir/opt/pico-sdk/lib/tinyusb/src/device/usbd.c.obj
                0x00000000100056d4                usbd_edpt_open
 .text.usbd_open_edpt_pair
                0x0000000010005708       0x62 CMakeFiles/PressureSensor.dir/opt/pico-sdk/lib/tinyusb/src/device/usbd.c.obj
                0x0000000010005708                usbd_open_edpt_pair
 *fill*         0x000000001000576a        0x2 
 .text.usbd_edpt_claim
                0x000000001000576c       0x28 CMakeFiles/PressureSensor.dir/opt/pico-sdk/lib/tinyusb/src/device/usbd.c.obj
                0x000000001000576c                usbd_edpt_claim
 .text.usbd_edpt_release
                0x0000000010005794       0x28 CMakeFiles/PressureSensor.dir/opt/pico-sdk/lib/tinyusb/src/device/usbd.c.obj
                0x0000000010005794                usbd_edpt_release
 .text.usbd_edpt_xfer
                0x00000000100057bc       0x78 CMakeFiles/PressureSensor.dir/opt/pico-sdk/lib/tinyusb/src/device/usbd.c.obj
                0x00000000100057bc                usbd_edpt_xfer
 .text.usbd_edpt_stall
                0x0000000010005834       0x48 CMakeFiles/PressureSensor.dir/opt/pico-sdk/lib/tinyusb/src/device/usbd.c.obj
                0x0000000010005834                usbd_edpt_stall
 .text.usbd_edpt_clear_stall
                0x000000001000587c       0x48 CMakeFiles/PressureSensor.dir/opt/pico-sdk/lib/tinyusb/src/device/usbd.c.obj
                0x000000001000587c                usbd_edpt_clear_stall
 .text.usbd_edpt_stalled
                0x00000000100058c4       0x1c CMakeFiles/PressureSensor.dir/opt/pico-sdk/lib/tinyusb/src/device/usbd.c.obj
                0x00000000100058c4                usbd_edpt_stalled
 .text.process_control_request
                0x00000000100058e0      0x37c CMakeFiles/PressureSensor.dir/opt/pico-sdk/lib/tinyusb/src/device/usbd.c.obj
 .text.tud_task_ext
                0x0000000010005c5c      0x1b8 CMakeFiles/PressureSensor.dir/opt/pico-sdk/lib/tinyusb/src/device/usbd.c.obj
                0x0000000010005c5c                tud_task_ext
 .text._data_stage_xact
                0x0000000010005e14       0x58 CMakeFiles/PressureSensor.dir/opt/pico-sdk/lib/tinyusb/src/device/usbd_control.c.obj
 .text.tud_control_status
                0x0000000010005e6c       0x38 CMakeFiles/PressureSensor.dir/opt/pico-sdk/lib/tinyusb/src/device/usbd_control.c.obj
                0x0000000010005e6c                tud_control_status
 .text.tud_control_xfer
                0x0000000010005ea4       0x74 CMakeFiles/PressureSensor.dir/opt/pico-sdk/lib/tinyusb/src/device/usbd_control.c.obj
                0x0000000010005ea4                tud_control_xfer
 .text.usbd_control_reset
                0x0000000010005f18       0x14 CMakeFiles/PressureSensor.dir/opt/pico-sdk/lib/tinyusb/src/device/usbd_control.c.obj
                0x0000000010005f18                usbd_control_reset
 .text.usbd_control_set_complete_callback
                0x0000000010005f2c        0xc CMakeFiles/PressureSensor.dir/opt/pico-sdk/lib/tinyusb/src/device/usbd_control.c.obj
                0x0000000010005f2c                usbd_control_set_complete_callback
 .text.usbd_control_set_request
                0x0000000010005f38       0x1c CMakeFiles/PressureSensor.dir/opt/pico-sdk/lib/tinyusb/src/device/usbd_control.c.obj
                0x0000000010005f38                usbd_control_set_request
 .text.usbd_control_xfer_cb
                0x0000000010005f54       0xcc CMakeFiles/PressureSensor.dir/opt/pico-sdk/lib/tinyusb/src/device/usbd_control.c.obj
                0x0000000010005f54                usbd_control_xfer_cb
 .text._prep_out_transaction
                0x0000000010006020       0x4a CMakeFiles/PressureSensor.dir/opt/pico-sdk/lib/tinyusb/src/class/cdc/cdc_device.c.obj
 *fill*         0x000000001000606a        0x2 
 .text.tud_cdc_n_connected
                0x000000001000606c       0x44 CMakeFiles/PressureSensor.dir/opt/pico-sdk/lib/tinyusb/src/class/cdc/cdc_device.c.obj
                0x000000001000606c                tud_cdc_n_connected
 .text.tud_cdc_n_available
                0x00000000100060b0       0x18 CMakeFiles/PressureSensor.dir/opt/pico-sdk/lib/tinyusb/src/class/cdc/cdc_device.c.obj
                0x00000000100060b0                tud_cdc_n_available
 .text.tud_cdc_n_read
                0x00000000100060c8       0x28 CMakeFiles/PressureSensor.dir/opt/pico-sdk/lib/tinyusb/src/class/cdc/cdc_device.c.obj
                0x00000000100060c8                tud_cdc_n_read
 .text.tud_cdc_n_write_flush
                0x00000000100060f0       0xb8 CMakeFiles/PressureSensor.dir/opt/pico-sdk/lib/tinyusb/src/class/cdc/cdc_device.c.obj
                0x00000000100060f0                tud_cdc_n_write_flush
 .text.tud_cdc_n_write
                0x00000000100061a8       0x38 CMakeFiles/PressureSensor.dir/opt/pico-sdk/lib/tinyusb/src/class/cdc/cdc_device.c.obj
                0x00000000100061a8                tud_cdc_n_write
 .text.tud_cdc_n_write_available
                0x00000000100061e0       0x1c CMakeFiles/PressureSensor.dir/opt/pico-sdk/lib/tinyusb/src/class/cdc/cdc_device.c.obj
                0x00000000100061e0                tud_cdc_n_write_available
 .text.cdcd_init
                0x00000000100061fc       0xbc CMakeFiles/PressureSensor.dir/opt/pico-sdk/lib/tinyusb/src/class/cdc/cdc_device.c.obj
                0x00000000100061fc                cdcd_init
 .text.cdcd_reset
                0x00000000100062b8       0x44 CMakeFiles/PressureSensor.dir/opt/pico-sdk/lib/tinyusb/src/class/cdc/cdc_device.c.obj
                0x00000000100062b8                cdcd_reset
 .text.cdcd_open
                0x00000000100062fc       0xcc CMakeFiles/PressureSensor.dir/opt/pico-sdk/lib/tinyusb/src/class/cdc/cdc_device.c.obj
                0x00000000100062fc                cdcd_open
 .text.cdcd_control_xfer_cb
                0x00000000100063c8      0x134 CMakeFiles/PressureSensor.dir/opt/pico-sdk/lib/tinyusb/src/class/cdc/cdc_device.c.obj
                0x00000000100063c8                cdcd_control_xfer_cb
 .text.cdcd_xfer_cb
                0x00000000100064fc      0x130 CMakeFiles/PressureSensor.dir/opt/pico-sdk/lib/tinyusb/src/class/cdc/cdc_device.c.obj
                0x00000000100064fc                cdcd_xfer_cb
 .text.tusb_init
                0x000000001000662c        0xa CMakeFiles/PressureSensor.dir/opt/pico-sdk/lib/tinyusb/src/tusb.c.obj
                0x000000001000662c                tusb_init
 .text.tusb_inited
                0x0000000010006636        0xe CMakeFiles/PressureSensor.dir/opt/pico-sdk/lib/tinyusb/src/tusb.c.obj
                0x0000000010006636                tusb_inited
 .text.tu_edpt_claim
                0x0000000010006644       0x50 CMakeFiles/PressureSensor.dir/opt/pico-sdk/lib/tinyusb/src/tusb.c.obj
                0x0000000010006644                tu_edpt_claim
 .text.tu_edpt_release
                0x0000000010006694       0x3c CMakeFiles/PressureSensor.dir/opt/pico-sdk/lib/tinyusb/src/tusb.c.obj
                0x0000000010006694                tu_edpt_release
 .text.tu_edpt_validate
                0x00000000100066d0       0x78 CMakeFiles/PressureSensor.dir/opt/pico-sdk/lib/tinyusb/src/tusb.c.obj
                0x00000000100066d0                tu_edpt_validate
 .text.tu_edpt_bind_driver
                0x0000000010006748       0x26 CMakeFiles/PressureSensor.dir/opt/pico-sdk/lib/tinyusb/src/tusb.c.obj
                0x0000000010006748                tu_edpt_bind_driver
 .text.advance_index
                0x000000001000676e       0x1a CMakeFiles/PressureSensor.dir/opt/pico-sdk/lib/tinyusb/src/common/tusb_fifo.c.obj
 .text._tu_fifo_peek
                0x0000000010006788       0x56 CMakeFiles/PressureSensor.dir/opt/pico-sdk/lib/tinyusb/src/common/tusb_fifo.c.obj
 .text._ff_pull_const_addr
                0x00000000100067de       0x4c CMakeFiles/PressureSensor.dir/opt/pico-sdk/lib/tinyusb/src/common/tusb_fifo.c.obj
 .text._ff_pull_n
                0x000000001000682a      0x110 CMakeFiles/PressureSensor.dir/opt/pico-sdk/lib/tinyusb/src/common/tusb_fifo.c.obj
 .text._tu_fifo_peek_n
                0x000000001000693a       0x6a CMakeFiles/PressureSensor.dir/opt/pico-sdk/lib/tinyusb/src/common/tusb_fifo.c.obj
 .text._tu_fifo_read_n
                0x00000000100069a4       0x4e CMakeFiles/PressureSensor.dir/opt/pico-sdk/lib/tinyusb/src/common/tusb_fifo.c.obj
 .text._ff_push_const_addr
                0x00000000100069f2       0x40 CMakeFiles/PressureSensor.dir/opt/pico-sdk/lib/tinyusb/src/common/tusb_fifo.c.obj
 .text._ff_push_n
                0x0000000010006a32      0x10c CMakeFiles/PressureSensor.dir/opt/pico-sdk/lib/tinyusb/src/common/tusb_fifo.c.obj
 .text._tu_fifo_write_n
                0x0000000010006b3e       0xf0 CMakeFiles/PressureSensor.dir/opt/pico-sdk/lib/tinyusb/src/common/tusb_fifo.c.obj
 .text.tu_fifo_config
                0x0000000010006c2e       0x7c CMakeFiles/PressureSensor.dir/opt/pico-sdk/lib/tinyusb/src/common/tusb_fifo.c.obj
                0x0000000010006c2e                tu_fifo_config
 .text.tu_fifo_count
                0x0000000010006caa       0x2a CMakeFiles/PressureSensor.dir/opt/pico-sdk/lib/tinyusb/src/common/tusb_fifo.c.obj
                0x0000000010006caa                tu_fifo_count
 .text.tu_fifo_empty
                0x0000000010006cd4       0x10 CMakeFiles/PressureSensor.dir/opt/pico-sdk/lib/tinyusb/src/common/tusb_fifo.c.obj
                0x0000000010006cd4                tu_fifo_empty
 .text.tu_fifo_full
                0x0000000010006ce4       0x28 CMakeFiles/PressureSensor.dir/opt/pico-sdk/lib/tinyusb/src/common/tusb_fifo.c.obj
                0x0000000010006ce4                tu_fifo_full
 .text.tu_fifo_remaining
                0x0000000010006d0c       0x2c CMakeFiles/PressureSensor.dir/opt/pico-sdk/lib/tinyusb/src/common/tusb_fifo.c.obj
                0x0000000010006d0c                tu_fifo_remaining
 .text.tu_fifo_read
                0x0000000010006d38       0x42 CMakeFiles/PressureSensor.dir/opt/pico-sdk/lib/tinyusb/src/common/tusb_fifo.c.obj
                0x0000000010006d38                tu_fifo_read
 .text.tu_fifo_read_n
                0x0000000010006d7a        0xa CMakeFiles/PressureSensor.dir/opt/pico-sdk/lib/tinyusb/src/common/tusb_fifo.c.obj
                0x0000000010006d7a                tu_fifo_read_n
 .text.tu_fifo_write
                0x0000000010006d84       0x64 CMakeFiles/PressureSensor.dir/opt/pico-sdk/lib/tinyusb/src/common/tusb_fifo.c.obj
                0x0000000010006d84                tu_fifo_write
 .text.tu_fifo_write_n
                0x0000000010006de8        0xa CMakeFiles/PressureSensor.dir/opt/pico-sdk/lib/tinyusb/src/common/tusb_fifo.c.obj
                0x0000000010006de8                tu_fifo_write_n
 .text.tu_fifo_clear
                0x0000000010006df2       0x3e CMakeFiles/PressureSensor.dir/opt/pico-sdk/lib/tinyusb/src/common/tusb_fifo.c.obj
                0x0000000010006df2                tu_fifo_clear
 .text.tu_fifo_set_overwritable
                0x0000000010006e30       0x46 CMakeFiles/PressureSensor.dir/opt/pico-sdk/lib/tinyusb/src/common/tusb_fifo.c.obj
                0x0000000010006e30                tu_fifo_set_overwritable
 .text.spi_set_baudrate
                0x0000000010006e76       0xcc CMakeFiles/PressureSensor.dir/opt/pico-sdk/src/rp2_common/hardware_spi/spi.c.obj
                0x0000000010006e76                spi_set_baudrate
 *fill*         0x0000000010006f42        0x2 
 .text.spi_init
                0x0000000010006f44       0x74 CMakeFiles/PressureSensor.dir/opt/pico-sdk/src/rp2_common/hardware_spi/spi.c.obj
                0x0000000010006f44                spi_init
 .text._ZN7ADS1256C2EP8spi_instffbjjjjjj
                0x0000000010006fb8       0xaa ads1256_library/libads1256.a(ADS1256.cpp.obj)
                0x0000000010006fb8                ADS1256::ADS1256(spi_inst*, float, float, bool, unsigned int, unsigned int, unsigned int, unsigned int, unsigned int, unsigned int)
                0x0000000010006fb8                ADS1256::ADS1256(spi_inst*, float, float, bool, unsigned int, unsigned int, unsigned int, unsigned int, unsigned int, unsigned int)
 .text._ZN7ADS125611read_uint24Ev
                0x0000000010007062       0x44 ads1256_library/libads1256.a(ADS1256.cpp.obj)
                0x0000000010007062                ADS1256::read_uint24()
 .text._ZN7ADS125610read_int32Ev
                0x00000000100070a6       0x14 ads1256_library/libads1256.a(ADS1256.cpp.obj)
                0x00000000100070a6                ADS1256::read_int32()
 .text._ZN7ADS125612read_float32Ev
                0x00000000100070ba        0xc ads1256_library/libads1256.a(ADS1256.cpp.obj)
                0x00000000100070ba                ADS1256::read_float32()
 .text._ZN7ADS12564CSONEv
                0x00000000100070c6        0xe ads1256_library/libads1256.a(ADS1256.cpp.obj)
                0x00000000100070c6                ADS1256::CSON()
 .text._ZN7ADS12565CSOFFEv
                0x00000000100070d4        0xe ads1256_library/libads1256.a(ADS1256.cpp.obj)
                0x00000000100070d4                ADS1256::CSOFF()
 .text._ZN7ADS125613writeRegisterEhh
                0x00000000100070e2       0x4a ads1256_library/libads1256.a(ADS1256.cpp.obj)
                0x00000000100070e2                ADS1256::writeRegister(unsigned char, unsigned char)
 .text._ZN7ADS125612readRegisterEh
                0x000000001000712c       0x50 ads1256_library/libads1256.a(ADS1256.cpp.obj)
                0x000000001000712c                ADS1256::readRegister(unsigned char)
 .text._ZN7ADS125618readCurrentChannelEv
                0x000000001000717c       0x6c ads1256_library/libads1256.a(ADS1256.cpp.obj)
                0x000000001000717c                ADS1256::readCurrentChannel()
 .text._ZN7ADS12568waitDRDYEv
                0x00000000100071e8       0x10 ads1256_library/libads1256.a(ADS1256.cpp.obj)
                0x00000000100071e8                ADS1256::waitDRDY()
 .text._ZN7ADS125611sendCommandEh
                0x00000000100071f8       0x32 ads1256_library/libads1256.a(ADS1256.cpp.obj)
                0x00000000100071f8                ADS1256::sendCommand(unsigned char)
 *fill*         0x000000001000722a        0x2 
 .text._ZN7ADS125610setChannelEhh
                0x000000001000722c       0x68 ads1256_library/libads1256.a(ADS1256.cpp.obj)
                0x000000001000722c                ADS1256::setChannel(unsigned char, unsigned char)
 .text._ZN7ADS12565beginEhhb
                0x0000000010007294       0x68 ads1256_library/libads1256.a(ADS1256.cpp.obj)
                0x0000000010007294                ADS1256::begin(unsigned char, unsigned char, bool)
 .text          0x00000000100072fc       0x5c /usr/lib/gcc/arm-none-eabi/10.3.1/../../../arm-none-eabi/lib/thumb/v6-m/nofp/libg.a(lib_a-strlen-stub.o)
                0x00000000100072fc                strlen
 *(.fini)
 .fini          0x0000000010007358        0x4 /usr/lib/gcc/arm-none-eabi/10.3.1/thumb/v6-m/nofp/crti.o
                0x0000000010007358                _fini
 *fill*         0x000000001000735c        0x4 
 .fini.__stub   0x0000000010007360       0xf0 linker stubs
 *crtbegin.o(.ctors)
 *crtbegin?.o(.ctors)
 *(EXCLUDE_FILE(*crtend.o *crtend?.o) .ctors)
 *(SORT_BY_NAME(.ctors.*))
 *(.ctors)
 *crtbegin.o(.dtors)
 *crtbegin?.o(.dtors)
 *(EXCLUDE_FILE(*crtend.o *crtend?.o) .dtors)
 *(SORT_BY_NAME(.dtors.*))
 *(.dtors)
 *(.eh_frame*)
 .eh_frame      0x0000000010007450        0x0 /usr/lib/gcc/arm-none-eabi/10.3.1/thumb/v6-m/nofp/crtbegin.o
                0x0000000010007450                . = ALIGN (0x4)

.glue_7         0x0000000010007450        0x0
 .glue_7        0x0000000010007450        0x0 linker stubs

.glue_7t        0x0000000010007450        0x0
 .glue_7t       0x0000000010007450        0x0 linker stubs

.vfp11_veneer   0x0000000010007450        0x0
 .vfp11_veneer  0x0000000010007450        0x0 linker stubs

.v4_bx          0x0000000010007450        0x0
 .v4_bx         0x0000000010007450        0x0 linker stubs

.iplt           0x0000000010007450        0x0
 .iplt          0x0000000010007450        0x0 /usr/lib/gcc/arm-none-eabi/10.3.1/thumb/v6-m/nofp/crtbegin.o

.rodata         0x0000000010007450     0x14b0
 *(EXCLUDE_FILE(*libm.a: *libc.a:*lib_a-mem*.o *libgcc.a:) .rodata*)
 .rodata.main.str1.4
                0x0000000010007450       0x21 CMakeFiles/PressureSensor.dir/src/main.cpp.obj
 *fill*         0x0000000010007471        0x3 
 .rodata.spin_lock_claim_unused.str1.4
                0x0000000010007474       0x1b CMakeFiles/PressureSensor.dir/opt/pico-sdk/src/rp2_common/hardware_sync/sync.c.obj
 *fill*         0x000000001000748f        0x1 
 .rodata.make_branch.str1.4
                0x0000000010007490       0x60 CMakeFiles/PressureSensor.dir/opt/pico-sdk/src/rp2_common/hardware_irq/irq.c.obj
 .rodata.insert_branch_and_link.str1.4
                0x00000000100074f0       0x10 CMakeFiles/PressureSensor.dir/opt/pico-sdk/src/rp2_common/hardware_irq/irq.c.obj
 .rodata.irq_set_exclusive_handler.str1.4
                0x0000000010007500       0x36 CMakeFiles/PressureSensor.dir/opt/pico-sdk/src/rp2_common/hardware_irq/irq.c.obj
 *fill*         0x0000000010007536        0x2 
 .rodata.irq_add_shared_handler.str1.4
                0x0000000010007538       0xd9 CMakeFiles/PressureSensor.dir/opt/pico-sdk/src/rp2_common/hardware_irq/irq.c.obj
 *fill*         0x0000000010007611        0x3 
 .rodata.irq_remove_handler.str1.4
                0x0000000010007614       0x3a CMakeFiles/PressureSensor.dir/opt/pico-sdk/src/rp2_common/hardware_irq/irq.c.obj
 *fill*         0x000000001000764e        0x2 
 .rodata.irq_add_tail_to_free_list.str1.4
                0x0000000010007650       0x3a CMakeFiles/PressureSensor.dir/opt/pico-sdk/src/rp2_common/hardware_irq/irq.c.obj
 *fill*         0x000000001000768a        0x2 
 .rodata.user_irq_claim_unused.str1.4
                0x000000001000768c       0x1b CMakeFiles/PressureSensor.dir/opt/pico-sdk/src/rp2_common/hardware_irq/irq.c.obj
 *fill*         0x00000000100076a7        0x1 
 .rodata.__func__.0
                0x00000000100076a8       0x1a CMakeFiles/PressureSensor.dir/opt/pico-sdk/src/rp2_common/hardware_irq/irq.c.obj
 *fill*         0x00000000100076c2        0x2 
 .rodata.__func__.1
                0x00000000100076c4       0x17 CMakeFiles/PressureSensor.dir/opt/pico-sdk/src/rp2_common/hardware_irq/irq.c.obj
 *fill*         0x00000000100076db        0x1 
 .rodata.__func__.2
                0x00000000100076dc       0x13 CMakeFiles/PressureSensor.dir/opt/pico-sdk/src/rp2_common/hardware_irq/irq.c.obj
 *fill*         0x00000000100076ef        0x1 
 .rodata.__func__.3
                0x00000000100076f0        0xc CMakeFiles/PressureSensor.dir/opt/pico-sdk/src/rp2_common/hardware_irq/irq.c.obj
 .rodata.__func__.4
                0x00000000100076fc        0xf CMakeFiles/PressureSensor.dir/opt/pico-sdk/src/rp2_common/hardware_irq/irq.c.obj
 *fill*         0x000000001000770b        0x1 
 .rodata.__func__.5
                0x000000001000770c       0x17 CMakeFiles/PressureSensor.dir/opt/pico-sdk/src/rp2_common/hardware_irq/irq.c.obj
 *fill*         0x0000000010007723        0x1 
 .rodata.__func__.6
                0x0000000010007724       0x1a CMakeFiles/PressureSensor.dir/opt/pico-sdk/src/rp2_common/hardware_irq/irq.c.obj
 *fill*         0x000000001000773e        0x2 
 .rodata.str1.4
                0x0000000010007740       0xd1 CMakeFiles/PressureSensor.dir/opt/pico-sdk/src/common/pico_sync/mutex.c.obj
 *fill*         0x0000000010007811        0x3 
 .rodata.__func__.1
                0x0000000010007814        0xb CMakeFiles/PressureSensor.dir/opt/pico-sdk/src/common/pico_sync/mutex.c.obj
 *fill*         0x000000001000781f        0x1 
 .rodata.__func__.3
                0x0000000010007820       0x18 CMakeFiles/PressureSensor.dir/opt/pico-sdk/src/common/pico_sync/mutex.c.obj
 .rodata.__func__.4
                0x0000000010007838       0x15 CMakeFiles/PressureSensor.dir/opt/pico-sdk/src/common/pico_sync/mutex.c.obj
 *fill*         0x000000001000784d        0x3 
 .rodata.repeating_timer_callback.str1.4
                0x0000000010007850       0x3e CMakeFiles/PressureSensor.dir/opt/pico-sdk/src/common/pico_time/time.c.obj
 *fill*         0x000000001000788e        0x2 
 .rodata.timer_pool_entry_comparator.str1.4
                0x0000000010007890       0x22 CMakeFiles/PressureSensor.dir/opt/pico-sdk/src/common/pico_time/time.c.obj
 *fill*         0x00000000100078b2        0x2 
 .rodata.ph_add_child_node.str1.4
                0x00000000100078b4       0x8a CMakeFiles/PressureSensor.dir/opt/pico-sdk/src/common/pico_time/time.c.obj
 *fill*         0x000000001000793e        0x2 
 .rodata.add_alarm_under_lock.str1.4
                0x0000000010007940       0x28 CMakeFiles/PressureSensor.dir/opt/pico-sdk/src/common/pico_time/time.c.obj
                                         0x2b (size before relaxing)
 .rodata.alarm_pool_alarm_callback.str1.4
                0x0000000010007968       0x98 CMakeFiles/PressureSensor.dir/opt/pico-sdk/src/common/pico_time/time.c.obj
                                         0xec (size before relaxing)
 .rodata.alarm_pool_get_default.str1.4
                0x0000000010007a00       0x21 CMakeFiles/PressureSensor.dir/opt/pico-sdk/src/common/pico_time/time.c.obj
 *fill*         0x0000000010007a21        0x3 
 .rodata.alarm_pool_cancel_alarm.str1.4
                0x0000000010007a24       0x27 CMakeFiles/PressureSensor.dir/opt/pico-sdk/src/common/pico_time/time.c.obj
 *fill*         0x0000000010007a4b        0x1 
 .rodata.sleep_until.str1.4
                0x0000000010007a4c       0x4d CMakeFiles/PressureSensor.dir/opt/pico-sdk/src/common/pico_time/time.c.obj
 *fill*         0x0000000010007a99        0x3 
 .rodata.__func__.1
                0x0000000010007a9c       0x18 CMakeFiles/PressureSensor.dir/opt/pico-sdk/src/common/pico_time/time.c.obj
 .rodata.__func__.10
                0x0000000010007ab4       0x15 CMakeFiles/PressureSensor.dir/opt/pico-sdk/src/common/pico_time/time.c.obj
 *fill*         0x0000000010007ac9        0x3 
 .rodata.__func__.11
                0x0000000010007acc       0x1a CMakeFiles/PressureSensor.dir/opt/pico-sdk/src/common/pico_time/time.c.obj
 *fill*         0x0000000010007ae6        0x2 
 .rodata.__func__.12
                0x0000000010007ae8        0xa CMakeFiles/PressureSensor.dir/opt/pico-sdk/src/common/pico_time/time.c.obj
 *fill*         0x0000000010007af2        0x2 
 .rodata.__func__.3
                0x0000000010007af4       0x17 CMakeFiles/PressureSensor.dir/opt/pico-sdk/src/common/pico_time/time.c.obj
 *fill*         0x0000000010007b0b        0x1 
 .rodata.__func__.4
                0x0000000010007b0c       0x12 CMakeFiles/PressureSensor.dir/opt/pico-sdk/src/common/pico_time/time.c.obj
 *fill*         0x0000000010007b1e        0x2 
 .rodata.__func__.5
                0x0000000010007b20        0xd CMakeFiles/PressureSensor.dir/opt/pico-sdk/src/common/pico_time/time.c.obj
 *fill*         0x0000000010007b2d        0x3 
 .rodata.__func__.6
                0x0000000010007b30       0x12 CMakeFiles/PressureSensor.dir/opt/pico-sdk/src/common/pico_time/time.c.obj
 *fill*         0x0000000010007b42        0x2 
 .rodata.__func__.7
                0x0000000010007b44        0xf CMakeFiles/PressureSensor.dir/opt/pico-sdk/src/common/pico_time/time.c.obj
 *fill*         0x0000000010007b53        0x1 
 .rodata.__func__.8
                0x0000000010007b54        0xc CMakeFiles/PressureSensor.dir/opt/pico-sdk/src/common/pico_time/time.c.obj
 .rodata.__func__.9
                0x0000000010007b60       0x15 CMakeFiles/PressureSensor.dir/opt/pico-sdk/src/common/pico_time/time.c.obj
 *fill*         0x0000000010007b75        0x3 
 .rodata.hardware_alarm_claim.str1.4
                0x0000000010007b78       0x22 CMakeFiles/PressureSensor.dir/opt/pico-sdk/src/rp2_common/hardware_timer/timer.c.obj
 *fill*         0x0000000010007b9a        0x2 
 .rodata.hardware_alarm_set_target.str1.4
                0x0000000010007b9c       0x58 CMakeFiles/PressureSensor.dir/opt/pico-sdk/src/rp2_common/hardware_timer/timer.c.obj
 .rodata.__func__.0
                0x0000000010007bf4       0x1a CMakeFiles/PressureSensor.dir/opt/pico-sdk/src/rp2_common/hardware_timer/timer.c.obj
 .rodata.ph_add_child_node.str1.4
                0x0000000010007c0e       0x8a CMakeFiles/PressureSensor.dir/opt/pico-sdk/src/common/pico_util/pheap.c.obj
 *fill*         0x0000000010007c0e        0x2 
 .rodata.ph_remove_any_head.str1.4
                0x0000000010007c10       0x80 CMakeFiles/PressureSensor.dir/opt/pico-sdk/src/common/pico_util/pheap.c.obj
                                         0x94 (size before relaxing)
 .rodata.ph_remove_and_free_node.str1.4
                0x0000000010007c90       0x1e CMakeFiles/PressureSensor.dir/opt/pico-sdk/src/common/pico_util/pheap.c.obj
                                         0x26 (size before relaxing)
 *fill*         0x0000000010007cae        0x2 
 .rodata.__func__.0
                0x0000000010007cb0       0x18 CMakeFiles/PressureSensor.dir/opt/pico-sdk/src/common/pico_util/pheap.c.obj
 .rodata.__func__.1
                0x0000000010007cc8       0x13 CMakeFiles/PressureSensor.dir/opt/pico-sdk/src/common/pico_util/pheap.c.obj
 *fill*         0x0000000010007cdb        0x1 
 .rodata.__func__.2
                0x0000000010007cdc       0x12 CMakeFiles/PressureSensor.dir/opt/pico-sdk/src/common/pico_util/pheap.c.obj
 *fill*         0x0000000010007cee        0x2 
 .rodata.__func__.3
                0x0000000010007cf0        0xc CMakeFiles/PressureSensor.dir/opt/pico-sdk/src/common/pico_util/pheap.c.obj
 .rodata.clock_configure.str1.4
                0x0000000010007cfc       0x4a CMakeFiles/PressureSensor.dir/opt/pico-sdk/src/rp2_common/hardware_clocks/clocks.c.obj
 *fill*         0x0000000010007d46        0x2 
 .rodata.__func__.1
                0x0000000010007d48       0x10 CMakeFiles/PressureSensor.dir/opt/pico-sdk/src/rp2_common/hardware_clocks/clocks.c.obj
 .rodata.pll_init.str1.4
                0x0000000010007d58      0x114 CMakeFiles/PressureSensor.dir/opt/pico-sdk/src/rp2_common/hardware_pll/pll.c.obj
 .rodata.__func__.0
                0x0000000010007e6c        0x9 CMakeFiles/PressureSensor.dir/opt/pico-sdk/src/rp2_common/hardware_pll/pll.c.obj
 *fill*         0x0000000010007e75        0x3 
 .rodata.__assert_func.str1.4
                0x0000000010007e78       0x3f CMakeFiles/PressureSensor.dir/opt/pico-sdk/src/rp2_common/pico_runtime/runtime.c.obj
                                         0x43 (size before relaxing)
 *fill*         0x0000000010007eb7        0x1 
 .rodata.runtime_init.str1.4
                0x0000000010007eb8       0x54 CMakeFiles/PressureSensor.dir/opt/pico-sdk/src/rp2_common/pico_runtime/runtime.c.obj
 .rodata.panic.str1.4
                0x0000000010007f0c       0x12 CMakeFiles/PressureSensor.dir/opt/pico-sdk/src/rp2_common/pico_runtime/runtime.c.obj
 *fill*         0x0000000010007f1e        0x2 
 .rodata.__func__.2
                0x0000000010007f20        0xd CMakeFiles/PressureSensor.dir/opt/pico-sdk/src/rp2_common/pico_runtime/runtime.c.obj
 *fill*         0x0000000010007f2d        0x3 
 .rodata._ftoa.str1.4
                0x0000000010007f30       0x15 CMakeFiles/PressureSensor.dir/opt/pico-sdk/src/rp2_common/pico_printf/printf.c.obj
 *fill*         0x0000000010007f45        0x3 
 .rodata._vsnprintf
                0x0000000010007f48      0x1e0 CMakeFiles/PressureSensor.dir/opt/pico-sdk/src/rp2_common/pico_printf/printf.c.obj
 .rodata.pow10.0
                0x0000000010008128       0x50 CMakeFiles/PressureSensor.dir/opt/pico-sdk/src/rp2_common/pico_printf/printf.c.obj
 .rodata.__aeabi_double_init.str1.4
                0x0000000010008178       0x8f CMakeFiles/PressureSensor.dir/opt/pico-sdk/src/rp2_common/pico_double/double_init_rom.c.obj
 *fill*         0x0000000010008207        0x1 
 .rodata.__func__.0
                0x0000000010008208       0x14 CMakeFiles/PressureSensor.dir/opt/pico-sdk/src/rp2_common/pico_double/double_init_rom.c.obj
 .rodata.__aeabi_float_init.str1.4
                0x000000001000821c       0x6d CMakeFiles/PressureSensor.dir/opt/pico-sdk/src/rp2_common/pico_float/float_init_rom.c.obj
                                         0x71 (size before relaxing)
 *fill*         0x0000000010008289        0x3 
 .rodata.__func__.0
                0x000000001000828c       0x13 CMakeFiles/PressureSensor.dir/opt/pico-sdk/src/rp2_common/pico_float/float_init_rom.c.obj
 *fill*         0x000000001000829f        0x1 
 .rodata.str1.4
                0x00000000100082a0       0x44 CMakeFiles/PressureSensor.dir/opt/pico-sdk/src/rp2_common/pico_standard_link/binary_info.c.obj
 .rodata.__bi_44
                0x00000000100082e4        0xc CMakeFiles/PressureSensor.dir/opt/pico-sdk/src/rp2_common/pico_standard_link/binary_info.c.obj
 .rodata.__bi_75
                0x00000000100082f0        0xc CMakeFiles/PressureSensor.dir/opt/pico-sdk/src/rp2_common/pico_standard_link/binary_info.c.obj
 .rodata.__bi_81
                0x00000000100082fc        0xc CMakeFiles/PressureSensor.dir/opt/pico-sdk/src/rp2_common/pico_standard_link/binary_info.c.obj
 .rodata.stdout_serialize_begin.str1.4
                0x0000000010008308       0x54 CMakeFiles/PressureSensor.dir/opt/pico-sdk/src/rp2_common/pico_stdio/stdio.c.obj
 .rodata.__func__.3
                0x0000000010008308       0x15 CMakeFiles/PressureSensor.dir/opt/pico-sdk/src/rp2_common/pico_stdio/stdio.c.obj
 *fill*         0x000000001000831d        0x3 
 .rodata.crlf_str.2
                0x0000000010008320        0x2 CMakeFiles/PressureSensor.dir/opt/pico-sdk/src/rp2_common/pico_stdio/stdio.c.obj
 *fill*         0x0000000010008322        0x2 
 .rodata._resetd_driver
                0x0000000010008324       0x18 CMakeFiles/PressureSensor.dir/opt/pico-sdk/src/rp2_common/pico_stdio_usb/reset_interface.c.obj
 .rodata.low_priority_worker_irq.str1.4
                0x000000001000833c       0x54 CMakeFiles/PressureSensor.dir/opt/pico-sdk/src/rp2_common/pico_stdio_usb/stdio_usb.c.obj
 .rodata.stdio_usb_init.str1.4
                0x000000001000833c       0x38 CMakeFiles/PressureSensor.dir/opt/pico-sdk/src/rp2_common/pico_stdio_usb/stdio_usb.c.obj
                                         0x40 (size before relaxing)
 .rodata.str1.4
                0x0000000010008374       0x13 CMakeFiles/PressureSensor.dir/opt/pico-sdk/src/rp2_common/pico_stdio_usb/stdio_usb.c.obj
 *fill*         0x0000000010008387        0x1 
 .rodata.__bi_182.0
                0x0000000010008388        0xc CMakeFiles/PressureSensor.dir/opt/pico-sdk/src/rp2_common/pico_stdio_usb/stdio_usb.c.obj
 .rodata.__func__.1
                0x0000000010008394        0xf CMakeFiles/PressureSensor.dir/opt/pico-sdk/src/rp2_common/pico_stdio_usb/stdio_usb.c.obj
 *fill*         0x00000000100083a3        0x1 
 .rodata.__func__.3
                0x00000000100083a4       0x15 CMakeFiles/PressureSensor.dir/opt/pico-sdk/src/rp2_common/pico_stdio_usb/stdio_usb.c.obj
 *fill*         0x00000000100083b9        0x3 
 .rodata.str1.4
                0x00000000100083bc       0x2a CMakeFiles/PressureSensor.dir/opt/pico-sdk/src/rp2_common/pico_stdio_usb/stdio_usb_descriptors.c.obj
 *fill*         0x00000000100083e6        0x2 
 .rodata.usbd_desc_cfg
                0x00000000100083e8       0x54 CMakeFiles/PressureSensor.dir/opt/pico-sdk/src/rp2_common/pico_stdio_usb/stdio_usb_descriptors.c.obj
 .rodata.usbd_desc_device
                0x000000001000843c       0x12 CMakeFiles/PressureSensor.dir/opt/pico-sdk/src/rp2_common/pico_stdio_usb/stdio_usb_descriptors.c.obj
 *fill*         0x000000001000844e        0x2 
 .rodata.usbd_desc_str
                0x0000000010008450       0x18 CMakeFiles/PressureSensor.dir/opt/pico-sdk/src/rp2_common/pico_stdio_usb/stdio_usb_descriptors.c.obj
 .rodata.pico_get_unique_board_id_string.str1.4
                0x0000000010008468       0x40 CMakeFiles/PressureSensor.dir/opt/pico-sdk/src/rp2_common/pico_unique_id/unique_id.c.obj
 .rodata.__func__.0
                0x00000000100084a8       0x20 CMakeFiles/PressureSensor.dir/opt/pico-sdk/src/rp2_common/pico_unique_id/unique_id.c.obj
 .rodata.str1.4
                0x00000000100084c8      0x14a CMakeFiles/PressureSensor.dir/opt/pico-sdk/src/rp2_common/hardware_flash/flash.c.obj
 *fill*         0x0000000010008612        0x2 
 .rodata.__func__.0
                0x0000000010008614        0xd CMakeFiles/PressureSensor.dir/opt/pico-sdk/src/rp2_common/hardware_flash/flash.c.obj
 *fill*         0x0000000010008621        0x3 
 .rodata._hw_endpoint_alloc.str1.4
                0x0000000010008624       0xa9 CMakeFiles/PressureSensor.dir/opt/pico-sdk/lib/tinyusb/src/portable/raspberrypi/rp2040/dcd_rp2040.c.obj
 *fill*         0x00000000100086cd        0x3 
 .rodata.str1.4
                0x00000000100086d0       0x14 CMakeFiles/PressureSensor.dir/opt/pico-sdk/lib/tinyusb/src/portable/raspberrypi/rp2040/dcd_rp2040.c.obj
 .rodata.dcd_int_enable.str1.4
                0x00000000100086e4        0xc CMakeFiles/PressureSensor.dir/opt/pico-sdk/lib/tinyusb/src/portable/raspberrypi/rp2040/dcd_rp2040.c.obj
 .rodata.__func__.0
                0x00000000100086f0        0xe CMakeFiles/PressureSensor.dir/opt/pico-sdk/lib/tinyusb/src/portable/raspberrypi/rp2040/dcd_rp2040.c.obj
 *fill*         0x00000000100086fe        0x2 
 .rodata.__func__.1
                0x0000000010008700        0xe CMakeFiles/PressureSensor.dir/opt/pico-sdk/lib/tinyusb/src/portable/raspberrypi/rp2040/dcd_rp2040.c.obj
 *fill*         0x000000001000870e        0x2 
 .rodata.__func__.3
                0x0000000010008710       0x10 CMakeFiles/PressureSensor.dir/opt/pico-sdk/lib/tinyusb/src/portable/raspberrypi/rp2040/dcd_rp2040.c.obj
 .rodata.__func__.5
                0x0000000010008720        0xf CMakeFiles/PressureSensor.dir/opt/pico-sdk/lib/tinyusb/src/portable/raspberrypi/rp2040/dcd_rp2040.c.obj
 *fill*         0x000000001000872f        0x1 
 .rodata.__func__.6
                0x0000000010008730       0x13 CMakeFiles/PressureSensor.dir/opt/pico-sdk/lib/tinyusb/src/portable/raspberrypi/rp2040/dcd_rp2040.c.obj
 *fill*         0x0000000010008743        0x1 
 .rodata.__func__.7
                0x0000000010008744        0x9 CMakeFiles/PressureSensor.dir/opt/pico-sdk/lib/tinyusb/src/portable/raspberrypi/rp2040/dcd_rp2040.c.obj
 *fill*         0x000000001000874d        0x3 
 .rodata.str1.4
                0x0000000010008750       0xdb CMakeFiles/PressureSensor.dir/opt/pico-sdk/lib/tinyusb/src/portable/raspberrypi/rp2040/rp2040_usb.c.obj
 *fill*         0x000000001000882b        0x1 
 .rodata.__func__.0
                0x000000001000882c        0xf CMakeFiles/PressureSensor.dir/opt/pico-sdk/lib/tinyusb/src/portable/raspberrypi/rp2040/rp2040_usb.c.obj
 *fill*         0x000000001000883b        0x1 
 .rodata.process_get_descriptor
                0x000000001000883c       0x40 CMakeFiles/PressureSensor.dir/opt/pico-sdk/lib/tinyusb/src/device/usbd.c.obj
 .rodata.process_control_request
                0x000000001000887c       0x28 CMakeFiles/PressureSensor.dir/opt/pico-sdk/lib/tinyusb/src/device/usbd.c.obj
 .rodata.tud_task_ext
                0x00000000100088a4       0x24 CMakeFiles/PressureSensor.dir/opt/pico-sdk/lib/tinyusb/src/device/usbd.c.obj
 .rodata._usbd_driver
                0x00000000100088c8       0x18 CMakeFiles/PressureSensor.dir/opt/pico-sdk/lib/tinyusb/src/device/usbd.c.obj
 .rodata._ZN7ADS125610setChannelEhh
                0x00000000100088e0       0x20 ads1256_library/libads1256.a(ADS1256.cpp.obj)
                0x0000000010008900                . = ALIGN (0x4)
 *(SORT_BY_ALIGNMENT(SORT_BY_NAME(.flashdata*)))
                0x0000000010008900                . = ALIGN (0x4)

.ARM.extab
 *(.ARM.extab* .gnu.linkonce.armextab.*)
                0x0000000010008900                __exidx_start = .

.ARM.exidx
 *(.ARM.exidx* .gnu.linkonce.armexidx.*)
                0x0000000010008900                __exidx_end = .
                0x0000000010008900                . = ALIGN (0x4)
                0x0000000010008900                __binary_info_start = .

.binary_info    0x0000000010008900       0x20
 *(.binary_info.keep.*)
 .binary_info.keep.__bi_ptr22
                0x0000000010008900        0x4 CMakeFiles/PressureSensor.dir/opt/pico-sdk/src/rp2_common/pico_standard_link/binary_info.c.obj
 .binary_info.keep.__bi_ptr30
                0x0000000010008904        0x4 CMakeFiles/PressureSensor.dir/opt/pico-sdk/src/rp2_common/pico_standard_link/binary_info.c.obj
 .binary_info.keep.__bi_ptr38
                0x0000000010008908        0x4 CMakeFiles/PressureSensor.dir/opt/pico-sdk/src/rp2_common/pico_standard_link/binary_info.c.obj
 .binary_info.keep.__bi_ptr44
                0x000000001000890c        0x4 CMakeFiles/PressureSensor.dir/opt/pico-sdk/src/rp2_common/pico_standard_link/binary_info.c.obj
 .binary_info.keep.__bi_ptr50
                0x0000000010008910        0x4 CMakeFiles/PressureSensor.dir/opt/pico-sdk/src/rp2_common/pico_standard_link/binary_info.c.obj
 .binary_info.keep.__bi_ptr75
                0x0000000010008914        0x4 CMakeFiles/PressureSensor.dir/opt/pico-sdk/src/rp2_common/pico_standard_link/binary_info.c.obj
 .binary_info.keep.__bi_ptr81
                0x0000000010008918        0x4 CMakeFiles/PressureSensor.dir/opt/pico-sdk/src/rp2_common/pico_standard_link/binary_info.c.obj
 *(.binary_info.*)
 .binary_info.__bi_ptr182
                0x000000001000891c        0x4 CMakeFiles/PressureSensor.dir/opt/pico-sdk/src/rp2_common/pico_stdio_usb/stdio_usb.c.obj
                0x0000000010008920                __binary_info_end = .

.rel.dyn        0x0000000010008920        0x0
 .rel.iplt      0x0000000010008920        0x0 /usr/lib/gcc/arm-none-eabi/10.3.1/thumb/v6-m/nofp/crtbegin.o
                0x0000000010008920                . = ALIGN (0x4)

.ram_vector_table
                0x0000000020000000       0xc0
 *(.ram_vector_table)
 .ram_vector_table
                0x0000000020000000       0xc0 CMakeFiles/PressureSensor.dir/opt/pico-sdk/src/rp2_common/pico_runtime/runtime.c.obj
                0x0000000020000000                ram_vector_table

.data           0x00000000200000c0      0xc30 load address 0x0000000010008920
                0x00000000200000c0                __data_start__ = .
 *(vtable)
 *(.time_critical*)
 .time_critical.mutex_try_enter
                0x00000000200000c0       0x46 CMakeFiles/PressureSensor.dir/opt/pico-sdk/src/common/pico_sync/mutex.c.obj
                0x00000000200000c0                mutex_try_enter
 *fill*         0x0000000020000106        0x2 
 .time_critical.mutex_enter_block_until
                0x0000000020000108       0x8c CMakeFiles/PressureSensor.dir/opt/pico-sdk/src/common/pico_sync/mutex.c.obj
                0x0000000020000108                mutex_enter_block_until
 .time_critical.mutex_try_enter_block_until
                0x0000000020000194       0x34 CMakeFiles/PressureSensor.dir/opt/pico-sdk/src/common/pico_sync/mutex.c.obj
                0x0000000020000194                mutex_try_enter_block_until
 .time_critical.mutex_enter_timeout_ms
                0x00000000200001c8       0x68 CMakeFiles/PressureSensor.dir/opt/pico-sdk/src/common/pico_sync/mutex.c.obj
                0x00000000200001c8                mutex_enter_timeout_ms
 .time_critical.mutex_exit
                0x0000000020000230       0x4c CMakeFiles/PressureSensor.dir/opt/pico-sdk/src/common/pico_sync/mutex.c.obj
                0x0000000020000230                mutex_exit
 .time_critical.flash_init_boot2_copyout
                0x000000002000027c       0x30 CMakeFiles/PressureSensor.dir/opt/pico-sdk/src/rp2_common/hardware_flash/flash.c.obj
 .time_critical.flash_enable_xip_via_boot2
                0x00000000200002ac       0x10 CMakeFiles/PressureSensor.dir/opt/pico-sdk/src/rp2_common/hardware_flash/flash.c.obj
 .time_critical.flash_cs_force
                0x00000000200002bc       0x28 CMakeFiles/PressureSensor.dir/opt/pico-sdk/src/rp2_common/hardware_flash/flash.c.obj
 .time_critical.flash_do_cmd
                0x00000000200002e4       0xd8 CMakeFiles/PressureSensor.dir/opt/pico-sdk/src/rp2_common/hardware_flash/flash.c.obj
                0x00000000200002e4                flash_do_cmd
 .time_critical.reset_non_control_endpoints
                0x00000000200003bc       0x40 CMakeFiles/PressureSensor.dir/opt/pico-sdk/lib/tinyusb/src/portable/raspberrypi/rp2040/dcd_rp2040.c.obj
 .time_critical.hw_handle_buff_status
                0x00000000200003fc       0xa4 CMakeFiles/PressureSensor.dir/opt/pico-sdk/lib/tinyusb/src/portable/raspberrypi/rp2040/dcd_rp2040.c.obj
 .time_critical.dcd_rp2040_irq
                0x00000000200004a0      0x1cc CMakeFiles/PressureSensor.dir/opt/pico-sdk/lib/tinyusb/src/portable/raspberrypi/rp2040/dcd_rp2040.c.obj
 .time_critical.e15_is_bulkin_ep
                0x000000002000066c       0x2c CMakeFiles/PressureSensor.dir/opt/pico-sdk/lib/tinyusb/src/portable/raspberrypi/rp2040/rp2040_usb.c.obj
 .time_critical.e15_is_critical_frame_period
                0x0000000020000698       0x30 CMakeFiles/PressureSensor.dir/opt/pico-sdk/lib/tinyusb/src/portable/raspberrypi/rp2040/rp2040_usb.c.obj
 .time_critical.prepare_ep_buffer
                0x00000000200006c8       0x70 CMakeFiles/PressureSensor.dir/opt/pico-sdk/lib/tinyusb/src/portable/raspberrypi/rp2040/rp2040_usb.c.obj
 .time_critical.sync_ep_buffer
                0x0000000020000738       0x80 CMakeFiles/PressureSensor.dir/opt/pico-sdk/lib/tinyusb/src/portable/raspberrypi/rp2040/rp2040_usb.c.obj
 .time_critical._hw_endpoint_xfer_sync
                0x00000000200007b8       0x28 CMakeFiles/PressureSensor.dir/opt/pico-sdk/lib/tinyusb/src/portable/raspberrypi/rp2040/rp2040_usb.c.obj
 .time_critical.hw_endpoint_reset_transfer
                0x00000000200007e0        0xc CMakeFiles/PressureSensor.dir/opt/pico-sdk/lib/tinyusb/src/portable/raspberrypi/rp2040/rp2040_usb.c.obj
                0x00000000200007e0                hw_endpoint_reset_transfer
 .time_critical._hw_endpoint_buffer_control_update32
                0x00000000200007ec       0x58 CMakeFiles/PressureSensor.dir/opt/pico-sdk/lib/tinyusb/src/portable/raspberrypi/rp2040/rp2040_usb.c.obj
                0x00000000200007ec                _hw_endpoint_buffer_control_update32
 .time_critical.hw_endpoint_start_next_buffer
                0x0000000020000844       0x88 CMakeFiles/PressureSensor.dir/opt/pico-sdk/lib/tinyusb/src/portable/raspberrypi/rp2040/rp2040_usb.c.obj
                0x0000000020000844                hw_endpoint_start_next_buffer
 .time_critical.hw_endpoint_xfer_continue
                0x00000000200008cc       0x50 CMakeFiles/PressureSensor.dir/opt/pico-sdk/lib/tinyusb/src/portable/raspberrypi/rp2040/rp2040_usb.c.obj
                0x00000000200008cc                hw_endpoint_xfer_continue
 .time_critical.tinyusb
                0x000000002000091c      0x200 CMakeFiles/PressureSensor.dir/opt/pico-sdk/lib/tinyusb/src/device/usbd.c.obj
                0x000000002000091c                dcd_event_handler
 .time_critical.spi_write_blocking
                0x0000000020000b1c       0x3a CMakeFiles/PressureSensor.dir/opt/pico-sdk/src/rp2_common/hardware_spi/spi.c.obj
                0x0000000020000b1c                spi_write_blocking
 *(.text*)
 *fill*         0x0000000020000b56        0x2 
 .text          0x0000000020000b58        0x4 /usr/lib/gcc/arm-none-eabi/10.3.1/thumb/v6-m/nofp/libgcc.a(_dvmd_tls.o)
                0x0000000020000b58                __aeabi_ldiv0
                0x0000000020000b58                __aeabi_idiv0
 *fill*         0x0000000020000b5c        0x4 
 .text.__stub   0x0000000020000b60       0x90 linker stubs
                0x0000000020000bf0                . = ALIGN (0x4)
 *(.rodata*)
                0x0000000020000bf0                . = ALIGN (0x4)
 *(.data*)
 .data.clockMHz
                0x0000000020000bf0        0x4 CMakeFiles/PressureSensor.dir/src/main.cpp.obj
                0x0000000020000bf0                clockMHz
 .data.vRef     0x0000000020000bf4        0x4 CMakeFiles/PressureSensor.dir/src/main.cpp.obj
                0x0000000020000bf4                vRef
 .data.striped_spin_lock_num
                0x0000000020000bf8        0x1 CMakeFiles/PressureSensor.dir/opt/pico-sdk/src/rp2_common/hardware_sync/sync.c.obj
 *fill*         0x0000000020000bf9        0x3 
 .data          0x0000000020000bfc       0x48 CMakeFiles/PressureSensor.dir/opt/pico-sdk/src/rp2_common/hardware_irq/irq_handler_chain.S.obj
                0x0000000020000bfc                irq_handler_chain_slots
                0x0000000020000c2c                irq_handler_chain_first_slot
                0x0000000020000c36                irq_handler_chain_remove_tail
 .data.default_alarm_pool
                0x0000000020000c44       0x18 CMakeFiles/PressureSensor.dir/opt/pico-sdk/src/common/pico_time/time.c.obj
 .data.default_alarm_pool_heap
                0x0000000020000c5c       0x10 CMakeFiles/PressureSensor.dir/opt/pico-sdk/src/common/pico_time/time.c.obj
 *fill*         0x0000000020000c6c        0x4 
 .data.aeabi_bits_funcs
                0x0000000020000c70       0x10 CMakeFiles/PressureSensor.dir/opt/pico-sdk/src/rp2_common/pico_bit_ops/bit_ops_aeabi.S.obj
                0x0000000020000c70                aeabi_bits_funcs
                0x0000000020000c80                aeabi_bits_funcs_end
 .data.aeabi_mem_funcs
                0x0000000020000c80       0x10 CMakeFiles/PressureSensor.dir/opt/pico-sdk/src/rp2_common/pico_mem_ops/mem_ops_aeabi.S.obj
                0x0000000020000c80                aeabi_mem_funcs
                0x0000000020000c90                aeabi_mem_funcs_end
 .data.stdio_usb
                0x0000000020000c90       0x18 CMakeFiles/PressureSensor.dir/opt/pico-sdk/src/rp2_common/pico_stdio_usb/stdio_usb.c.obj
                0x0000000020000c90                stdio_usb
 .data.ep_dir_string
                0x0000000020000ca8        0x8 CMakeFiles/PressureSensor.dir/opt/pico-sdk/lib/tinyusb/src/portable/raspberrypi/rp2040/rp2040_usb.c.obj
                0x0000000020000ca8                ep_dir_string
 .data._usbd_qdef
                0x0000000020000cb0       0x1c CMakeFiles/PressureSensor.dir/opt/pico-sdk/lib/tinyusb/src/device/usbd.c.obj
                0x0000000020000cb0                _usbd_qdef
 .data._usbd_rhport
                0x0000000020000ccc        0x1 CMakeFiles/PressureSensor.dir/opt/pico-sdk/lib/tinyusb/src/device/usbd.c.obj
                0x0000000020000cd0                . = ALIGN (0x4)
 *fill*         0x0000000020000ccd        0x3 
 *(.after_data.*)
                0x0000000020000cd0                . = ALIGN (0x4)
                0x0000000020000cd0                PROVIDE (__mutex_array_start = .)
 *(SORT_BY_NAME(.mutex_array.*))
 *(.mutex_array)
 .mutex_array   0x0000000020000cd0        0x8 CMakeFiles/PressureSensor.dir/opt/pico-sdk/src/rp2_common/pico_stdio/stdio.c.obj
                0x0000000020000cd8                PROVIDE (__mutex_array_end = .)
                0x0000000020000cd8                . = ALIGN (0x4)